Component: ARM Compiler 5.06 update 5 (build 528) Tool: armlink [4d35e2]

==============================================================================

Section Cross References

    main.o(i.advertising_init) refers to memseta.o(.text) for __aeabi_memclr4
    main.o(i.advertising_init) refers to ble_advertising.o(i.ble_advertising_init) for ble_advertising_init
    main.o(i.advertising_init) refers to app_error.o(i.app_error_handler) for app_error_handler
    main.o(i.advertising_init) refers to main.o(.data) for .data
    main.o(i.advertising_init) refers to main.o(i.on_adv_evt) for on_adv_evt
    main.o(i.assert_nrf_callback) refers to app_error.o(i.app_error_handler) for app_error_handler
    main.o(i.ble_evt_dispatch) refers to ble_conn_params.o(i.ble_conn_params_on_ble_evt) for ble_conn_params_on_ble_evt
    main.o(i.ble_evt_dispatch) refers to ble_nus.o(i.ble_nus_on_ble_evt) for ble_nus_on_ble_evt
    main.o(i.ble_evt_dispatch) refers to main.o(i.on_ble_evt) for on_ble_evt
    main.o(i.ble_evt_dispatch) refers to ble_advertising.o(i.ble_advertising_on_ble_evt) for ble_advertising_on_ble_evt
    main.o(i.ble_evt_dispatch) refers to bsp_btn_ble.o(i.bsp_btn_ble_on_ble_evt) for bsp_btn_ble_on_ble_evt
    main.o(i.ble_evt_dispatch) refers to main.o(.bss) for .bss
    main.o(i.ble_stack_init) refers to softdevice_handler.o(i.softdevice_handler_init) for softdevice_handler_init
    main.o(i.ble_stack_init) refers to app_error.o(i.app_error_handler) for app_error_handler
    main.o(i.ble_stack_init) refers to softdevice_handler.o(i.softdevice_sys_evt_handler_set) for softdevice_sys_evt_handler_set
    main.o(i.ble_stack_init) refers to softdevice_handler.o(i.softdevice_ble_evt_handler_set) for softdevice_ble_evt_handler_set
    main.o(i.ble_stack_init) refers to main.o(.bss) for .bss
    main.o(i.ble_stack_init) refers to main.o(i.sys_evt_dispatch) for sys_evt_dispatch
    main.o(i.ble_stack_init) refers to main.o(i.ble_evt_dispatch) for ble_evt_dispatch
    main.o(i.bsp_event_handler) refers to main.o(i.sleep_mode_enter) for sleep_mode_enter
    main.o(i.bsp_event_handler) refers to app_error.o(i.app_error_handler) for app_error_handler
    main.o(i.bsp_event_handler) refers to ble_advertising.o(i.ble_advertising_restart_without_whitelist) for ble_advertising_restart_without_whitelist
    main.o(i.bsp_event_handler) refers to main.o(.data) for .data
    main.o(i.charArrayToInt) refers to dflti.o(.text) for __aeabi_i2d
    main.o(i.charArrayToInt) refers to pow.o(i.pow) for pow
    main.o(i.charArrayToInt) refers to dmul.o(.text) for __aeabi_dmul
    main.o(i.charArrayToInt) refers to dadd.o(.text) for __aeabi_dadd
    main.o(i.charArrayToInt) refers to dfixi.o(.text) for __aeabi_d2iz
    main.o(i.conn_params_error_handler) refers to app_error.o(i.app_error_handler) for app_error_handler
    main.o(i.extractData) refers to main.o(i.charArrayToInt) for charArrayToInt
    main.o(i.extractData) refers to main.o(.data) for .data
    main.o(i.fds_read) refers to fds.o(i.fds_open) for fds_open
    main.o(i.fds_read) refers to fds.o(i.fds_close) for fds_close
    main.o(i.fds_read) refers to fds.o(i.fds_find) for fds_find
    main.o(i.fds_read) refers to main.o(.data) for .data
    main.o(i.main) refers to app_timer.o(i.app_timer_init) for app_timer_init
    main.o(i.main) refers to app_error.o(i.app_error_handler) for app_error_handler
    main.o(i.main) refers to app_uart_fifo.o(i.app_uart_init) for app_uart_init
    main.o(i.main) refers to bsp.o(i.bsp_init) for bsp_init
    main.o(i.main) refers to bsp_btn_ble.o(i.bsp_btn_ble_init) for bsp_btn_ble_init
    main.o(i.main) refers to main.o(i.ble_stack_init) for ble_stack_init
    main.o(i.main) refers to ble_nus.o(i.ble_nus_init) for ble_nus_init
    main.o(i.main) refers to main.o(i.advertising_init) for advertising_init
    main.o(i.main) refers to memseta.o(.text) for __aeabi_memclr4
    main.o(i.main) refers to ble_conn_params.o(i.ble_conn_params_init) for ble_conn_params_init
    main.o(i.main) refers to fds.o(i.fds_register) for fds_register
    main.o(i.main) refers to fds.o(i.fds_init) for fds_init
    main.o(i.main) refers to printf8.o(i.__0printf$8) for __2printf
    main.o(i.main) refers to nrf_delay.o(i.nrf_delay_ms) for nrf_delay_ms
    main.o(i.main) refers to main.o(i.retrieveData) for retrieveData
    main.o(i.main) refers to ble_advertising.o(i.ble_advertising_start) for ble_advertising_start
    main.o(i.main) refers to main.o(i.saveData) for saveData
    main.o(i.main) refers to main.o(.bss) for .bss
    main.o(i.main) refers to main.o(.constdata) for .constdata
    main.o(i.main) refers to main.o(i.uart_event_handle) for uart_event_handle
    main.o(i.main) refers to main.o(i.bsp_event_handler) for bsp_event_handler
    main.o(i.main) refers to main.o(i.nus_data_handler) for nus_data_handler
    main.o(i.main) refers to main.o(i.on_conn_params_evt) for on_conn_params_evt
[...]
    i.fs_erase                               0x0001af78   Section        0  fstorage.o(i.fs_erase)
    i.fs_init                                0x0001afd0   Section        0  fstorage.o(i.fs_init)
    i.fs_store                               0x0001b058   Section        0  fstorage.o(i.fs_store)
    i.fs_sys_event_handler                   0x0001b0ac   Section        0  fstorage.o(i.fs_sys_event_handler)
    i.gc_copy_record                         0x0001b120   Section        0  fds.o(i.gc_copy_record)
    gc_copy_record                           0x0001b121   Thumb Code    62  fds.o(i.gc_copy_record)
    i.gc_execute                             0x0001b168   Section        0  fds.o(i.gc_execute)
    gc_execute                               0x0001b169   Thumb Code   118  fds.o(i.gc_execute)
    i.gc_new_swap_page                       0x0001b1e8   Section        0  fds.o(i.gc_new_swap_page)
    gc_new_swap_page                         0x0001b1e9   Thumb Code    68  fds.o(i.gc_new_swap_page)
    i.gc_page                                0x0001b234   Section        0  fds.o(i.gc_page)
    gc_page                                  0x0001b235   Thumb Code    80  fds.o(i.gc_page)
    i.gc_seek_record                         0x0001b294   Section        0  fds.o(i.gc_seek_record)
    gc_seek_record                           0x0001b295   Thumb Code    98  fds.o(i.gc_seek_record)
    i.gpiote_event_handler                   0x0001b2fc   Section        0  app_button.o(i.gpiote_event_handler)
    gpiote_event_handler                     0x0001b2fd   Thumb Code    72  app_button.o(i.gpiote_event_handler)
    i.header_is_valid                        0x0001b34c   Section        0  fds.o(i.header_is_valid)
    header_is_valid                          0x0001b34d   Thumb Code    22  fds.o(i.header_is_valid)
    i.init_execute                           0x0001b368   Section        0  fds.o(i.init_execute)
    init_execute                             0x0001b369   Thumb Code   140  fds.o(i.init_execute)
    i.intern_softdevice_events_execute       0x0001b400   Section        0  softdevice_handler.o(i.intern_softdevice_events_execute)
    i.is_conn_params_ok                      0x0001b480   Section        0  ble_conn_params.o(i.is_conn_params_ok)
    is_conn_params_ok                        0x0001b481   Thumb Code    24  ble_conn_params.o(i.is_conn_params_ok)
    i.is_manual_peripheral_setup_needed      0x0001b49c   Section        0  system_nrf51.o(i.is_manual_peripheral_setup_needed)
    is_manual_peripheral_setup_needed        0x0001b49d   Thumb Code    66  system_nrf51.o(i.is_manual_peripheral_setup_needed)
    i.is_word_aligned                        0x0001b4e4   Section        0  fds.o(i.is_word_aligned)
    is_word_aligned                          0x0001b4e5   Thumb Code    12  fds.o(i.is_word_aligned)
    i.le_role_encode                         0x0001b4f0   Section        0  ble_advdata.o(i.le_role_encode)
    le_role_encode                           0x0001b4f1   Thumb Code    84  ble_advdata.o(i.le_role_encode)
    i.leds_timer_handler                     0x0001b544   Section        0  bsp.o(i.leds_timer_handler)
    leds_timer_handler                       0x0001b545   Thumb Code    18  bsp.o(i.leds_timer_handler)
    i.list_deletions_handler                 0x0001b55c   Section        0  app_timer.o(i.list_deletions_handler)
    list_deletions_handler                   0x0001b55d   Thumb Code   180  app_timer.o(i.list_deletions_handler)
    i.list_insertions_handler                0x0001b618   Section        0  app_timer.o(i.list_insertions_handler)
    list_insertions_handler                  0x0001b619   Thumb Code   202  app_timer.o(i.list_insertions_handler)
    i.main                                   0x0001b6ec   Section        0  main.o(i.main)
    i.manuf_specific_data_encode             0x0001b96c   Section        0  ble_advdata.o(i.manuf_specific_data_encode)
    manuf_specific_data_encode               0x0001b96d   Thumb Code   104  ble_advdata.o(i.manuf_specific_data_encode)
    i.name_encode                            0x0001b9d4   Section        0  ble_advdata.o(i.name_encode)
    name_encode                              0x0001b9d5   Thumb Code   158  ble_advdata.o(i.name_encode)
    i.nrf_delay_ms                           0x0001ba74   Section        0  nrf_delay.o(i.nrf_delay_ms)
    i.nrf_drv_common_irq_enable              0x0001ba90   Section        0  nrf_drv_common.o(i.nrf_drv_common_irq_enable)
    i.nrf_drv_gpiote_in_event_enable         0x0001baf0   Section        0  nrf_drv_gpiote.o(i.nrf_drv_gpiote_in_event_enable)
    i.nrf_drv_gpiote_in_init                 0x0001bb90   Section        0  nrf_drv_gpiote.o(i.nrf_drv_gpiote_in_init)
    i.nrf_drv_gpiote_in_is_set               0x0001bc34   Section        0  nrf_drv_gpiote.o(i.nrf_drv_gpiote_in_is_set)
    i.nrf_drv_gpiote_init                    0x0001bc48   Section        0  nrf_drv_gpiote.o(i.nrf_drv_gpiote_init)
    i.nrf_drv_gpiote_is_init                 0x0001bc9c   Section        0  nrf_drv_gpiote.o(i.nrf_drv_gpiote_is_init)
    i.nrf_drv_uart_init                      0x0001bcac   Section        0  nrf_drv_uart.o(i.nrf_drv_uart_init)
    i.nrf_drv_uart_rx                        0x0001bd5c   Section        0  nrf_drv_uart.o(i.nrf_drv_uart_rx)
    i.nrf_drv_uart_rx_enable                 0x0001be10   Section        0  nrf_drv_uart.o(i.nrf_drv_uart_rx_enable)
    i.nrf_drv_uart_tx                        0x0001be28   Section        0  nrf_drv_uart.o(i.nrf_drv_uart_tx)
    i.nrf_gpio_cfg                           0x0001beb4   Section        0  nrf_drv_gpiote.o(i.nrf_gpio_cfg)
    nrf_gpio_cfg                             0x0001beb5   Thumb Code    32  nrf_drv_gpiote.o(i.nrf_gpio_cfg)
    i.nrf_gpio_cfg                           0x0001bed8   Section        0  nrf_drv_uart.o(i.nrf_gpio_cfg)
    nrf_gpio_cfg                             0x0001bed9   Thumb Code    32  nrf_drv_uart.o(i.nrf_gpio_cfg)
    i.nrf_gpio_cfg_input                     0x0001befc   Section        0  nrf_drv_uart.o(i.nrf_gpio_cfg_input)
    nrf_gpio_cfg_input                       0x0001befd   Thumb Code    18  nrf_drv_uart.o(i.nrf_gpio_cfg_input)
    i.nrf_gpio_cfg_output                    0x0001bf0e   Section        0  nrf_drv_uart.o(i.nrf_gpio_cfg_output)
    nrf_gpio_cfg_output                      0x0001bf0f   Thumb Code    20  nrf_drv_uart.o(i.nrf_gpio_cfg_output)
    i.nrf_gpio_cfg_sense_set                 0x0001bf24   Section        0  nrf_drv_gpiote.o(i.nrf_gpio_cfg_sense_set)
    nrf_gpio_cfg_sense_set                   0x0001bf25   Thumb Code    26  nrf_drv_gpiote.o(i.nrf_gpio_cfg_sense_set)
    i.nrf_gpiote_event_is_set                0x0001bf44   Section        0  nrf_drv_gpiote.o(i.nrf_gpiote_event_is_set)
    nrf_gpiote_event_is_set                  0x0001bf45   Thumb Code    14  nrf_drv_gpiote.o(i.nrf_gpiote_event_is_set)
    i.nrf_uart_event_check                   0x0001bf58   Section        0  nrf_drv_uart.o(i.nrf_uart_event_check)
    nrf_uart_event_check                     0x0001bf59   Thumb Code    10  nrf_drv_uart.o(i.nrf_uart_event_check)
    i.nrf_uart_int_enable_check              0x0001bf62   Section        0  nrf_drv_uart.o(i.nrf_uart_int_enable_check)
    nrf_uart_int_enable_check                0x0001bf63   Thumb Code    16  nrf_drv_uart.o(i.nrf_uart_int_enable_check)
    i.nus_data_handler                       0x0001bf74   Section        0  main.o(i.nus_data_handler)
    nus_data_handler                         0x0001bf75   Thumb Code    44  main.o(i.nus_data_handler)
    i.on_adv_evt                             0x0001bfa4   Section        0  main.o(i.on_adv_evt)
    on_adv_evt                               0x0001bfa5   Thumb Code    36  main.o(i.on_adv_evt)
    i.on_ble_evt                             0x0001bfc8   Section        0  main.o(i.on_ble_evt)
    on_ble_evt                               0x0001bfc9   Thumb Code   126  main.o(i.on_ble_evt)
    i.on_conn_params_evt                     0x0001c05c   Section        0  main.o(i.on_conn_params_evt)
    on_conn_params_evt                       0x0001c05d   Thumb Code    30  main.o(i.on_conn_params_evt)
    i.page_from_virtual_id                   0x0001c080   Section        0  fds.o(i.page_from_virtual_id)
    page_from_virtual_id                     0x0001c081   Thumb Code    38  fds.o(i.page_from_virtual_id)
    i.page_id_from_virtual_id                0x0001c0ac   Section        0  fds.o(i.page_id_from_virtual_id)
    page_id_from_virtual_id                  0x0001c0ad   Thumb Code    34  fds.o(i.page_id_from_virtual_id)
    i.page_tag_write_swap                    0x0001c0d4   Section        0  fds.o(i.page_tag_write_swap)
    page_tag_write_swap                      0x0001c0d5   Thumb Code    20  fds.o(i.page_tag_write_swap)
    i.page_tag_write_valid                   0x0001c0f4   Section        0  fds.o(i.page_tag_write_valid)
    page_tag_write_valid                     0x0001c0f5   Thumb Code    20  fds.o(i.page_tag_write_valid)
    i.pages_init                             0x0001c114   Section        0  fds.o(i.pages_init)
    pages_init                               0x0001c115   Thumb Code   300  fds.o(i.pages_init)
    i.peer_address_exists                    0x0001c260   Section        0  ble_advertising.o(i.peer_address_exists)
    peer_address_exists                      0x0001c261   Thumb Code    22  ble_advertising.o(i.peer_address_exists)
    i.pin_in_use_by_port                     0x0001c278   Section        0  nrf_drv_gpiote.o(i.pin_in_use_by_port)
    pin_in_use_by_port                       0x0001c279   Thumb Code    20  nrf_drv_gpiote.o(i.pin_in_use_by_port)
    i.pin_in_use_by_te                       0x0001c290   Section        0  nrf_drv_gpiote.o(i.pin_in_use_by_te)
    pin_in_use_by_te                         0x0001c291   Thumb Code    20  nrf_drv_gpiote.o(i.pin_in_use_by_te)
    i.pow                                    0x0001c2a8   Section        0  pow.o(i.pow)
    i.pstorage_access_status_get             0x0001cca4   Section        0  pstorage.o(i.pstorage_access_status_get)
    i.queue_process                          0x0001cccc   Section        0  fstorage.o(i.queue_process)
    queue_process                            0x0001cccd   Thumb Code    76  fstorage.o(i.queue_process)
    i.queue_process_impl                     0x0001cd20   Section        0  fstorage.o(i.queue_process_impl)
    queue_process_impl                       0x0001cd21   Thumb Code    78  fstorage.o(i.queue_process_impl)
    i.queue_reserve                          0x0001cd74   Section        0  fds.o(i.queue_reserve)
    queue_reserve                            0x0001cd75   Thumb Code   114  fds.o(i.queue_reserve)
    i.retrieveData                           0x0001cdec   Section        0  main.o(i.retrieveData)
    retrieveData                             0x0001cded   Thumb Code    70  main.o(i.retrieveData)
    i.rtc1_stop                              0x0001ce54   Section        0  app_timer.o(i.rtc1_stop)
    rtc1_stop                                0x0001ce55   Thumb Code    50  app_timer.o(i.rtc1_stop)
    i.rx_byte                                0x0001ce98   Section        0  nrf_drv_uart.o(i.rx_byte)
    rx_byte                                  0x0001ce99   Thumb Code    30  nrf_drv_uart.o(i.rx_byte)
    i.rx_char_add                            0x0001cec4   Section        0  ble_nus.o(i.rx_char_add)
    rx_char_add                              0x0001cec5   Thumb Code   158  ble_nus.o(i.rx_char_add)
    i.rx_done_event                          0x0001cf64   Section        0  nrf_drv_uart.o(i.rx_done_event)
    rx_done_event                            0x0001cf65   Thumb Code    28  nrf_drv_uart.o(i.rx_done_event)
    i.rx_enable                              0x0001cf84   Section        0  nrf_drv_uart.o(i.rx_enable)
    rx_enable                                0x0001cf85   Thumb Code    22  nrf_drv_uart.o(i.rx_enable)
    i.saveData                               0x0001cfa0   Section        0  main.o(i.saveData)
    saveData                                 0x0001cfa1   Thumb Code   306  main.o(i.saveData)
    i.seek_record                            0x0001d160   Section        0  fds.o(i.seek_record)
    seek_record                              0x0001d161   Thumb Code   146  fds.o(i.seek_record)
    i.service_data_encode                    0x0001d200   Section        0  ble_advdata.o(i.service_data_encode)
    service_data_encode                      0x0001d201   Thumb Code   142  ble_advdata.o(i.service_data_encode)
    i.sleep_mode_enter                       0x0001d28e   Section        0  main.o(i.sleep_mode_enter)
    sleep_mode_enter                         0x0001d28f   Thumb Code    52  main.o(i.sleep_mode_enter)
    i.softdevice_assertion_handler           0x0001d2c2   Section        0  softdevice_handler.o(i.softdevice_assertion_handler)
    i.softdevice_ble_evt_handler_set         0x0001d2d0   Section        0  softdevice_handler.o(i.softdevice_ble_evt_handler_set)
    i.softdevice_handler_init                0x0001d2e4   Section        0  softdevice_handler.o(i.softdevice_handler_init)
    i.softdevice_sys_evt_handler_set         0x0001d314   Section        0  softdevice_handler.o(i.softdevice_sys_evt_handler_set)
    i.sqrt                                   0x0001d328   Section        0  sqrt.o(i.sqrt)
    i.store_execute                          0x0001d370   Section        0  fds.o(i.store_execute)
    store_execute                            0x0001d371   Thumb Code   272  fds.o(i.store_execute)
    i.sys_evt_dispatch                       0x0001d48c   Section        0  main.o(i.sys_evt_dispatch)
    sys_evt_dispatch                         0x0001d48d   Thumb Code    16  main.o(i.sys_evt_dispatch)
    i.timer_list_handler                     0x0001d49c   Section        0  app_timer.o(i.timer_list_handler)
    timer_list_handler                       0x0001d49d   Thumb Code   128  app_timer.o(i.timer_list_handler)
    i.timer_list_handler_sched               0x0001d520   Section        0  app_timer.o(i.timer_list_handler_sched)
    timer_list_handler_sched                 0x0001d521   Thumb Code    10  app_timer.o(i.timer_list_handler_sched)
    i.timer_list_insert                      0x0001d530   Section        0  app_timer.o(i.timer_list_insert)
    timer_list_insert                        0x0001d531   Thumb Code    60  app_timer.o(i.timer_list_insert)
    i.timer_timeouts_check                   0x0001d570   Section        0  app_timer.o(i.timer_timeouts_check)
    timer_timeouts_check                     0x0001d571   Thumb Code   122  app_timer.o(i.timer_timeouts_check)
    i.tx_byte                                0x0001d5f4   Section        0  nrf_drv_uart.o(i.tx_byte)
    tx_byte                                  0x0001d5f5   Thumb Code    30  nrf_drv_uart.o(i.tx_byte)
    i.tx_char_add                            0x0001d620   Section        0  ble_nus.o(i.tx_char_add)
    tx_char_add                              0x0001d621   Thumb Code   128  ble_nus.o(i.tx_char_add)
    i.tx_done_event                          0x0001d6a0   Section        0  nrf_drv_uart.o(i.tx_done_event)
    tx_done_event                            0x0001d6a1   Thumb Code    26  nrf_drv_uart.o(i.tx_done_event)
    i.uart_event_handle                      0x0001d6c0   Section        0  main.o(i.uart_event_handle)
    i.uart_event_handler                     0x0001d728   Section        0  app_uart_fifo.o(i.uart_event_handler)
    uart_event_handler                       0x0001d729   Thumb Code   156  app_uart_fifo.o(i.uart_event_handler)
    i.uint16_encode                          0x0001d7cc   Section        0  ble_advdata.o(i.uint16_encode)
    uint16_encode                            0x0001d7cd   Thumb Code    10  ble_advdata.o(i.uint16_encode)
    i.update_timeout_handler                 0x0001d7d8   Section        0  ble_conn_params.o(i.update_timeout_handler)
    update_timeout_handler                   0x0001d7d9   Thumb Code    86  ble_conn_params.o(i.update_timeout_handler)
    i.user_id_get                            0x0001d83c   Section        0  app_timer.o(i.user_id_get)
    user_id_get                              0x0001d83d   Thumb Code    74  app_timer.o(i.user_id_get)
    i.user_op_alloc                          0x0001d890   Section        0  app_timer.o(i.user_op_alloc)
    user_op_alloc                            0x0001d891   Thumb Code    38  app_timer.o(i.user_op_alloc)
    i.uuid_list_encode                       0x0001d8b6   Section        0  ble_advdata.o(i.uuid_list_encode)
    uuid_list_encode                         0x0001d8b7   Thumb Code    48  ble_advdata.o(i.uuid_list_encode)
    i.uuid_list_sized_encode                 0x0001d8e6   Section        0  ble_advdata.o(i.uuid_list_sized_encode)
    uuid_list_sized_encode                   0x0001d8e7   Thumb Code   174  ble_advdata.o(i.uuid_list_sized_encode)
    i.whitelist_has_entries                  0x0001d994   Section        0  ble_advertising.o(i.whitelist_has_entries)
    whitelist_has_entries                    0x0001d995   Thumb Code    16  ble_advertising.o(i.whitelist_has_entries)
    i.write_enqueue                          0x0001d9a4   Section        0  fds.o(i.write_enqueue)
    write_enqueue                            0x0001d9a5   Thumb Code   332  fds.o(i.write_enqueue)
    i.write_space_reserve                    0x0001dafc   Section        0  fds.o(i.write_space_reserve)
    write_space_reserve                      0x0001dafd   Thumb Code    80  fds.o(i.write_space_reserve)
    .constdata                               0x0001db50   Section       12  main.o(.constdata)
    .constdata                               0x0001db5c   Section       60  bsp.o(.constdata)
    m_leds_timer_id                          0x0001db5c   Data           4  bsp.o(.constdata)
    m_alert_timer_id                         0x0001db60   Data           4  bsp.o(.constdata)
    m_button_timer_id                        0x0001db64   Data           4  bsp.o(.constdata)
    m_buttons_list                           0x0001db68   Data          16  bsp.o(.constdata)
    app_buttons                              0x0001db78   Data          32  bsp.o(.constdata)
    .constdata                               0x0001db98   Section        4  ble_conn_params.o(.constdata)
    m_conn_params_timer_id                   0x0001db98   Data           4  ble_conn_params.o(.constdata)
    .constdata                               0x0001db9c   Section       16  ble_nus.o(.constdata)
    .constdata                               0x0001dbac   Section       32  app_uart_fifo.o(.constdata)
    .constdata                               0x0001dbcc   Section       32  nrf_drv_uart.o(.constdata)
    m_default_config                         0x0001dbcc   Data          32  nrf_drv_uart.o(.constdata)
    .constdata                               0x0001dbec   Section        8  app_button.o(.constdata)
    m_detection_delay_timer_id               0x0001dbec   Data           4  app_button.o(.constdata)
    .constdata                               0x0001dbf4   Section       44  fds.o(.constdata)
    fds_page_tag_gc                          0x0001dbf4   Data           4  fds.o(.constdata)
    m_fds_tl_invalid                         0x0001dbf8   Data           4  fds.o(.constdata)
    fds_page_tag_swap                        0x0001dc00   Data          16  fds.o(.constdata)
    fds_page_tag_valid                       0x0001dc10   Data          16  fds.o(.constdata)
    .constdata                               0x0001dc20   Section      136  pow.o(.constdata)
    bp                                       0x0001dc20   Data          16  pow.o(.constdata)
    dp_h                                     0x0001dc30   Data          16  pow.o(.constdata)
    dp_l                                     0x0001dc40   Data          16  pow.o(.constdata)
    L                                        0x0001dc50   Data          48  pow.o(.constdata)
    P                                        0x0001dc80   Data          40  pow.o(.constdata)
    .constdata                               0x0001dca8   Section        8  qnan.o(.constdata)
    .data                                    0x20002000   Section      188  main.o(.data)
    updateReceived                           0x20002000   Data           1  main.o(.data)
    saveUpdates                              0x20002001   Data           1  main.o(.data)
    existingRecord                           0x20002002   Data           1  main.o(.data)
    index                                    0x20002003   Data           1  main.o(.data)
    m_conn_handle                            0x20002004   Data           2  main.o(.data)
    sampleResult                             0x20002008   Data           4  main.o(.data)
    m_adv_uuids                              0x2000200c   Data           4  main.o(.data)
    savedData                                0x20002010   Data           4  main.o(.data)
    command                                  0x20002014   Data           6  main.o(.data)
    defaultSettings                          0x2000201c   Data          40  main.o(.data)
    instance                                 0x2000206c   Data          40  main.o(.data)
    type                                     0x20002094   Data          40  main.o(.data)
    .data                                    0x200020bc   Section       24  bsp.o(.data)
    m_stable_state                           0x200020bc   Data           1  bsp.o(.data)
    current_long_push_pin_no                 0x200020bd   Data           1  bsp.o(.data)
    m_app_ticks_per_100ms                    0x200020c0   Data           4  bsp.o(.data)
    m_indication_type                        0x200020c4   Data           4  bsp.o(.data)
    m_alert_mask                             0x200020c8   Data           4  bsp.o(.data)
    m_registered_callback                    0x200020cc   Data           4  bsp.o(.data)
    release_event_at_push                    0x200020d0   Data           4  bsp.o(.data)
    .data                                    0x200020d4   Section        8  bsp_btn_ble.o(.data)
    m_error_handler                          0x200020d4   Data           4  bsp_btn_ble.o(.data)
    m_num_connections                        0x200020d8   Data           4  bsp_btn_ble.o(.data)
    .data                                    0x200020dc   Section       31  ble_advertising.o(.data)
    m_advertising_start_pending              0x200020dc   Data           1  ble_advertising.o(.data)
    m_whitelist_temporarily_disabled         0x200020dd   Data           1  ble_advertising.o(.data)
    m_whitelist_reply_expected               0x200020de   Data           1  ble_advertising.o(.data)
    m_peer_addr_reply_expected               0x200020df   Data           1  ble_advertising.o(.data)
    m_adv_evt                                0x200020e0   Data           1  ble_advertising.o(.data)
    m_adv_mode_current                       0x200020e1   Data           1  ble_advertising.o(.data)
    m_tx_power_level                         0x200020e2   Data           1  ble_advertising.o(.data)
    current_slave_link_conn_handle           0x200020e4   Data           2  ble_advertising.o(.data)
    m_evt_handler                            0x200020e8   Data           4  ble_advertising.o(.data)
    m_error_handler                          0x200020ec   Data           4  ble_advertising.o(.data)
    m_slave_conn_int                         0x200020f0   Data           4  ble_advertising.o(.data)
    m_peer_address                           0x200020f4   Data           7  ble_advertising.o(.data)
    .data                                    0x200020fc   Section       20  ble_conn_params.o(.data)
    m_change_param                           0x200020fc   Data           1  ble_conn_params.o(.data)
    m_update_count                           0x200020fd   Data           1  ble_conn_params.o(.data)
    m_conn_handle                            0x200020fe   Data           2  ble_conn_params.o(.data)
    m_preferred_conn_params                  0x20002100   Data           8  ble_conn_params.o(.data)
    m_current_conn_params                    0x20002108   Data           8  ble_conn_params.o(.data)
    .data                                    0x20002110   Section        8  app_uart_fifo.o(.data)
    tx_buffer                                0x20002110   Data           1  app_uart_fifo.o(.data)
    tx_tmp                                   0x20002111   Data           1  app_uart_fifo.o(.data)
    rx_buffer                                0x20002112   Data           1  app_uart_fifo.o(.data)
    m_event_handler                          0x20002114   Data           4  app_uart_fifo.o(.data)
    .data                                    0x20002118   Section       36  pstorage.o(.data)
    m_state                                  0x20002118   Data           1  pstorage.o(.data)
    m_swap_sub_state                         0x20002119   Data           1  pstorage.o(.data)
    m_next_app_instance                      0x2000211a   Data           2  pstorage.o(.data)
    m_flags                                  0x2000211c   Data           4  pstorage.o(.data)
    m_next_page_addr                         0x20002120   Data           4  pstorage.o(.data)
    m_head_word_size                         0x20002124   Data           4  pstorage.o(.data)
    m_tail_word_size                         0x20002128   Data           4  pstorage.o(.data)
    m_current_page_id                        0x2000212c   Data           4  pstorage.o(.data)
    m_num_of_command_retries                 0x20002130   Data           4  pstorage.o(.data)
    m_num_of_bytes_written                   0x20002134   Data           4  pstorage.o(.data)
    m_app_data_size                          0x20002138   Data           4  pstorage.o(.data)
    .data                                    0x2000213c   Section       20  app_button.o(.data)
    m_button_count                           0x2000213c   Data           1  app_button.o(.data)
    mp_buttons                               0x20002140   Data           4  app_button.o(.data)
    m_detection_delay                        0x20002144   Data           4  app_button.o(.data)
    m_pin_state                              0x20002148   Data           4  app_button.o(.data)
    m_pin_transition                         0x2000214c   Data           4  app_button.o(.data)
    .data                                    0x20002150   Section       32  app_timer.o(.data)
    m_user_array_size                        0x20002150   Data           1  app_timer.o(.data)
    m_ticks_elapsed_q_read_ind               0x20002151   Data           1  app_timer.o(.data)
    m_ticks_elapsed_q_write_ind              0x20002152   Data           1  app_timer.o(.data)
    m_rtc1_running                           0x20002153   Data           1  app_timer.o(.data)
    m_rtc1_reset                             0x20002154   Data           1  app_timer.o(.data)
    mp_users                                 0x20002158   Data           4  app_timer.o(.data)
    mp_timer_id_head                         0x2000215c   Data           4  app_timer.o(.data)
    m_ticks_latest                           0x20002160   Data           4  app_timer.o(.data)
    m_evt_schedule_func                      0x20002164   Data           4  app_timer.o(.data)
    m_ticks_elapsed                          0x20002168   Data           8  app_timer.o(.data)
    .data                                    0x20002170   Section        4  retarget.o(.data)
    .data                                    0x20002174   Section       12  fds.o(.data)
    m_swap_page_avail                        0x20002174   Data           1  fds.o(.data)
    m_flags                                  0x20002175   Data           1  fds.o(.data)
    m_users                                  0x20002176   Data           1  fds.o(.data)
    m_counter                                0x20002177   Data           1  fds.o(.data)
    m_gc_runs                                0x20002178   Data           2  fds.o(.data)
    m_last_rec_id                            0x2000217c   Data           4  fds.o(.data)
    .data                                    0x20002180   Section        4  fstorage.o(.data)
    m_flags                                  0x20002180   Data           1  fstorage.o(.data)
    m_retry_count                            0x20002182   Data           2  fstorage.o(.data)
    .data                                    0x20002184   Section       20  softdevice_handler.o(.data)
    m_softdevice_enabled                     0x20002184   Data           1  softdevice_handler.o(.data)
    m_ble_evt_buffer_size                    0x20002186   Data           2  softdevice_handler.o(.data)
    m_evt_schedule_func                      0x20002188   Data           4  softdevice_handler.o(.data)
    mp_ble_evt_buffer                        0x2000218c   Data           4  softdevice_handler.o(.data)
    m_ble_evt_handler                        0x20002190   Data           4  softdevice_handler.o(.data)
    m_sys_evt_handler                        0x20002194   Data           4  softdevice_handler.o(.data)
    .data                                    0x20002198   Section        4  system_nrf51.o(.data)
    __tagsym$$used                           0x20002198   Number         0  system_nrf51.o(.data)
    .data                                    0x2000219c   Section        4  errno.o(.data)
    _errno                                   0x2000219c   Data           4  errno.o(.data)
    fs_data                                  0x200021a0   Section       16  fds.o(fs_data)
    __tagsym$$used                           0x200021a0   Number         0  fds.o(fs_data)
    fs_config                                0x200021a0   Data          16  fds.o(fs_data)
    .bss                                     0x200021b0   Section     1088  main.o(.bss)
    BLE_EVT_BUFFER                           0x200021b0   Data          72  main.o(.bss)
    data_array                               0x200021f8   Data          20  main.o(.bss)
    rx_buf                                   0x2000220c   Data         256  main.o(.bss)
    tx_buf                                   0x2000230c   Data         256  main.o(.bss)
    APP_TIMER_BUF                            0x2000240c   Data         456  main.o(.bss)
    m_nus                                    0x200025d4   Data          28  main.o(.bss)
    .bss                                     0x200025f0   Section       32  bsp.o(.bss)
    m_leds_timer_id_data                     0x200025f0   Data          32  bsp.o(.bss)
    .bss                                     0x20002610   Section       32  bsp.o(.bss)
    m_alert_timer_id_data                    0x20002610   Data          32  bsp.o(.bss)
    .bss                                     0x20002630   Section       12  bsp.o(.bss)
    m_events_list                            0x20002630   Data          12  bsp.o(.bss)
    .bss                                     0x2000263c   Section       32  bsp.o(.bss)
    m_button_timer_id_data                   0x2000263c   Data          32  bsp.o(.bss)
    .bss                                     0x2000265c   Section      259  ble_advertising.o(.bss)
    m_advdata                                0x2000265c   Data          56  ble_advertising.o(.bss)
    m_adv_modes_config                       0x20002694   Data          36  ble_advertising.o(.bss)
    m_whitelist                              0x200026b8   Data          16  ble_advertising.o(.bss)
    mp_whitelist_addr                        0x200026c8   Data          32  ble_advertising.o(.bss)
    mp_whitelist_irk                         0x200026e8   Data          32  ble_advertising.o(.bss)
    m_manuf_specific_data                    0x20002708   Data          12  ble_advertising.o(.bss)
    m_manuf_data_array                       0x20002714   Data          31  ble_advertising.o(.bss)
    m_service_data                           0x20002734   Data          12  ble_advertising.o(.bss)
    m_service_data_array                     0x20002740   Data          31  ble_advertising.o(.bss)
    .bss                                     0x20002760   Section       32  ble_conn_params.o(.bss)
    m_conn_params_timer_id_data              0x20002760   Data          32  ble_conn_params.o(.bss)
    .bss                                     0x20002780   Section       28  ble_conn_params.o(.bss)
    m_conn_params_config                     0x20002780   Data          28  ble_conn_params.o(.bss)
    .bss                                     0x2000279c   Section       32  app_uart_fifo.o(.bss)
    m_rx_fifo                                0x2000279c   Data          16  app_uart_fifo.o(.bss)
    m_tx_fifo                                0x200027ac   Data          16  app_uart_fifo.o(.bss)
    .bss                                     0x200027bc   Section       72  nrf_drv_gpiote.o(.bss)
    m_cb                                     0x200027bc   Data          72  nrf_drv_gpiote.o(.bss)
    .bss                                     0x20002804   Section       24  nrf_drv_uart.o(.bss)
    m_cb                                     0x20002804   Data          24  nrf_drv_uart.o(.bss)
    .bss                                     0x2000281c   Section      216  pstorage.o(.bss)
    m_cmd_queue                              0x2000281c   Data         204  pstorage.o(.bss)
    m_app_table                              0x200028e8   Data          12  pstorage.o(.bss)
    .bss                                     0x200028f4   Section       32  app_button.o(.bss)
    m_detection_delay_timer_id_data          0x200028f4   Data          32  app_button.o(.bss)
    .bss                                     0x20002914   Section      328  fds.o(.bss)
    tok                                      0x20002914   Data          12  fds.o(.bss)
    m_cb_table                               0x20002920   Data          40  fds.o(.bss)
    m_cmd_queue                              0x20002948   Data         164  fds.o(.bss)
    m_chunk_queue                            0x200029ec   Data          68  fds.o(.bss)
    m_pages                                  0x20002a30   Data          32  fds.o(.bss)
    m_gc                                     0x20002a50   Data          12  fds.o(.bss)
    .bss                                     0x20002a5c   Section      164  fstorage.o(.bss)
    m_cmd_queue                              0x20002a5c   Data         164  fstorage.o(.bss)
    STACK                                    0x20002b00   Section     2048  arm_startup_nrf51.o(STACK)

    Global Symbols

    Symbol Name                              Value     Ov Type        Size  Object(Section)

    BuildAttributes$$THM_ISAv3M$S$PE$A:L22$X:L11$S22$IEEE1$IW$USESV6$~STKCKD$USESV7$~SHL$OTIME$ROPI$IEEEX$EBA8$MICROLIB$REQ8$PRES8$EABIv2 0x00000000   Number         0  anon$$obj.o ABSOLUTE
    __ARM_use_no_argv                        0x00000000   Number         0  main.o ABSOLUTE
    _printf_a                                0x00000000   Number         0  stubs.o ABSOLUTE
    _printf_c                                0x00000000   Number         0  stubs.o ABSOLUTE
    _printf_charcount                        0x00000000   Number         0  stubs.o ABSOLUTE
    _printf_d                                0x00000000   Number         0  stubs.o ABSOLUTE
    _printf_e                                0x00000000   Number         0  stubs.o ABSOLUTE
    _printf_f                                0x00000000   Number         0  stubs.o ABSOLUTE
    _printf_flags                            0x00000000   Number         0  stubs.o ABSOLUTE
    _printf_fp_dec                           0x00000000   Number         0  stubs.o ABSOLUTE
    _printf_fp_hex                           0x00000000   Number         0  stubs.o ABSOLUTE
    _printf_g                                0x00000000   Number         0  stubs.o ABSOLUTE
    _printf_i                                0x00000000   Number         0  stubs.o ABSOLUTE
    _printf_int_dec                          0x00000000   Number         0  stubs.o ABSOLUTE
    _printf_l                                0x00000000   Number         0  stubs.o ABSOLUTE
    _printf_lc                               0x00000000   Number         0  stubs.o ABSOLUTE
    _printf_ll                               0x00000000   Number         0  stubs.o ABSOLUTE
    _printf_lld                              0x00000000   Number         0  stubs.o ABSOLUTE
    _printf_lli                              0x00000000   Number         0  stubs.o ABSOLUTE
    _printf_llo                              0x00000000   Number         0  stubs.o ABSOLUTE
    _printf_llu                              0x00000000   Number         0  stubs.o ABSOLUTE
    _printf_llx                              0x00000000   Number         0  stubs.o ABSOLUTE
    _printf_longlong_dec                     0x00000000   Number         0  stubs.o ABSOLUTE
    _printf_longlong_hex                     0x00000000   Number         0  stubs.o ABSOLUTE
    _printf_longlong_oct                     0x00000000   Number         0  stubs.o ABSOLUTE
    _printf_ls                               0x00000000   Number         0  stubs.o ABSOLUTE
    _printf_mbtowc                           0x00000000   Number         0  stubs.o ABSOLUTE
    _printf_n                                0x00000000   Number         0  stubs.o ABSOLUTE
    _printf_o                                0x00000000   Number         0  stubs.o ABSOLUTE
    _printf_p                                0x00000000   Number         0  stubs.o ABSOLUTE
    _printf_percent                          0x00000000   Number         0  stubs.o ABSOLUTE
    _printf_pre_padding                      0x00000000   Number         0  stubs.o ABSOLUTE
    _printf_return_value                     0x00000000   Number         0  stubs.o ABSOLUTE
    _printf_s                                0x00000000   Number         0  stubs.o ABSOLUTE
    _printf_sizespec                         0x00000000   Number         0  stubs.o ABSOLUTE
    _printf_str                              0x00000000   Number         0  stubs.o ABSOLUTE
    _printf_truncate_signed                  0x00000000   Number         0  stubs.o ABSOLUTE
    _printf_truncate_unsigned                0x00000000   Number         0  stubs.o ABSOLUTE
    _printf_u                                0x00000000   Number         0  stubs.o ABSOLUTE
    _printf_wc                               0x00000000   Number         0  stubs.o ABSOLUTE
    _printf_wctomb                           0x00000000   Number         0  stubs.o ABSOLUTE
    _printf_widthprec                        0x00000000   Number         0  stubs.o ABSOLUTE
    _printf_x                                0x00000000   Number         0  stubs.o ABSOLUTE
    __cpp_initialize__aeabi_                  - Undefined Weak Reference
    __cxa_finalize                            - Undefined Weak Reference
    _clock_init                               - Undefined Weak Reference
    _microlib_exit                            - Undefined Weak Reference
    __Vectors_Size                           0x000000c0   Number         0  arm_startup_nrf51.o ABSOLUTE
    __Vectors                                0x00018000   Data           4  arm_startup_nrf51.o(RESET)
    __Vectors_End                            0x000180c0   Data           0  arm_startup_nrf51.o(RESET)
    __main                                   0x000180c1   Thumb Code     0  entry.o(.ARM.Collect$$$$00000000)
    _main_stk                                0x000180c1   Thumb Code     0  entry2.o(.ARM.Collect$$$$00000001)
    _main_scatterload                        0x000180c5   Thumb Code     0  entry5.o(.ARM.Collect$$$$00000004)
    __main_after_scatterload                 0x000180c9   Thumb Code     0  entry5.o(.ARM.Collect$$$$00000004)
    _main_clock                              0x000180c9   Thumb Code     0  entry7b.o(.ARM.Collect$$$$00000008)
    _main_cpp_init                           0x000180c9   Thumb Code     0  entry8b.o(.ARM.Collect$$$$0000000A)
    _main_init                               0x000180c9   Thumb Code     0  entry9a.o(.ARM.Collect$$$$0000000B)
    __rt_final_cpp                           0x000180d1   Thumb Code     0  entry10a.o(.ARM.Collect$$$$0000000D)
    __rt_final_exit                          0x000180d1   Thumb Code     0  entry11a.o(.ARM.Collect$$$$0000000F)
    __asm___11_nrf_delay_c_532987f3__nrf_delay_us 0x000180d5   Thumb Code    30  nrf_delay.o(.emb_text)
    __asm___11_app_timer_c_cd27f9c3__nrf_delay_us 0x000180f5   Thumb Code    30  app_timer.o(.emb_text)
    Reset_Handler                            0x00018115   Thumb Code    26  arm_startup_nrf51.o(.text)
    NMI_Handler                              0x0001812f   Thumb Code     2  arm_startup_nrf51.o(.text)
    HardFault_Handler                        0x00018131   Thumb Code     2  arm_startup_nrf51.o(.text)
    SVC_Handler                              0x00018133   Thumb Code     2  arm_startup_nrf51.o(.text)
    PendSV_Handler                           0x00018135   Thumb Code     2  arm_startup_nrf51.o(.text)
    SysTick_Handler                          0x00018137   Thumb Code     2  arm_startup_nrf51.o(.text)
    ADC_IRQHandler                           0x00018139   Thumb Code     0  arm_startup_nrf51.o(.text)
    CCM_AAR_IRQHandler                       0x00018139   Thumb Code     0  arm_startup_nrf51.o(.text)
    ECB_IRQHandler                           0x00018139   Thumb Code     0  arm_startup_nrf51.o(.text)
    LPCOMP_IRQHandler                        0x00018139   Thumb Code     0  arm_startup_nrf51.o(.text)
    POWER_CLOCK_IRQHandler                   0x00018139   Thumb Code     0  arm_startup_nrf51.o(.text)
    QDEC_IRQHandler                          0x00018139   Thumb Code     0  arm_startup_nrf51.o(.text)
    RADIO_IRQHandler                         0x00018139   Thumb Code     0  arm_startup_nrf51.o(.text)
    RNG_IRQHandler                           0x00018139   Thumb Code     0  arm_startup_nrf51.o(.text)
    RTC0_IRQHandler                          0x00018139   Thumb Code     0  arm_startup_nrf51.o(.text)
    SPI0_TWI0_IRQHandler                     0x00018139   Thumb Code     0  arm_startup_nrf51.o(.text)
    SPI1_TWI1_IRQHandler                     0x00018139   Thumb Code     0  arm_startup_nrf51.o(.text)
    SWI1_IRQHandler                          0x00018139   Thumb Code     0  arm_startup_nrf51.o(.text)
    SWI3_IRQHandler                          0x00018139   Thumb Code     0  arm_startup_nrf51.o(.text)
    SWI4_IRQHandler                          0x00018139   Thumb Code     0  arm_startup_nrf51.o(.text)
    SWI5_IRQHandler                          0x00018139   Thumb Code     0  arm_startup_nrf51.o(.text)
    TEMP_IRQHandler                          0x00018139   Thumb Code     0  arm_startup_nrf51.o(.text)
    TIMER0_IRQHandler                        0x00018139   Thumb Code     0  arm_startup_nrf51.o(.text)
    TIMER1_IRQHandler                        0x00018139   Thumb Code     0  arm_startup_nrf51.o(.text)
    TIMER2_IRQHandler                        0x00018139   Thumb Code     0  arm_startup_nrf51.o(.text)
    WDT_IRQHandler                           0x00018139   Thumb Code     0  arm_startup_nrf51.o(.text)
    __aeabi_uidiv                            0x0001814d   Thumb Code     0  uidiv.o(.text)
    __aeabi_uidivmod                         0x0001814d   Thumb Code    44  uidiv.o(.text)
    __aeabi_memcpy                           0x00018179   Thumb Code    36  memcpya.o(.text)
    __aeabi_memcpy4                          0x00018179   Thumb Code     0  memcpya.o(.text)
    __aeabi_memcpy8                          0x00018179   Thumb Code     0  memcpya.o(.text)
    __aeabi_memset                           0x0001819d   Thumb Code    14  memseta.o(.text)
    __aeabi_memset4                          0x0001819d   Thumb Code     0  memseta.o(.text)
    __aeabi_memset8                          0x0001819d   Thumb Code     0  memseta.o(.text)
    __aeabi_memclr                           0x000181ab   Thumb Code     4  memseta.o(.text)
    __aeabi_memclr4                          0x000181ab   Thumb Code     0  memseta.o(.text)
    __aeabi_memclr8                          0x000181ab   Thumb Code     0  memseta.o(.text)
    _memset$wrapper                          0x000181af   Thumb Code    18  memseta.o(.text)
    __aeabi_dadd                             0x000181c1   Thumb Code   328  dadd.o(.text)
    __aeabi_dsub                             0x00018309   Thumb Code    12  dadd.o(.text)
    __aeabi_drsub                            0x00018315   Thumb Code    12  dadd.o(.text)
    __aeabi_dmul                             0x00018325   Thumb Code   202  dmul.o(.text)
    __aeabi_i2d                              0x000183f5   Thumb Code    34  dflti.o(.text)
    __aeabi_d2iz                             0x0001841d   Thumb Code    62  dfixi.o(.text)
    __aeabi_uldivmod                         0x00018465   Thumb Code    96  uldiv.o(.text)
    __aeabi_llsl                             0x000184c5   Thumb Code    32  llshl.o(.text)
    _ll_shift_l                              0x000184c5   Thumb Code     0  llshl.o(.text)
    __aeabi_llsr                             0x000184e5   Thumb Code    34  llushr.o(.text)
    _ll_ushift_r                             0x000184e5   Thumb Code     0  llushr.o(.text)
    __aeabi_lasr                             0x00018507   Thumb Code    38  llsshr.o(.text)
    _ll_sshift_r                             0x00018507   Thumb Code     0  llsshr.o(.text)
    __I$use$fp                               0x0001852d   Thumb Code     0  iusefp.o(.text)
    _double_round                            0x0001852d   Thumb Code    26  depilogue.o(.text)
    _double_epilogue                         0x00018547   Thumb Code   164  depilogue.o(.text)
    __aeabi_ddiv                             0x000185ed   Thumb Code   234  ddiv.o(.text)
    __ARM_scalbn                             0x000186dd   Thumb Code    44  dscalb.o(.text)
    scalbn                                   0x000186dd   Thumb Code     0  dscalb.o(.text)
    __aeabi_cdrcmple                         0x00018709   Thumb Code    38  cdrcmple.o(.text)
    __scatterload                            0x00018731   Thumb Code    28  init.o(.text)
    __scatterload_rt2                        0x00018731   Thumb Code     0  init.o(.text)
    _dsqrt                                   0x00018755   Thumb Code   162  dsqrt.o(.text)
    __decompress                             0x000187f7   Thumb Code     0  __dczerorl2.o(.text)
    __decompress1                            0x000187f7   Thumb Code    86  __dczerorl2.o(.text)
    GPIOTE_IRQHandler                        0x0001884d   Thumb Code   234  nrf_drv_gpiote.o(i.GPIOTE_IRQHandler)
    RTC1_IRQHandler                          0x00018999   Thumb Code    28  app_timer.o(i.RTC1_IRQHandler)
    SWI0_IRQHandler                          0x000189b9   Thumb Code     8  app_timer.o(i.SWI0_IRQHandler)
    SWI2_IRQHandler                          0x000189c1   Thumb Code    32  softdevice_handler.o(i.SWI2_IRQHandler)
    SystemInit                               0x000189e5   Thumb Code   130  system_nrf51.o(i.SystemInit)
    UART0_IRQHandler                         0x00018a85   Thumb Code   244  nrf_drv_uart.o(i.UART0_IRQHandler)
    __0printf$8                              0x00018b89   Thumb Code    24  printf8.o(i.__0printf$8)
    __1printf$8                              0x00018b89   Thumb Code     0  printf8.o(i.__0printf$8)
    __2printf                                0x00018b89   Thumb Code     0  printf8.o(i.__0printf$8)
    __ARM_clz                                0x00018ba9   Thumb Code    46  depilogue.o(i.__ARM_clz)
    __ARM_common_switch8                     0x00018bd7   Thumb Code    26  bsp.o(i.__ARM_common_switch8)
    __ARM_fpclassify                         0x00018bf1   Thumb Code    40  fpclassify.o(i.__ARM_fpclassify)
    __kernel_poly                            0x00018c1d   Thumb Code   172  poly.o(i.__kernel_poly)
    __mathlib_dbl_divzero                    0x00018cc9   Thumb Code    16  dunder.o(i.__mathlib_dbl_divzero)
    __mathlib_dbl_infnan2                    0x00018cdd   Thumb Code     8  dunder.o(i.__mathlib_dbl_infnan2)
    __mathlib_dbl_invalid                    0x00018ce5   Thumb Code    16  dunder.o(i.__mathlib_dbl_invalid)
    __mathlib_dbl_overflow                   0x00018cf5   Thumb Code    16  dunder.o(i.__mathlib_dbl_overflow)
    __mathlib_dbl_underflow                  0x00018d09   Thumb Code    14  dunder.o(i.__mathlib_dbl_underflow)
    __scatterload_copy                       0x00018d1d   Thumb Code    14  handlers.o(i.__scatterload_copy)
    __scatterload_null                       0x00018d2b   Thumb Code     2  handlers.o(i.__scatterload_null)
    __scatterload_zeroinit                   0x00018d2d   Thumb Code    14  handlers.o(i.__scatterload_zeroinit)
    __set_errno                              0x00018d3d   Thumb Code     6  errno.o(i.__set_errno)
    adv_data_encode                          0x000191bd   Thumb Code   534  ble_advdata.o(i.adv_data_encode)
    app_button_enable                        0x00019491   Thumb Code    32  app_button.o(i.app_button_enable)
    app_button_init                          0x000194b5   Thumb Code   100  app_button.o(i.app_button_init)
    app_error_handler                        0x00019529   Thumb Code    18  app_error.o(i.app_error_handler)
    app_fifo_get                             0x00019545   Thumb Code    22  app_fifo.o(i.app_fifo_get)
    app_fifo_init                            0x0001955b   Thumb Code    36  app_fifo.o(i.app_fifo_init)
    app_fifo_put                             0x0001957f   Thumb Code    26  app_fifo.o(i.app_fifo_put)
    app_timer_create                         0x000195dd   Thumb Code    40  app_timer.o(i.app_timer_create)
    app_timer_init                           0x00019609   Thumb Code   126  app_timer.o(i.app_timer_init)
    app_timer_start                          0x00019699   Thumb Code   114  app_timer.o(i.app_timer_start)
    app_timer_stop                           0x00019715   Thumb Code    78  app_timer.o(i.app_timer_stop)
    app_uart_get                             0x00019769   Thumb Code    44  app_uart_fifo.o(i.app_uart_get)
    app_uart_init                            0x0001979d   Thumb Code   144  app_uart_fifo.o(i.app_uart_init)
    app_uart_put                             0x0001983d   Thumb Code    30  app_uart_fifo.o(i.app_uart_put)
    ble_advdata_set                          0x00019885   Thumb Code   104  ble_advdata.o(i.ble_advdata_set)
    ble_advertising_init                     0x000198ed   Thumb Code   284  ble_advertising.o(i.ble_advertising_init)
    ble_advertising_on_ble_evt               0x00019a11   Thumb Code   112  ble_advertising.o(i.ble_advertising_on_ble_evt)
    ble_advertising_on_sys_evt               0x00019a85   Thumb Code    42  ble_advertising.o(i.ble_advertising_on_sys_evt)
    ble_advertising_restart_without_whitelist 0x00019ac5   Thumb Code    56  ble_advertising.o(i.ble_advertising_restart_without_whitelist)
    ble_advertising_start                    0x00019b05   Thumb Code   470  ble_advertising.o(i.ble_advertising_start)
    ble_conn_params_init                     0x00019ce5   Thumb Code    68  ble_conn_params.o(i.ble_conn_params_init)
    ble_conn_params_on_ble_evt               0x00019d39   Thumb Code   132  ble_conn_params.o(i.ble_conn_params_on_ble_evt)
    ble_nus_init                             0x00019e51   Thumb Code    98  ble_nus.o(i.ble_nus_init)
    ble_nus_on_ble_evt                       0x00019eb9   Thumb Code    88  ble_nus.o(i.ble_nus_on_ble_evt)
    ble_nus_string_send                      0x00019f11   Thumb Code    78  ble_nus.o(i.ble_nus_string_send)
    bsp_btn_ble_init                         0x00019fcd   Thumb Code    80  bsp_btn_ble.o(i.bsp_btn_ble_init)
    bsp_btn_ble_on_ble_evt                   0x0001a021   Thumb Code   114  bsp_btn_ble.o(i.bsp_btn_ble_on_ble_evt)
    bsp_btn_ble_sleep_mode_prepare           0x0001a099   Thumb Code    20  bsp_btn_ble.o(i.bsp_btn_ble_sleep_mode_prepare)
    bsp_button_is_pressed                    0x0001a14d   Thumb Code    34  bsp.o(i.bsp_button_is_pressed)
    bsp_event_handler                        0x0001a179   Thumb Code    54  main.o(i.bsp_event_handler)
    bsp_event_to_button_action_assign        0x0001a1b5   Thumb Code    66  bsp.o(i.bsp_event_to_button_action_assign)
    bsp_indication_set                       0x0001a1fd   Thumb Code    22  bsp.o(i.bsp_indication_set)
    bsp_init                                 0x0001a219   Thumb Code   134  bsp.o(i.bsp_init)
    bsp_wakeup_buttons_set                   0x0001a4b1   Thumb Code    50  bsp.o(i.bsp_wakeup_buttons_set)
    chunk_queue_next                         0x0001a605   Thumb Code    20  fds.o(i.chunk_queue_next)
    cmd_queue_next                           0x0001a741   Thumb Code    20  fds.o(i.cmd_queue_next)
    extractData                              0x0001aa19   Thumb Code   196  main.o(i.extractData)
    fds_close                                0x0001aae1   Thumb Code    46  fds.o(i.fds_close)
    fds_find                                 0x0001ab17   Thumb Code    26  fds.o(i.fds_find)
    fds_init                                 0x0001ab31   Thumb Code   180  fds.o(i.fds_init)
    fds_open                                 0x0001abf1   Thumb Code    88  fds.o(i.fds_open)
    fds_register                             0x0001ac91   Thumb Code    28  fds.o(i.fds_register)
    fds_update                               0x0001acb5   Thumb Code    44  fds.o(i.fds_update)
    fds_write                                0x0001ace1   Thumb Code    42  fds.o(i.fds_write)
    fputc                                    0x0001ae95   Thumb Code    14  retarget.o(i.fputc)
    fs_erase                                 0x0001af79   Thumb Code    82  fstorage.o(i.fs_erase)
    fs_init                                  0x0001afd1   Thumb Code   112  fstorage.o(i.fs_init)
    fs_store                                 0x0001b059   Thumb Code    78  fstorage.o(i.fs_store)
    fs_sys_event_handler                     0x0001b0ad   Thumb Code   106  fstorage.o(i.fs_sys_event_handler)
    intern_softdevice_events_execute         0x0001b401   Thumb Code   124  softdevice_handler.o(i.intern_softdevice_events_execute)
    main                                     0x0001b6ed   Thumb Code   460  main.o(i.main)
    nrf_delay_ms                             0x0001ba75   Thumb Code    24  nrf_delay.o(i.nrf_delay_ms)
    nrf_drv_common_irq_enable                0x0001ba91   Thumb Code    78  nrf_drv_common.o(i.nrf_drv_common_irq_enable)
    nrf_drv_gpiote_in_event_enable           0x0001baf1   Thumb Code   138  nrf_drv_gpiote.o(i.nrf_drv_gpiote_in_event_enable)
    nrf_drv_gpiote_in_init                   0x0001bb91   Thumb Code   146  nrf_drv_gpiote.o(i.nrf_drv_gpiote_in_init)
    nrf_drv_gpiote_in_is_set                 0x0001bc35   Thumb Code    16  nrf_drv_gpiote.o(i.nrf_drv_gpiote_in_is_set)
    nrf_drv_gpiote_init                      0x0001bc49   Thumb Code    76  nrf_drv_gpiote.o(i.nrf_drv_gpiote_init)
    nrf_drv_gpiote_is_init                   0x0001bc9d   Thumb Code    12  nrf_drv_gpiote.o(i.nrf_drv_gpiote_is_init)
    nrf_drv_uart_init                        0x0001bcad   Thumb Code   152  nrf_drv_uart.o(i.nrf_drv_uart_init)
    nrf_drv_uart_rx                          0x0001bd5d   Thumb Code   166  nrf_drv_uart.o(i.nrf_drv_uart_rx)
    nrf_drv_uart_rx_enable                   0x0001be11   Thumb Code    20  nrf_drv_uart.o(i.nrf_drv_uart_rx_enable)
    nrf_drv_uart_tx                          0x0001be29   Thumb Code   130  nrf_drv_uart.o(i.nrf_drv_uart_tx)
    pow                                      0x0001c2a9   Thumb Code  2548  pow.o(i.pow)
    pstorage_access_status_get               0x0001cca5   Thumb Code    30  pstorage.o(i.pstorage_access_status_get)
    softdevice_assertion_handler             0x0001d2c3   Thumb Code    12  softdevice_handler.o(i.softdevice_assertion_handler)
    softdevice_ble_evt_handler_set           0x0001d2d1   Thumb Code    16  softdevice_handler.o(i.softdevice_ble_evt_handler_set)
    softdevice_handler_init                  0x0001d2e5   Thumb Code    40  softdevice_handler.o(i.softdevice_handler_init)
    softdevice_sys_evt_handler_set           0x0001d315   Thumb Code    16  softdevice_handler.o(i.softdevice_sys_evt_handler_set)
    sqrt                                     0x0001d329   Thumb Code    66  sqrt.o(i.sqrt)
    uart_event_handle                        0x0001d6c1   Thumb Code    92  main.o(i.uart_event_handle)
    __mathlib_zero                           0x0001dca8   Data           8  qnan.o(.constdata)
    Region$$Table$$Base                      0x0001dcb0   Number         0  anon$$obj.o(Region$$Table)
    Region$$Table$$Limit                     0x0001dcd0   Number         0  anon$$obj.o(Region$$Table)
    settings                                 0x20002044   Data          40  main.o(.data)
    __stdout                                 0x20002170   Data           4  retarget.o(.data)
    SystemCoreClock                          0x20002198   Data           4  system_nrf51.o(.data)
    fs_data$$Base                            0x200021a0   Number         0  fds.o(fs_data)
    fs_data$$Limit                           0x200021b0   Number         0  fds.o(fs_data)
    __initial_sp                             0x20003300   Data           0  arm_startup_nrf51.o(STACK)



==============================================================================

Memory Map of the image

  Image Entry point : 0x000180c1

  Load Region LR_IROM1 (Base: 0x00018000, Size: 0x00005e80, Max: 0x00028000, ABSOLUTE, COMPRESSED[0x00005d3c])

    Execution Region ER_IROM1 (Exec base: 0x00018000, Load base: 0x00018000, Size: 0x00005cd0, Max: 0x00028000, ABSOLUTE)

    Exec Addr    Load Addr    Size         Type   Attr      Idx    E Section Name        Object

    0x00018000   0x00018000   0x000000c0   Data   RO         3611    RESET               arm_startup_nrf51.o
    0x000180c0   0x000180c0   0x00000000   Code   RO         3663  * .ARM.Collect$$$$00000000  mc_p.l(entry.o)
    0x000180c0   0x000180c0   0x00000004   Code   RO         3976    .ARM.Collect$$$$00000001  mc_p.l(entry2.o)
    0x000180c4   0x000180c4   0x00000004   Code   RO         3979    .ARM.Collect$$$$00000004  mc_p.l(entry5.o)
    0x000180c8   0x000180c8   0x00000000   Code   RO         3981    .ARM.Collect$$$$00000008  mc_p.l(entry7b.o)
    0x000180c8   0x000180c8   0x00000000   Code   RO         3983    .ARM.Collect$$$$0000000A  mc_p.l(entry8b.o)
    0x000180c8   0x000180c8   0x00000008   Code   RO         3984    .ARM.Collect$$$$0000000B  mc_p.l(entry9a.o)
    0x000180d0   0x000180d0   0x00000000   Code   RO         3986    .ARM.Collect$$$$0000000D  mc_p.l(entry10a.o)
    0x000180d0   0x000180d0   0x00000000   Code   RO         3988    .ARM.Collect$$$$0000000F  mc_p.l(entry11a.o)
    0x000180d0   0x000180d0   0x00000004   Code   RO         3977    .ARM.Collect$$$$00002712  mc_p.l(entry2.o)
    0x000180d4   0x000180d4   0x0000001e   Code   RO         2166    .emb_text           nrf_delay.o
    0x000180f2   0x000180f2   0x00000002   PAD
    0x000180f4   0x000180f4   0x0000001e   Code   RO         2934    .emb_text           app_timer.o
    0x00018112   0x00018112   0x00000002   PAD
    0x00018114   0x00018114   0x00000038   Code   RO         3612    .text               arm_startup_nrf51.o
    0x0001814c   0x0001814c   0x0000002c   Code   RO         3666    .text               mc_p.l(uidiv.o)
    0x00018178   0x00018178   0x00000024   Code   RO         3670    .text               mc_p.l(memcpya.o)
    0x0001819c   0x0001819c   0x00000024   Code   RO         3672    .text               mc_p.l(memseta.o)
    0x000181c0   0x000181c0   0x00000164   Code   RO         3941    .text               mf_p.l(dadd.o)
    0x00018324   0x00018324   0x000000d0   Code   RO         3943    .text               mf_p.l(dmul.o)
    0x000183f4   0x000183f4   0x00000028   Code   RO         3945    .text               mf_p.l(dflti.o)
    0x0001841c   0x0001841c   0x00000048   Code   RO         3947    .text               mf_p.l(dfixi.o)
    0x00018464   0x00018464   0x00000060   Code   RO         3990    .text               mc_p.l(uldiv.o)
    0x000184c4   0x000184c4   0x00000020   Code   RO         3992    .text               mc_p.l(llshl.o)
    0x000184e4   0x000184e4   0x00000022   Code   RO         3994    .text               mc_p.l(llushr.o)
    0x00018506   0x00018506   0x00000026   Code   RO         3996    .text               mc_p.l(llsshr.o)
    0x0001852c   0x0001852c   0x00000000   Code   RO         4005    .text               mc_p.l(iusefp.o)
    0x0001852c   0x0001852c   0x000000be   Code   RO         4006    .text               mf_p.l(depilogue.o)
    0x000185ea   0x000185ea   0x00000002   PAD
    0x000185ec   0x000185ec   0x000000f0   Code   RO         4010    .text               mf_p.l(ddiv.o)
    0x000186dc   0x000186dc   0x0000002c   Code   RO         4012    .text               mf_p.l(dscalb.o)
    0x00018708   0x00018708   0x00000028   Code   RO         4016    .text               mf_p.l(cdrcmple.o)
    0x00018730   0x00018730   0x00000024   Code   RO         4018    .text               mc_p.l(init.o)
    0x00018754   0x00018754   0x000000a2   Code   RO         4020    .text               mf_p.l(dsqrt.o)
    0x000187f6   0x000187f6   0x00000056   Code   RO         4032    .text               mc_p.l(__dczerorl2.o)
    0x0001884c   0x0001884c   0x00000108   Code   RO         2220    i.GPIOTE_IRQHandler  nrf_drv_gpiote.o
    0x00018954   0x00018954   0x00000044   Code   RO         2935    i.NVIC_SetPriority  app_timer.o
    0x00018998   0x00018998   0x00000020   Code   RO         2936    i.RTC1_IRQHandler   app_timer.o
    0x000189b8   0x000189b8   0x00000008   Code   RO         2937    i.SWI0_IRQHandler   app_timer.o
    0x000189c0   0x000189c0   0x00000024   Code   RO         3547    i.SWI2_IRQHandler   softdevice_handler.o
    0x000189e4   0x000189e4   0x000000a0   Code   RO         3619    i.SystemInit        system_nrf51.o
    0x00018a84   0x00018a84   0x00000104   Code   RO         2410    i.UART0_IRQHandler  nrf_drv_uart.o
    0x00018b88   0x00018b88   0x00000020   Code   RO         3887    i.__0printf$8       mc_p.l(printf8.o)
    0x00018ba8   0x00018ba8   0x0000002e   Code   RO         4008    i.__ARM_clz         mf_p.l(depilogue.o)
    0x00018bd6   0x00018bd6   0x0000001a   Code   RO          432    i.__ARM_common_switch8  bsp.o
    0x00018bf0   0x00018bf0   0x0000002c   Code   RO         3963    i.__ARM_fpclassify  m_ps.l(fpclassify.o)
    0x00018c1c   0x00018c1c   0x000000ac   Code   RO         3965    i.__kernel_poly     m_ps.l(poly.o)
    0x00018cc8   0x00018cc8   0x00000014   Code   RO         3949    i.__mathlib_dbl_divzero  m_ps.l(dunder.o)
    0x00018cdc   0x00018cdc   0x00000008   Code   RO         3951    i.__mathlib_dbl_infnan2  m_ps.l(dunder.o)
    0x00018ce4   0x00018ce4   0x00000010   Code   RO         3952    i.__mathlib_dbl_invalid  m_ps.l(dunder.o)
    0x00018cf4   0x00018cf4   0x00000014   Code   RO         3953    i.__mathlib_dbl_overflow  m_ps.l(dunder.o)
    0x00018d08   0x00018d08   0x00000014   Code   RO         3955    i.__mathlib_dbl_underflow  m_ps.l(dunder.o)
    0x00018d1c   0x00018d1c   0x0000000e   Code   RO         4026    i.__scatterload_copy  mc_p.l(handlers.o)
    0x00018d2a   0x00018d2a   0x00000002   Code   RO         4027    i.__scatterload_null  mc_p.l(handlers.o)
    0x00018d2c   0x00018d2c   0x0000000e   Code   RO         4028    i.__scatterload_zeroinit  mc_p.l(handlers.o)
    0x00018d3a   0x00018d3a   0x00000002   PAD
    0x00018d3c   0x00018d3c   0x0000000c   Code   RO         4000    i.__set_errno       mc_p.l(errno.o)
    0x00018d48   0x00018d48   0x00000428   Code   RO         3894    i._printf_core      mc_p.l(printf8.o)
    0x00019170   0x00019170   0x00000020   Code   RO         3895    i._printf_post_padding  mc_p.l(printf8.o)
    0x00019190   0x00019190   0x0000002c   Code   RO         3896    i._printf_pre_padding  mc_p.l(printf8.o)
    0x000191bc   0x000191bc   0x00000216   Code   RO          484    i.adv_data_encode   ble_advdata.o
    0x000193d2   0x000193d2   0x0000003c   Code   RO          447    i.advertising_buttons_configure  bsp_btn_ble.o
    0x0001940e   0x0001940e   0x00000002   PAD
    0x00019410   0x00019410   0x00000068   Code   RO            4    i.advertising_init  main.o
    0x00019478   0x00019478   0x00000018   Code   RO          338    i.alert_timer_handler  bsp.o
    0x00019490   0x00019490   0x00000024   Code   RO         2802    i.app_button_enable  app_button.o
    0x000194b4   0x000194b4   0x00000074   Code   RO         2803    i.app_button_init   app_button.o
    0x00019528   0x00019528   0x0000001c   Code   RO         2859    i.app_error_handler  app_error.o
    0x00019544   0x00019544   0x00000016   Code   RO         2881    i.app_fifo_get      app_fifo.o
    0x0001955a   0x0001955a   0x00000024   Code   RO         2882    i.app_fifo_init     app_fifo.o
    0x0001957e   0x0001957e   0x0000001a   Code   RO         2883    i.app_fifo_put      app_fifo.o
    0x00019598   0x00019598   0x0000002c   Code   RO         3130    i.app_notify        fds.o
    0x000195c4   0x000195c4   0x00000016   Code   RO         3419    i.app_notify        fstorage.o
    0x000195da   0x000195da   0x00000002   PAD
    0x000195dc   0x000195dc   0x0000002c   Code   RO         2940    i.app_timer_create  app_timer.o
    0x00019608   0x00019608   0x00000090   Code   RO         2941    i.app_timer_init    app_timer.o
    0x00019698   0x00019698   0x0000007c   Code   RO         2942    i.app_timer_start   app_timer.o
    0x00019714   0x00019714   0x00000054   Code   RO         2943    i.app_timer_stop    app_timer.o
    0x00019768   0x00019768   0x00000034   Code   RO         2094    i.app_uart_get      app_uart_fifo.o
    0x0001979c   0x0001979c   0x000000a0   Code   RO         2095    i.app_uart_init     app_uart_fifo.o
    0x0001983c   0x0001983c   0x00000028   Code   RO         2096    i.app_uart_put      app_uart_fifo.o
    0x00019864   0x00019864   0x00000010   Code   RO         3131    i.atomic_counter_dec  fds.o
    0x00019874   0x00019874   0x00000010   Code   RO         3132    i.atomic_counter_inc  fds.o
    0x00019884   0x00019884   0x00000068   Code   RO          485    i.ble_advdata_set   ble_advdata.o
    0x000198ec   0x000198ec   0x00000124   Code   RO          558    i.ble_advertising_init  ble_advertising.o
    0x00019a10   0x00019a10   0x00000074   Code   RO          559    i.ble_advertising_on_ble_evt  ble_advertising.o
    0x00019a84   0x00019a84   0x00000030   Code   RO          560    i.ble_advertising_on_sys_evt  ble_advertising.o
    0x00019ab4   0x00019ab4   0x00000010   Code   RO          562    i.ble_advertising_peer_address_clear  ble_advertising.o
    0x00019ac4   0x00019ac4   0x00000040   Code   RO          563    i.ble_advertising_restart_without_whitelist  ble_advertising.o
    0x00019b04   0x00019b04   0x000001e0   Code   RO          564    i.ble_advertising_start  ble_advertising.o
    0x00019ce4   0x00019ce4   0x00000054   Code   RO          640    i.ble_conn_params_init  ble_conn_params.o
    0x00019d38   0x00019d38   0x00000090   Code   RO          641    i.ble_conn_params_on_ble_evt  ble_conn_params.o
    0x00019dc8   0x00019dc8   0x0000005e   Code   RO          486    i.ble_device_addr_encode  ble_advdata.o
    0x00019e26   0x00019e26   0x00000002   PAD
    0x00019e28   0x00019e28   0x00000028   Code   RO            6    i.ble_evt_dispatch  main.o
    0x00019e50   0x00019e50   0x00000068   Code   RO          702    i.ble_nus_init      ble_nus.o
    0x00019eb8   0x00019eb8   0x00000058   Code   RO          703    i.ble_nus_on_ble_evt  ble_nus.o
    0x00019f10   0x00019f10   0x00000054   Code   RO          704    i.ble_nus_string_send  ble_nus.o
    0x00019f64   0x00019f64   0x00000068   Code   RO            7    i.ble_stack_init    main.o
    0x00019fcc   0x00019fcc   0x00000054   Code   RO          448    i.bsp_btn_ble_init  bsp_btn_ble.o
    0x0001a020   0x0001a020   0x00000078   Code   RO          449    i.bsp_btn_ble_on_ble_evt  bsp_btn_ble.o
    0x0001a098   0x0001a098   0x00000014   Code   RO          450    i.bsp_btn_ble_sleep_mode_prepare  bsp_btn_ble.o
    0x0001a0ac   0x0001a0ac   0x000000a0   Code   RO          339    i.bsp_button_event_handler  bsp.o
    0x0001a14c   0x0001a14c   0x0000002c   Code   RO          340    i.bsp_button_is_pressed  bsp.o
    0x0001a178   0x0001a178   0x0000003c   Code   RO            8    i.bsp_event_handler  main.o
    0x0001a1b4   0x0001a1b4   0x00000048   Code   RO          344    i.bsp_event_to_button_action_assign  bsp.o
    0x0001a1fc   0x0001a1fc   0x0000001c   Code   RO          345    i.bsp_indication_set  bsp.o
    0x0001a218   0x0001a218   0x000000a0   Code   RO          347    i.bsp_init          bsp.o
    0x0001a2b8   0x0001a2b8   0x000001f8   Code   RO          348    i.bsp_led_indication  bsp.o
    0x0001a4b0   0x0001a4b0   0x0000003c   Code   RO          349    i.bsp_wakeup_buttons_set  bsp.o
    0x0001a4ec   0x0001a4ec   0x0000000c   Code   RO          350    i.button_timer_handler  bsp.o
    0x0001a4f8   0x0001a4f8   0x0000001c   Code   RO         2221    i.channel_free      nrf_drv_gpiote.o
    0x0001a514   0x0001a514   0x00000048   Code   RO         2222    i.channel_port_alloc  nrf_drv_gpiote.o
    0x0001a55c   0x0001a55c   0x00000010   Code   RO         2223    i.channel_port_get  nrf_drv_gpiote.o
    0x0001a56c   0x0001a56c   0x00000078   Code   RO            9    i.charArrayToInt    main.o
    0x0001a5e4   0x0001a5e4   0x00000020   Code   RO         3420    i.check_config      fstorage.o
    0x0001a604   0x0001a604   0x00000018   Code   RO         3133    i.chunk_queue_next  fds.o
    0x0001a61c   0x0001a61c   0x000000a4   Code   RO         3134    i.clear_execute     fds.o
    0x0001a6c0   0x0001a6c0   0x00000048   Code   RO         3421    i.cmd_consume       fstorage.o
    0x0001a708   0x0001a708   0x00000038   Code   RO         3422    i.cmd_enqueue       fstorage.o
    0x0001a740   0x0001a740   0x00000018   Code   RO         3135    i.cmd_queue_next    fds.o
    0x0001a758   0x0001a758   0x00000060   Code   RO         3136    i.cmd_queue_process  fds.o
    0x0001a7b8   0x0001a7b8   0x0000001c   Code   RO         3137    i.cmd_queue_process_start  fds.o
    0x0001a7d4   0x0001a7d4   0x000000a8   Code   RO         2945    i.compare_reg_update  app_timer.o
    0x0001a87c   0x0001a87c   0x00000088   Code   RO          487    i.conn_int_encode   ble_advdata.o
    0x0001a904   0x0001a904   0x0000000c   Code   RO           10    i.conn_params_error_handler  main.o
    0x0001a910   0x0001a910   0x00000068   Code   RO          643    i.conn_params_negotiation  ble_conn_params.o
    0x0001a978   0x0001a978   0x00000060   Code   RO         2805    i.detection_delay_timeout_handler  app_button.o
    0x0001a9d8   0x0001a9d8   0x00000040   Code   RO         2946    i.elapsed_ticks_acquire  app_timer.o
    0x0001aa18   0x0001aa18   0x000000c8   Code   RO           11    i.extractData       main.o
    0x0001aae0   0x0001aae0   0x00000034   Code   RO         3140    i.fds_close         fds.o
    0x0001ab14   0x0001ab14   0x00000002   Code   RO           12    i.fds_evt_handler   main.o
    0x0001ab16   0x0001ab16   0x0000001a   Code   RO         3143    i.fds_find          fds.o
    0x0001ab30   0x0001ab30   0x000000c0   Code   RO         3147    i.fds_init          fds.o
    0x0001abf0   0x0001abf0   0x0000005c   Code   RO         3148    i.fds_open          fds.o
    0x0001ac4c   0x0001ac4c   0x00000044   Code   RO           13    i.fds_read          main.o
    0x0001ac90   0x0001ac90   0x00000024   Code   RO         3150    i.fds_register      fds.o
    0x0001acb4   0x0001acb4   0x0000002c   Code   RO         3153    i.fds_update        fds.o
    0x0001ace0   0x0001ace0   0x0000002a   Code   RO         3154    i.fds_write         fds.o
    0x0001ad0a   0x0001ad0a   0x00000014   Code   RO         2886    i.fifo_get          app_fifo.o
    0x0001ad1e   0x0001ad1e   0x00000012   Code   RO         2887    i.fifo_put          app_fifo.o
    0x0001ad30   0x0001ad30   0x00000130   Code   RO         3156    i.find_record       fds.o
    0x0001ae60   0x0001ae60   0x00000010   Code   RO         3157    i.flag_clear        fds.o
    0x0001ae70   0x0001ae70   0x00000014   Code   RO         3158    i.flag_is_set       fds.o
    0x0001ae84   0x0001ae84   0x00000010   Code   RO         3159    i.flag_set          fds.o
    0x0001ae94   0x0001ae94   0x0000000e   Code   RO         3097    i.fputc             retarget.o
    0x0001aea2   0x0001aea2   0x00000002   PAD
    0x0001aea4   0x0001aea4   0x000000d4   Code   RO         3160    i.fs_callback       fds.o
    0x0001af78   0x0001af78   0x00000058   Code   RO         3424    i.fs_erase          fstorage.o
    0x0001afd0   0x0001afd0   0x00000088   Code   RO         3425    i.fs_init           fstorage.o
    0x0001b058   0x0001b058   0x00000054   Code   RO         3426    i.fs_store          fstorage.o
    0x0001b0ac   0x0001b0ac   0x00000074   Code   RO         3427    i.fs_sys_event_handler  fstorage.o
    0x0001b120   0x0001b120   0x00000048   Code   RO         3161    i.gc_copy_record    fds.o
    0x0001b168   0x0001b168   0x00000080   Code   RO         3162    i.gc_execute        fds.o
    0x0001b1e8   0x0001b1e8   0x0000004c   Code   RO         3163    i.gc_new_swap_page  fds.o
    0x0001b234   0x0001b234   0x00000060   Code   RO         3164    i.gc_page           fds.o
    0x0001b294   0x0001b294   0x00000068   Code   RO         3165    i.gc_seek_record    fds.o
    0x0001b2fc   0x0001b2fc   0x00000050   Code   RO         2806    i.gpiote_event_handler  app_button.o
    0x0001b34c   0x0001b34c   0x0000001c   Code   RO         3166    i.header_is_valid   fds.o
    0x0001b368   0x0001b368   0x00000098   Code   RO         3167    i.init_execute      fds.o
    0x0001b400   0x0001b400   0x00000080   Code   RO         3548    i.intern_softdevice_events_execute  softdevice_handler.o
    0x0001b480   0x0001b480   0x0000001c   Code   RO          644    i.is_conn_params_ok  ble_conn_params.o
    0x0001b49c   0x0001b49c   0x00000048   Code   RO         3620    i.is_manual_peripheral_setup_needed  system_nrf51.o
    0x0001b4e4   0x0001b4e4   0x0000000c   Code   RO         3168    i.is_word_aligned   fds.o
    0x0001b4f0   0x0001b4f0   0x00000054   Code   RO          488    i.le_role_encode    ble_advdata.o
    0x0001b544   0x0001b544   0x00000018   Code   RO          351    i.leds_timer_handler  bsp.o
    0x0001b55c   0x0001b55c   0x000000bc   Code   RO         2947    i.list_deletions_handler  app_timer.o
    0x0001b618   0x0001b618   0x000000d4   Code   RO         2948    i.list_insertions_handler  app_timer.o
    0x0001b6ec   0x0001b6ec   0x00000280   Code   RO           14    i.main              main.o
    0x0001b96c   0x0001b96c   0x00000068   Code   RO          489    i.manuf_specific_data_encode  ble_advdata.o
    0x0001b9d4   0x0001b9d4   0x0000009e   Code   RO          490    i.name_encode       ble_advdata.o
    0x0001ba72   0x0001ba72   0x00000002   PAD
    0x0001ba74   0x0001ba74   0x0000001c   Code   RO         2167    i.nrf_delay_ms      nrf_delay.o
    0x0001ba90   0x0001ba90   0x00000060   Code   RO         2194    i.nrf_drv_common_irq_enable  nrf_drv_common.o
    0x0001baf0   0x0001baf0   0x000000a0   Code   RO         2226    i.nrf_drv_gpiote_in_event_enable  nrf_drv_gpiote.o
    0x0001bb90   0x0001bb90   0x000000a4   Code   RO         2227    i.nrf_drv_gpiote_in_init  nrf_drv_gpiote.o
    0x0001bc34   0x0001bc34   0x00000014   Code   RO         2228    i.nrf_drv_gpiote_in_is_set  nrf_drv_gpiote.o
    0x0001bc48   0x0001bc48   0x00000054   Code   RO         2230    i.nrf_drv_gpiote_init  nrf_drv_gpiote.o
    0x0001bc9c   0x0001bc9c   0x00000010   Code   RO         2231    i.nrf_drv_gpiote_is_init  nrf_drv_gpiote.o
    0x0001bcac   0x0001bcac   0x000000b0   Code   RO         2412    i.nrf_drv_uart_init  nrf_drv_uart.o
    0x0001bd5c   0x0001bd5c   0x000000b4   Code   RO         2413    i.nrf_drv_uart_rx   nrf_drv_uart.o
    0x0001be10   0x0001be10   0x00000018   Code   RO         2416    i.nrf_drv_uart_rx_enable  nrf_drv_uart.o
    0x0001be28   0x0001be28   0x0000008c   Code   RO         2417    i.nrf_drv_uart_tx   nrf_drv_uart.o
    0x0001beb4   0x0001beb4   0x00000024   Code   RO         2243    i.nrf_gpio_cfg      nrf_drv_gpiote.o
    0x0001bed8   0x0001bed8   0x00000024   Code   RO         2420    i.nrf_gpio_cfg      nrf_drv_uart.o
    0x0001befc   0x0001befc   0x00000012   Code   RO         2422    i.nrf_gpio_cfg_input  nrf_drv_uart.o
    0x0001bf0e   0x0001bf0e   0x00000014   Code   RO         2423    i.nrf_gpio_cfg_output  nrf_drv_uart.o
    0x0001bf22   0x0001bf22   0x00000002   PAD
    0x0001bf24   0x0001bf24   0x00000020   Code   RO         2245    i.nrf_gpio_cfg_sense_set  nrf_drv_gpiote.o
    0x0001bf44   0x0001bf44   0x00000014   Code   RO         2246    i.nrf_gpiote_event_is_set  nrf_drv_gpiote.o
    0x0001bf58   0x0001bf58   0x0000000a   Code   RO         2424    i.nrf_uart_event_check  nrf_drv_uart.o
    0x0001bf62   0x0001bf62   0x00000010   Code   RO         2425    i.nrf_uart_int_enable_check  nrf_drv_uart.o
    0x0001bf72   0x0001bf72   0x00000002   PAD
    0x0001bf74   0x0001bf74   0x00000030   Code   RO           15    i.nus_data_handler  main.o
    0x0001bfa4   0x0001bfa4   0x00000024   Code   RO           16    i.on_adv_evt        main.o
    0x0001bfc8   0x0001bfc8   0x00000094   Code   RO           17    i.on_ble_evt        main.o
    0x0001c05c   0x0001c05c   0x00000024   Code   RO           18    i.on_conn_params_evt  main.o
    0x0001c080   0x0001c080   0x0000002c   Code   RO         3169    i.page_from_virtual_id  fds.o
    0x0001c0ac   0x0001c0ac   0x00000028   Code   RO         3170    i.page_id_from_virtual_id  fds.o
    0x0001c0d4   0x0001c0d4   0x00000020   Code   RO         3171    i.page_tag_write_swap  fds.o
    0x0001c0f4   0x0001c0f4   0x00000020   Code   RO         3172    i.page_tag_write_valid  fds.o
    0x0001c114   0x0001c114   0x0000014c   Code   RO         3173    i.pages_init        fds.o
    0x0001c260   0x0001c260   0x00000016   Code   RO          566    i.peer_address_exists  ble_advertising.o
    0x0001c276   0x0001c276   0x00000002   PAD
    0x0001c278   0x0001c278   0x00000018   Code   RO         2247    i.pin_in_use_by_port  nrf_drv_gpiote.o
    0x0001c290   0x0001c290   0x00000018   Code   RO         2248    i.pin_in_use_by_te  nrf_drv_gpiote.o
    0x0001c2a8   0x0001c2a8   0x000009fc   Code   RO         3654    i.pow               m_ps.l(pow.o)
    0x0001cca4   0x0001cca4   0x00000028   Code   RO         2575    i.pstorage_access_status_get  pstorage.o
    0x0001cccc   0x0001cccc   0x00000054   Code   RO         3428    i.queue_process     fstorage.o
    0x0001cd20   0x0001cd20   0x00000054   Code   RO         3429    i.queue_process_impl  fstorage.o
    0x0001cd74   0x0001cd74   0x00000078   Code   RO         3174    i.queue_reserve     fds.o
    0x0001cdec   0x0001cdec   0x00000068   Code   RO           19    i.retrieveData      main.o
    0x0001ce54   0x0001ce54   0x00000044   Code   RO         2949    i.rtc1_stop         app_timer.o
    0x0001ce98   0x0001ce98   0x0000002c   Code   RO         2426    i.rx_byte           nrf_drv_uart.o
    0x0001cec4   0x0001cec4   0x0000009e   Code   RO          705    i.rx_char_add       ble_nus.o
    0x0001cf62   0x0001cf62   0x00000002   PAD
    0x0001cf64   0x0001cf64   0x00000020   Code   RO         2427    i.rx_done_event     nrf_drv_uart.o
    0x0001cf84   0x0001cf84   0x0000001c   Code   RO         2428    i.rx_enable         nrf_drv_uart.o
    0x0001cfa0   0x0001cfa0   0x000001c0   Code   RO           20    i.saveData          main.o
    0x0001d160   0x0001d160   0x000000a0   Code   RO         3175    i.seek_record       fds.o
    0x0001d200   0x0001d200   0x0000008e   Code   RO          491    i.service_data_encode  ble_advdata.o
    0x0001d28e   0x0001d28e   0x00000034   Code   RO           21    i.sleep_mode_enter  main.o
    0x0001d2c2   0x0001d2c2   0x0000000c   Code   RO         3549    i.softdevice_assertion_handler  softdevice_handler.o
    0x0001d2ce   0x0001d2ce   0x00000002   PAD
    0x0001d2d0   0x0001d2d0   0x00000014   Code   RO         3550    i.softdevice_ble_evt_handler_set  softdevice_handler.o
    0x0001d2e4   0x0001d2e4   0x00000030   Code   RO         3551    i.softdevice_handler_init  softdevice_handler.o
    0x0001d314   0x0001d314   0x00000014   Code   RO         3554    i.softdevice_sys_evt_handler_set  softdevice_handler.o
    0x0001d328   0x0001d328   0x00000048   Code   RO         3969    i.sqrt              m_ps.l(sqrt.o)
    0x0001d370   0x0001d370   0x0000011c   Code   RO         3176    i.store_execute     fds.o
    0x0001d48c   0x0001d48c   0x00000010   Code   RO           22    i.sys_evt_dispatch  main.o
    0x0001d49c   0x0001d49c   0x00000084   Code   RO         2950    i.timer_list_handler  app_timer.o
    0x0001d520   0x0001d520   0x00000010   Code   RO         2951    i.timer_list_handler_sched  app_timer.o
    0x0001d530   0x0001d530   0x00000040   Code   RO         2952    i.timer_list_insert  app_timer.o
    0x0001d570   0x0001d570   0x00000084   Code   RO         2953    i.timer_timeouts_check  app_timer.o
    0x0001d5f4   0x0001d5f4   0x0000002c   Code   RO         2429    i.tx_byte           nrf_drv_uart.o
    0x0001d620   0x0001d620   0x00000080   Code   RO          706    i.tx_char_add       ble_nus.o
    0x0001d6a0   0x0001d6a0   0x00000020   Code   RO         2430    i.tx_done_event     nrf_drv_uart.o
    0x0001d6c0   0x0001d6c0   0x00000068   Code   RO           23    i.uart_event_handle  main.o
    0x0001d728   0x0001d728   0x000000a4   Code   RO         2097    i.uart_event_handler  app_uart_fifo.o
    0x0001d7cc   0x0001d7cc   0x0000000a   Code   RO          492    i.uint16_encode     ble_advdata.o
    0x0001d7d6   0x0001d7d6   0x00000002   PAD
    0x0001d7d8   0x0001d7d8   0x00000064   Code   RO          645    i.update_timeout_handler  ble_conn_params.o
    0x0001d83c   0x0001d83c   0x00000054   Code   RO         2954    i.user_id_get       app_timer.o
    0x0001d890   0x0001d890   0x00000026   Code   RO         2955    i.user_op_alloc     app_timer.o
    0x0001d8b6   0x0001d8b6   0x00000030   Code   RO          493    i.uuid_list_encode  ble_advdata.o
    0x0001d8e6   0x0001d8e6   0x000000ae   Code   RO          494    i.uuid_list_sized_encode  ble_advdata.o
    0x0001d994   0x0001d994   0x00000010   Code   RO          567    i.whitelist_has_entries  ble_advertising.o
    0x0001d9a4   0x0001d9a4   0x00000158   Code   RO         3177    i.write_enqueue     fds.o
    0x0001dafc   0x0001dafc   0x00000054   Code   RO         3178    i.write_space_reserve  fds.o
    0x0001db50   0x0001db50   0x0000000c   Data   RO           25    .constdata          main.o
    0x0001db5c   0x0001db5c   0x0000003c   Data   RO          356    .constdata          bsp.o
    0x0001db98   0x0001db98   0x00000004   Data   RO          648    .constdata          ble_conn_params.o
    0x0001db9c   0x0001db9c   0x00000010   Data   RO          707    .constdata          ble_nus.o
    0x0001dbac   0x0001dbac   0x00000020   Data   RO         2099    .constdata          app_uart_fifo.o
    0x0001dbcc   0x0001dbcc   0x00000020   Data   RO         2432    .constdata          nrf_drv_uart.o
    0x0001dbec   0x0001dbec   0x00000008   Data   RO         2808    .constdata          app_button.o
    0x0001dbf4   0x0001dbf4   0x0000002c   Data   RO         3180    .constdata          fds.o
    0x0001dc20   0x0001dc20   0x00000088   Data   RO         3655    .constdata          m_ps.l(pow.o)
    0x0001dca8   0x0001dca8   0x00000008   Data   RO         3967    .constdata          m_ps.l(qnan.o)
    0x0001dcb0   0x0001dcb0   0x00000020   Data   RO         4024    Region$$Table       anon$$obj.o


    Execution Region RW_IRAM1 (Exec base: 0x20002000, Load base: 0x0001dcd0, Size: 0x00001300, Max: 0x00006000, ABSOLUTE, COMPRESSED[0x0000006c])

    Exec Addr    Load Addr    Size         Type   Attr      Idx    E Section Name        Object

    0x20002000   COMPRESSED   0x000000bc   Data   RW           26    .data               main.o
    0x200020bc   COMPRESSED   0x00000018   Data   RW          357    .data               bsp.o
    0x200020d4   COMPRESSED   0x00000008   Data   RW          451    .data               bsp_btn_ble.o
    0x200020dc   COMPRESSED   0x0000001f   Data   RW          569    .data               ble_advertising.o
    0x200020fb   COMPRESSED   0x00000001   PAD
    0x200020fc   COMPRESSED   0x00000014   Data   RW          649    .data               ble_conn_params.o
    0x20002110   COMPRESSED   0x00000008   Data   RW         2100    .data               app_uart_fifo.o
    0x20002118   COMPRESSED   0x00000024   Data   RW         2600    .data               pstorage.o
    0x2000213c   COMPRESSED   0x00000014   Data   RW         2809    .data               app_button.o
    0x20002150   COMPRESSED   0x00000020   Data   RW         2956    .data               app_timer.o
    0x20002170   COMPRESSED   0x00000004   Data   RW         3098    .data               retarget.o
    0x20002174   COMPRESSED   0x0000000c   Data   RW         3181    .data               fds.o
    0x20002180   COMPRESSED   0x00000004   Data   RW         3431    .data               fstorage.o
    0x20002184   COMPRESSED   0x00000014   Data   RW         3555    .data               softdevice_handler.o
    0x20002198   COMPRESSED   0x00000004   Data   RW         3621    .data               system_nrf51.o
    0x2000219c   COMPRESSED   0x00000004   Data   RW         4001    .data               mc_p.l(errno.o)
    0x200021a0   COMPRESSED   0x00000010   Data   RW         3182    fs_data             fds.o
    0x200021b0        -       0x00000440   Zero   RW           24    .bss                main.o
    0x200025f0        -       0x00000020   Zero   RW          352    .bss                bsp.o
    0x20002610        -       0x00000020   Zero   RW          353    .bss                bsp.o
    0x20002630        -       0x0000000c   Zero   RW          354    .bss                bsp.o
    0x2000263c        -       0x00000020   Zero   RW          355    .bss                bsp.o
    0x2000265c        -       0x00000103   Zero   RW          568    .bss                ble_advertising.o
    0x2000275f   COMPRESSED   0x00000001   PAD
    0x20002760        -       0x00000020   Zero   RW          646    .bss                ble_conn_params.o
    0x20002780        -       0x0000001c   Zero   RW          647    .bss                ble_conn_params.o
    0x2000279c        -       0x00000020   Zero   RW         2098    .bss                app_uart_fifo.o
    0x200027bc        -       0x00000048   Zero   RW         2249    .bss                nrf_drv_gpiote.o
    0x20002804        -       0x00000018   Zero   RW         2431    .bss                nrf_drv_uart.o
    0x2000281c        -       0x000000d8   Zero   RW         2598    .bss                pstorage.o
    0x200028f4        -       0x00000020   Zero   RW         2807    .bss                app_button.o
    0x20002914        -       0x00000148   Zero   RW         3179    .bss                fds.o
    0x20002a5c        -       0x000000a4   Zero   RW         3430    .bss                fstorage.o
    0x20002b00        -       0x00000800   Zero   RW         3609    STACK               arm_startup_nrf51.o


==============================================================================

Image component sizes


      Code (inc. data)   RO Data    RW Data    ZI Data      Debug   Object Name

       328         34          8         20         32       8746   app_button.o
        28         10          0          0          0       7652   app_error.o
       122          0          0          0          0       4098   app_fifo.o
      1700        152          0         32          0      28303   app_timer.o
       416         42         32          8         32       9990   app_uart_fifo.o
        56         18        192          0       2048        676   arm_startup_nrf51.o
      1588          6          0          0          0      18456   ble_advdata.o
      1054         40          0         31        259       8337   ble_advertising.o
       460         58          4         20         60      12748   ble_conn_params.o
       562         12         16          0          0       5494   ble_nus.o
      1114        118         60         24        108       9617   bsp.o
       284         10          0          8          0       4453   bsp_btn_ble.o
      3604        352         44         28        328      35863   fds.o
       774         82          0          4        164      10790   fstorage.o
      2342        448         12        188       1088     105212   main.o
        58          4          0          0          0       1687   nrf_delay.o
        96         18          0          0          0       8404   nrf_drv_common.o
       960        128          0          0         72      21288   nrf_drv_gpiote.o
      1060        116         32          0         24      21960   nrf_drv_uart.o
        40         10          0         36        216       9641   pstorage.o
        14          0          0          4          0       2738   retarget.o
       264         24          0         20          0       6428   softdevice_handler.o
       232         36          0          4          0       2227   system_nrf51.o

    ----------------------------------------------------------------------
     17182       1718        432        428       4432     344808   Object Totals
         0          0         32          0          0          0   (incl. Generated)
        26          0          0          1          1          0   (incl. Padding)

    ----------------------------------------------------------------------

      Code (inc. data)   RO Data    RW Data    ZI Data      Debug   Library Member Name

        84         14          0          0          0        340   dunder.o
        44          4          0          0          0         60   fpclassify.o
       172          0          0          0          0         76   poly.o
      2556        196        136          0          0        240   pow.o
         0          0          8          0          0          0   qnan.o
        72          6          0          0          0         76   sqrt.o
        86          0          0          0          0          0   __dczerorl2.o
         0          0          0          0          0          0   entry.o
         0          0          0          0          0          0   entry10a.o
         0          0          0          0          0          0   entry11a.o
         8          4          0          0          0          0   entry2.o
         4          0          0          0          0          0   entry5.o
         0          0          0          0          0          0   entry7b.o
         0          0          0          0          0          0   entry8b.o
         8          4          0          0          0          0   entry9a.o
        12          6          0          4          0         60   errno.o
        30          0          0          0          0          0   handlers.o
        36          8          0          0          0         68   init.o
         0          0          0          0          0          0   iusefp.o
        32          0          0          0          0         68   llshl.o
        38          0          0          0          0         68   llsshr.o
        34          0          0          0          0         68   llushr.o
        36          0          0          0          0         60   memcpya.o
        36          0          0          0          0        100   memseta.o
      1172         52          0          0          0        324   printf8.o
        44          0          0          0          0         72   uidiv.o
        96          0          0          0          0         84   uldiv.o
        40          2          0          0          0         68   cdrcmple.o
       356          4          0          0          0        140   dadd.o
       240          6          0          0          0         84   ddiv.o
       236          0          0          0          0        216   depilogue.o
        72         10          0          0          0         72   dfixi.o
        40          6          0          0          0         68   dflti.o
       208          6          0          0          0         88   dmul.o
        44          0          0          0          0         72   dscalb.o
       162          0          0          0          0         80   dsqrt.o

    ----------------------------------------------------------------------
      6002        328        144          4          0       2652   Library Totals
         4          0          0          0          0          0   (incl. Padding)

    ----------------------------------------------------------------------

      Code (inc. data)   RO Data    RW Data    ZI Data      Debug   Library Name

      2928        220        144          0          0        792   m_ps.l
      1672         74          0          4          0        972   mc_p.l
      1398         34          0          0          0        888   mf_p.l

    ----------------------------------------------------------------------
      6002        328        144          4          0       2652   Library Totals

    ----------------------------------------------------------------------

==============================================================================


      Code (inc. data)   RO Data    RW Data    ZI Data      Debug   

     23184       2046        576        432       4432     338288   Grand Totals
     23184       2046        576        108       4432     338288   ELF Image Totals (compressed)
     23184       2046        576        108          0          0   ROM Totals

==============================================================================

    Total RO  Size (Code + RO Data)                23760 (  23.20kB)
    Total RW  Size (RW Data + ZI Data)              4864 (   4.75kB)
    Total ROM Size (Code + RO Data + RW Data)      23868 (  23.31kB)

==============================================================================

