Component: ARM Compiler 5.06 update 5 (build 528) Tool: armlink [4d35e2]

==============================================================================

Section Cross References

    main.o(i.ADC_IRQHandler) refers to fflti.o(.text) for __aeabi_i2f
    main.o(i.ADC_IRQHandler) refers to fadd.o(.text) for __aeabi_fsub
    main.o(i.ADC_IRQHandler) refers to main.o(i.calcNewOffset) for calcNewOffset
    main.o(i.ADC_IRQHandler) refers to main.o(.data) for .data
    main.o(i.ADC_IRQHandler) refers to main.o(.bss) for .bss
    main.o(i.FFT) refers to fadd.o(.text) for __aeabi_fadd
    main.o(i.FFT) refers to fmul.o(.text) for __aeabi_fmul
    main.o(i.FFT) refers to main.o(.constdata) for .constdata
    main.o(i.PWM_config) refers to memcpya.o(.text) for __aeabi_memcpy4
    main.o(i.PWM_config) refers to app_pwm.o(i.app_pwm_init) for app_pwm_init
    main.o(i.PWM_config) refers to app_error.o(i.app_error_handler) for app_error_handler
    main.o(i.PWM_config) refers to app_pwm.o(i.app_pwm_enable) for app_pwm_enable
    main.o(i.PWM_config) refers to main.o(.constdata) for .constdata
    main.o(i.PWM_config) refers to main.o(i.pwm_ready_callback) for pwm_ready_callback
    main.o(i.adcConfig) refers to nrf_adc.o(i.nrf_adc_configure) for nrf_adc_configure
    main.o(i.adcConfig) refers to main.o(.constdata) for .constdata
    main.o(i.advertising) refers to ble_advertising.o(i.ble_advertising_start) for ble_advertising_start
    main.o(i.advertising) refers to app_error.o(i.app_error_handler) for app_error_handler
    main.o(i.advertising) refers to bsp.o(i.bsp_indication_set) for bsp_indication_set
    main.o(i.advertising_init) refers to memseta.o(.text) for __aeabi_memclr4
    main.o(i.advertising_init) refers to ble_advertising.o(i.ble_advertising_init) for ble_advertising_init
    main.o(i.advertising_init) refers to app_error.o(i.app_error_handler) for app_error_handler
    main.o(i.advertising_init) refers to main.o(.data) for .data
    main.o(i.advertising_init) refers to main.o(i.on_adv_evt) for on_adv_evt
    main.o(i.analogWrite) refers to app_pwm.o(i.app_pwm_channel_duty_set) for app_pwm_channel_duty_set
    main.o(i.analogWrite) refers to main.o(.constdata) for .constdata
    main.o(i.assert_nrf_callback) refers to app_error.o(i.app_error_handler) for app_error_handler
    main.o(i.attachInterrupt) refers to nrf_drv_gpiote.o(i.nrf_drv_gpiote_init) for nrf_drv_gpiote_init
    main.o(i.attachInterrupt) refers to app_error.o(i.app_error_handler) for app_error_handler
    main.o(i.attachInterrupt) refers to nrf_drv_gpiote.o(i.nrf_drv_gpiote_in_init) for nrf_drv_gpiote_in_init
    main.o(i.attachInterrupt) refers to nrf_drv_gpiote.o(i.nrf_drv_gpiote_in_event_enable) for nrf_drv_gpiote_in_event_enable
    main.o(i.attachInterrupt) refers to nrf_drv_gpiote.o(i.nrf_drv_gpiote_in_event_disable) for nrf_drv_gpiote_in_event_disable
    main.o(i.attachInterrupt) refers to main.o(.data) for .data
    main.o(i.attachInterrupt) refers to main.o(.constdata) for .constdata
    main.o(i.attachInterrupt) refers to main.o(i.in_pin_handler) for in_pin_handler
    main.o(i.batteryLevelCheck) refers to main.o(i.battery_level_get) for battery_level_get
    main.o(i.batteryLevelCheck) refers to uidiv.o(.text) for __aeabi_uidivmod
    main.o(i.batteryLevelCheck) refers to main.o(i.analogWrite) for analogWrite
    main.o(i.batteryLevelCheck) refers to nrf_delay.o(i.nrf_delay_ms) for nrf_delay_ms
    main.o(i.batteryLevelCheck) refers to main.o(.data) for .data
    main.o(i.battery_level_get) refers to uidiv.o(.text) for __aeabi_uidivmod
    main.o(i.battery_level_get) refers to main.o(i.startADC) for startADC
    main.o(i.battery_level_get) refers to nrf_delay.o(i.nrf_delay_ms) for nrf_delay_ms
    main.o(i.battery_level_get) refers to idiv.o(.text) for __aeabi_idivmod
    main.o(i.ble_evt_dispatch) refers to ble_conn_params.o(i.ble_conn_params_on_ble_evt) for ble_conn_params_on_ble_evt
    main.o(i.ble_evt_dispatch) refers to ble_nus.o(i.ble_nus_on_ble_evt) for ble_nus_on_ble_evt
    main.o(i.ble_evt_dispatch) refers to main.o(i.on_ble_evt) for on_ble_evt
    main.o(i.ble_evt_dispatch) refers to ble_advertising.o(i.ble_advertising_on_ble_evt) for ble_advertising_on_ble_evt
    main.o(i.ble_evt_dispatch) refers to bsp_btn_ble.o(i.bsp_btn_ble_on_ble_evt) for bsp_btn_ble_on_ble_evt
    main.o(i.ble_evt_dispatch) refers to main.o(.bss) for .bss
    main.o(i.ble_stack_init) refers to softdevice_handler.o(i.softdevice_handler_init) for softdevice_handler_init
    main.o(i.ble_stack_init) refers to app_error.o(i.app_error_handler) for app_error_handler
    main.o(i.ble_stack_init) refers to softdevice_handler.o(i.softdevice_sys_evt_handler_set) for softdevice_sys_evt_handler_set
    main.o(i.ble_stack_init) refers to softdevice_handler.o(i.softdevice_ble_evt_handler_set) for softdevice_ble_evt_handler_set
    main.o(i.ble_stack_init) refers to main.o(.bss) for .bss
[...]
    m_ticks_elapsed_q_read_ind               0x20002335   Data           1  app_timer.o(.data)
    m_ticks_elapsed_q_write_ind              0x20002336   Data           1  app_timer.o(.data)
    m_rtc1_running                           0x20002337   Data           1  app_timer.o(.data)
    m_rtc1_reset                             0x20002338   Data           1  app_timer.o(.data)
    mp_users                                 0x2000233c   Data           4  app_timer.o(.data)
    mp_timer_id_head                         0x20002340   Data           4  app_timer.o(.data)
    m_ticks_latest                           0x20002344   Data           4  app_timer.o(.data)
    m_evt_schedule_func                      0x20002348   Data           4  app_timer.o(.data)
    m_ticks_elapsed                          0x2000234c   Data           8  app_timer.o(.data)
    .data                                    0x20002354   Section        4  retarget.o(.data)
    .data                                    0x20002358   Section       12  fds.o(.data)
    m_swap_page_avail                        0x20002358   Data           1  fds.o(.data)
    m_flags                                  0x20002359   Data           1  fds.o(.data)
    m_users                                  0x2000235a   Data           1  fds.o(.data)
    m_counter                                0x2000235b   Data           1  fds.o(.data)
    m_gc_runs                                0x2000235c   Data           2  fds.o(.data)
    m_last_rec_id                            0x20002360   Data           4  fds.o(.data)
    .data                                    0x20002364   Section        4  fstorage.o(.data)
    m_flags                                  0x20002364   Data           1  fstorage.o(.data)
    m_retry_count                            0x20002366   Data           2  fstorage.o(.data)
    .data                                    0x20002368   Section       24  app_pwm.o(.data)
    m_pwm_busy                               0x20002368   Data           2  app_pwm.o(.data)
    m_pwm_target_value                       0x20002370   Data           8  app_pwm.o(.data)
    m_instances                              0x20002378   Data           8  app_pwm.o(.data)
    .data                                    0x20002380   Section       20  softdevice_handler.o(.data)
    m_softdevice_enabled                     0x20002380   Data           1  softdevice_handler.o(.data)
    m_ble_evt_buffer_size                    0x20002382   Data           2  softdevice_handler.o(.data)
    m_evt_schedule_func                      0x20002384   Data           4  softdevice_handler.o(.data)
    mp_ble_evt_buffer                        0x20002388   Data           4  softdevice_handler.o(.data)
    m_ble_evt_handler                        0x2000238c   Data           4  softdevice_handler.o(.data)
    m_sys_evt_handler                        0x20002390   Data           4  softdevice_handler.o(.data)
    .data                                    0x20002394   Section        4  system_nrf51.o(.data)
    __tagsym$$used                           0x20002394   Number         0  system_nrf51.o(.data)
    .data                                    0x20002398   Section        4  errno.o(.data)
    _errno                                   0x20002398   Data           4  errno.o(.data)
    fs_data                                  0x2000239c   Section       16  fds.o(fs_data)
    __tagsym$$used                           0x2000239c   Number         0  fds.o(fs_data)
    fs_config                                0x2000239c   Data          16  fds.o(fs_data)
    .bss                                     0x200023ac   Section       32  main.o(.bss)
    millis_timer_id_data                     0x200023ac   Data          32  main.o(.bss)
    .bss                                     0x200023cc   Section       32  main.o(.bss)
    led_action_timer_data                    0x200023cc   Data          32  main.o(.bss)
    .bss                                     0x200023ec   Section     4416  main.o(.bss)
    BLE_EVT_BUFFER                           0x200026ec   Data          72  main.o(.bss)
    data_array                               0x20002734   Data          20  main.o(.bss)
    rx_buf                                   0x20002748   Data         256  main.o(.bss)
    tx_buf                                   0x20002848   Data         256  main.o(.bss)
    maxFreqArr                               0x20002948   Data         512  main.o(.bss)
    maxFreqPowerArr                          0x20002b48   Data         512  main.o(.bss)
    averPowerArr                             0x20002d48   Data         512  main.o(.bss)
    haprArr                                  0x20002f48   Data         512  main.o(.bss)
    silArr                                   0x20003148   Data         512  main.o(.bss)
    APP_TIMER_BUF                            0x20003348   Data         456  main.o(.bss)
    m_nus                                    0x20003510   Data          28  main.o(.bss)
    .bss                                     0x2000352c   Section       36  main.o(.bss)
    .bss                                     0x20003550   Section       32  bsp.o(.bss)
    m_leds_timer_id_data                     0x20003550   Data          32  bsp.o(.bss)
    .bss                                     0x20003570   Section       32  bsp.o(.bss)
    m_alert_timer_id_data                    0x20003570   Data          32  bsp.o(.bss)
    .bss                                     0x20003590   Section       12  bsp.o(.bss)
    m_events_list                            0x20003590   Data          12  bsp.o(.bss)
    .bss                                     0x2000359c   Section       32  bsp.o(.bss)
    m_button_timer_id_data                   0x2000359c   Data          32  bsp.o(.bss)
    .bss                                     0x200035bc   Section      259  ble_advertising.o(.bss)
    m_advdata                                0x200035bc   Data          56  ble_advertising.o(.bss)
    m_adv_modes_config                       0x200035f4   Data          36  ble_advertising.o(.bss)
    m_whitelist                              0x20003618   Data          16  ble_advertising.o(.bss)
    mp_whitelist_addr                        0x20003628   Data          32  ble_advertising.o(.bss)
    mp_whitelist_irk                         0x20003648   Data          32  ble_advertising.o(.bss)
    m_manuf_specific_data                    0x20003668   Data          12  ble_advertising.o(.bss)
    m_manuf_data_array                       0x20003674   Data          31  ble_advertising.o(.bss)
    m_service_data                           0x20003694   Data          12  ble_advertising.o(.bss)
    m_service_data_array                     0x200036a0   Data          31  ble_advertising.o(.bss)
    .bss                                     0x200036c0   Section       32  ble_conn_params.o(.bss)
    m_conn_params_timer_id_data              0x200036c0   Data          32  ble_conn_params.o(.bss)
    .bss                                     0x200036e0   Section       28  ble_conn_params.o(.bss)
    m_conn_params_config                     0x200036e0   Data          28  ble_conn_params.o(.bss)
    .bss                                     0x200036fc   Section       32  app_uart_fifo.o(.bss)
    m_rx_fifo                                0x200036fc   Data          16  app_uart_fifo.o(.bss)
    m_tx_fifo                                0x2000370c   Data          16  app_uart_fifo.o(.bss)
    .bss                                     0x2000371c   Section       72  nrf_drv_gpiote.o(.bss)
    m_cb                                     0x2000371c   Data          72  nrf_drv_gpiote.o(.bss)
    .bss                                     0x20003764   Section       24  nrf_drv_uart.o(.bss)
    m_cb                                     0x20003764   Data          24  nrf_drv_uart.o(.bss)
    .bss                                     0x2000377c   Section      216  pstorage.o(.bss)
    m_cmd_queue                              0x2000377c   Data         204  pstorage.o(.bss)
    m_app_table                              0x20003848   Data          12  pstorage.o(.bss)
    .bss                                     0x20003854   Section       32  app_button.o(.bss)
    m_detection_delay_timer_id_data          0x20003854   Data          32  app_button.o(.bss)
    .bss                                     0x20003874   Section      328  fds.o(.bss)
    tok                                      0x20003874   Data          12  fds.o(.bss)
    m_cb_table                               0x20003880   Data          40  fds.o(.bss)
    m_cmd_queue                              0x200038a8   Data         164  fds.o(.bss)
    m_chunk_queue                            0x2000394c   Data          68  fds.o(.bss)
    m_pages                                  0x20003990   Data          32  fds.o(.bss)
    m_gc                                     0x200039b0   Data          12  fds.o(.bss)
    .bss                                     0x200039bc   Section      164  fstorage.o(.bss)
    m_cmd_queue                              0x200039bc   Data         164  fstorage.o(.bss)
    STACK                                    0x20003a60   Section     2048  arm_startup_nrf51.o(STACK)

    Global Symbols

    Symbol Name                              Value     Ov Type        Size  Object(Section)

    BuildAttributes$$THM_ISAv3M$S$PE$A:L22$X:L11$S22$IEEE1$IW$USESV6$~STKCKD$USESV7$~SHL$OTIME$ROPI$IEEEX$EBA8$MICROLIB$REQ8$PRES8$EABIv2 0x00000000   Number         0  anon$$obj.o ABSOLUTE
    __ARM_use_no_argv                        0x00000000   Number         0  main.o ABSOLUTE
    _printf_a                                0x00000000   Number         0  stubs.o ABSOLUTE
    _printf_c                                0x00000000   Number         0  stubs.o ABSOLUTE
    _printf_charcount                        0x00000000   Number         0  stubs.o ABSOLUTE
    _printf_d                                0x00000000   Number         0  stubs.o ABSOLUTE
    _printf_e                                0x00000000   Number         0  stubs.o ABSOLUTE
    _printf_f                                0x00000000   Number         0  stubs.o ABSOLUTE
    _printf_flags                            0x00000000   Number         0  stubs.o ABSOLUTE
    _printf_fp_dec                           0x00000000   Number         0  stubs.o ABSOLUTE
    _printf_fp_hex                           0x00000000   Number         0  stubs.o ABSOLUTE
    _printf_g                                0x00000000   Number         0  stubs.o ABSOLUTE
    _printf_i                                0x00000000   Number         0  stubs.o ABSOLUTE
    _printf_int_dec                          0x00000000   Number         0  stubs.o ABSOLUTE
    _printf_l                                0x00000000   Number         0  stubs.o ABSOLUTE
    _printf_lc                               0x00000000   Number         0  stubs.o ABSOLUTE
    _printf_ll                               0x00000000   Number         0  stubs.o ABSOLUTE
    _printf_lld                              0x00000000   Number         0  stubs.o ABSOLUTE
    _printf_lli                              0x00000000   Number         0  stubs.o ABSOLUTE
    _printf_llo                              0x00000000   Number         0  stubs.o ABSOLUTE
    _printf_llu                              0x00000000   Number         0  stubs.o ABSOLUTE
    _printf_llx                              0x00000000   Number         0  stubs.o ABSOLUTE
    _printf_longlong_dec                     0x00000000   Number         0  stubs.o ABSOLUTE
    _printf_longlong_hex                     0x00000000   Number         0  stubs.o ABSOLUTE
    _printf_longlong_oct                     0x00000000   Number         0  stubs.o ABSOLUTE
    _printf_ls                               0x00000000   Number         0  stubs.o ABSOLUTE
    _printf_mbtowc                           0x00000000   Number         0  stubs.o ABSOLUTE
    _printf_n                                0x00000000   Number         0  stubs.o ABSOLUTE
    _printf_o                                0x00000000   Number         0  stubs.o ABSOLUTE
    _printf_p                                0x00000000   Number         0  stubs.o ABSOLUTE
    _printf_percent                          0x00000000   Number         0  stubs.o ABSOLUTE
    _printf_pre_padding                      0x00000000   Number         0  stubs.o ABSOLUTE
    _printf_return_value                     0x00000000   Number         0  stubs.o ABSOLUTE
    _printf_s                                0x00000000   Number         0  stubs.o ABSOLUTE
    _printf_sizespec                         0x00000000   Number         0  stubs.o ABSOLUTE
    _printf_str                              0x00000000   Number         0  stubs.o ABSOLUTE
    _printf_truncate_signed                  0x00000000   Number         0  stubs.o ABSOLUTE
    _printf_truncate_unsigned                0x00000000   Number         0  stubs.o ABSOLUTE
    _printf_u                                0x00000000   Number         0  stubs.o ABSOLUTE
    _printf_wc                               0x00000000   Number         0  stubs.o ABSOLUTE
    _printf_wctomb                           0x00000000   Number         0  stubs.o ABSOLUTE
    _printf_widthprec                        0x00000000   Number         0  stubs.o ABSOLUTE
    _printf_x                                0x00000000   Number         0  stubs.o ABSOLUTE
    __cpp_initialize__aeabi_                  - Undefined Weak Reference
    __cxa_finalize                            - Undefined Weak Reference
    _clock_init                               - Undefined Weak Reference
    _microlib_exit                            - Undefined Weak Reference
    __Vectors_Size                           0x000000c0   Number         0  arm_startup_nrf51.o ABSOLUTE
    __Vectors                                0x00018000   Data           4  arm_startup_nrf51.o(RESET)
    __Vectors_End                            0x000180c0   Data           0  arm_startup_nrf51.o(RESET)
    __main                                   0x000180c1   Thumb Code     0  entry.o(.ARM.Collect$$$$00000000)
    _main_stk                                0x000180c1   Thumb Code     0  entry2.o(.ARM.Collect$$$$00000001)
    _main_scatterload                        0x000180c5   Thumb Code     0  entry5.o(.ARM.Collect$$$$00000004)
    __main_after_scatterload                 0x000180c9   Thumb Code     0  entry5.o(.ARM.Collect$$$$00000004)
    _main_clock                              0x000180c9   Thumb Code     0  entry7b.o(.ARM.Collect$$$$00000008)
    _main_cpp_init                           0x000180c9   Thumb Code     0  entry8b.o(.ARM.Collect$$$$0000000A)
    _main_init                               0x000180c9   Thumb Code     0  entry9a.o(.ARM.Collect$$$$0000000B)
    __rt_final_cpp                           0x000180d1   Thumb Code     0  entry10a.o(.ARM.Collect$$$$0000000D)
    __rt_final_exit                          0x000180d1   Thumb Code     0  entry11a.o(.ARM.Collect$$$$0000000F)
    __asm___6_main_c_settings__nrf_delay_us  0x000180d5   Thumb Code    30  main.o(.emb_text)
    __asm___11_nrf_delay_c_532987f3__nrf_delay_us 0x000180f5   Thumb Code    30  nrf_delay.o(.emb_text)
    __asm___11_app_timer_c_cd27f9c3__nrf_delay_us 0x00018115   Thumb Code    30  app_timer.o(.emb_text)
    Reset_Handler                            0x00018135   Thumb Code    26  arm_startup_nrf51.o(.text)
    NMI_Handler                              0x0001814f   Thumb Code     2  arm_startup_nrf51.o(.text)
    HardFault_Handler                        0x00018151   Thumb Code     2  arm_startup_nrf51.o(.text)
    SVC_Handler                              0x00018153   Thumb Code     2  arm_startup_nrf51.o(.text)
    PendSV_Handler                           0x00018155   Thumb Code     2  arm_startup_nrf51.o(.text)
    SysTick_Handler                          0x00018157   Thumb Code     2  arm_startup_nrf51.o(.text)
    CCM_AAR_IRQHandler                       0x00018159   Thumb Code     0  arm_startup_nrf51.o(.text)
    ECB_IRQHandler                           0x00018159   Thumb Code     0  arm_startup_nrf51.o(.text)
    LPCOMP_IRQHandler                        0x00018159   Thumb Code     0  arm_startup_nrf51.o(.text)
    POWER_CLOCK_IRQHandler                   0x00018159   Thumb Code     0  arm_startup_nrf51.o(.text)
    QDEC_IRQHandler                          0x00018159   Thumb Code     0  arm_startup_nrf51.o(.text)
    RADIO_IRQHandler                         0x00018159   Thumb Code     0  arm_startup_nrf51.o(.text)
    RNG_IRQHandler                           0x00018159   Thumb Code     0  arm_startup_nrf51.o(.text)
    RTC0_IRQHandler                          0x00018159   Thumb Code     0  arm_startup_nrf51.o(.text)
    SPI0_TWI0_IRQHandler                     0x00018159   Thumb Code     0  arm_startup_nrf51.o(.text)
    SPI1_TWI1_IRQHandler                     0x00018159   Thumb Code     0  arm_startup_nrf51.o(.text)
    SWI1_IRQHandler                          0x00018159   Thumb Code     0  arm_startup_nrf51.o(.text)
    SWI3_IRQHandler                          0x00018159   Thumb Code     0  arm_startup_nrf51.o(.text)
    SWI4_IRQHandler                          0x00018159   Thumb Code     0  arm_startup_nrf51.o(.text)
    SWI5_IRQHandler                          0x00018159   Thumb Code     0  arm_startup_nrf51.o(.text)
    TEMP_IRQHandler                          0x00018159   Thumb Code     0  arm_startup_nrf51.o(.text)
    TIMER2_IRQHandler                        0x00018159   Thumb Code     0  arm_startup_nrf51.o(.text)
    WDT_IRQHandler                           0x00018159   Thumb Code     0  arm_startup_nrf51.o(.text)
    __aeabi_uidiv                            0x0001816d   Thumb Code     0  uidiv.o(.text)
    __aeabi_uidivmod                         0x0001816d   Thumb Code    44  uidiv.o(.text)
    __aeabi_idiv                             0x00018199   Thumb Code     0  idiv.o(.text)
    __aeabi_idivmod                          0x00018199   Thumb Code    40  idiv.o(.text)
    __aeabi_uldivmod                         0x000181c1   Thumb Code    96  uldiv.o(.text)
    __aeabi_memcpy                           0x00018221   Thumb Code    36  memcpya.o(.text)
    __aeabi_memcpy4                          0x00018221   Thumb Code     0  memcpya.o(.text)
    __aeabi_memcpy8                          0x00018221   Thumb Code     0  memcpya.o(.text)
    __aeabi_memset                           0x00018245   Thumb Code    14  memseta.o(.text)
    __aeabi_memset4                          0x00018245   Thumb Code     0  memseta.o(.text)
    __aeabi_memset8                          0x00018245   Thumb Code     0  memseta.o(.text)
    __aeabi_memclr                           0x00018253   Thumb Code     4  memseta.o(.text)
    __aeabi_memclr4                          0x00018253   Thumb Code     0  memseta.o(.text)
    __aeabi_memclr8                          0x00018253   Thumb Code     0  memseta.o(.text)
    _memset$wrapper                          0x00018257   Thumb Code    18  memseta.o(.text)
    __aeabi_fadd                             0x00018269   Thumb Code   162  fadd.o(.text)
    __aeabi_fsub                             0x0001830b   Thumb Code     8  fadd.o(.text)
    __aeabi_frsub                            0x00018313   Thumb Code     8  fadd.o(.text)
    __aeabi_fmul                             0x0001831b   Thumb Code   122  fmul.o(.text)
    __aeabi_fdiv                             0x00018395   Thumb Code   124  fdiv.o(.text)
    __ARM_scalbnf                            0x00018411   Thumb Code    24  fscalb.o(.text)
    scalbnf                                  0x00018411   Thumb Code     0  fscalb.o(.text)
    __aeabi_dadd                             0x00018429   Thumb Code   328  dadd.o(.text)
    __aeabi_dsub                             0x00018571   Thumb Code    12  dadd.o(.text)
    __aeabi_drsub                            0x0001857d   Thumb Code    12  dadd.o(.text)
    __aeabi_dmul                             0x0001858d   Thumb Code   202  dmul.o(.text)
    __ARM_scalbn                             0x0001865d   Thumb Code    44  dscalb.o(.text)
    scalbn                                   0x0001865d   Thumb Code     0  dscalb.o(.text)
    __aeabi_i2f                              0x00018689   Thumb Code    22  fflti.o(.text)
    __aeabi_ui2f                             0x0001869f   Thumb Code    14  ffltui.o(.text)
    __aeabi_i2d                              0x000186ad   Thumb Code    34  dflti.o(.text)
    __aeabi_f2iz                             0x000186d5   Thumb Code    50  ffixi.o(.text)
    __aeabi_f2uiz                            0x00018707   Thumb Code    40  ffixui.o(.text)
    __aeabi_d2iz                             0x00018731   Thumb Code    62  dfixi.o(.text)
    __aeabi_d2uiz                            0x00018779   Thumb Code    50  dfixui.o(.text)
    __aeabi_f2d                              0x000187b5   Thumb Code    40  f2d.o(.text)
    __aeabi_d2f                              0x000187dd   Thumb Code    56  d2f.o(.text)
    __aeabi_cfrcmple                         0x00018815   Thumb Code    20  cfrcmple.o(.text)
    __aeabi_llsl                             0x00018829   Thumb Code    32  llshl.o(.text)
    _ll_shift_l                              0x00018829   Thumb Code     0  llshl.o(.text)
    __aeabi_llsr                             0x00018849   Thumb Code    34  llushr.o(.text)
    _ll_ushift_r                             0x00018849   Thumb Code     0  llushr.o(.text)
    __aeabi_lasr                             0x0001886b   Thumb Code    38  llsshr.o(.text)
    _ll_sshift_r                             0x0001886b   Thumb Code     0  llsshr.o(.text)
    __I$use$fp                               0x00018891   Thumb Code     0  iusefp.o(.text)
    _float_round                             0x00018891   Thumb Code    16  fepilogue.o(.text)
    _float_epilogue                          0x000188a1   Thumb Code   114  fepilogue.o(.text)
    _double_round                            0x00018913   Thumb Code    26  depilogue.o(.text)
    _double_epilogue                         0x0001892d   Thumb Code   164  depilogue.o(.text)
    __aeabi_ddiv                             0x000189d1   Thumb Code   234  ddiv.o(.text)
    _dsqrt                                   0x00018ac1   Thumb Code   162  dsqrt.o(.text)
    __aeabi_cdrcmple                         0x00018b65   Thumb Code    38  cdrcmple.o(.text)
    __scatterload                            0x00018b8d   Thumb Code    28  init.o(.text)
    __scatterload_rt2                        0x00018b8d   Thumb Code     0  init.o(.text)
    __decompress                             0x00018bb1   Thumb Code     0  __dczerorl2.o(.text)
    __decompress1                            0x00018bb1   Thumb Code    86  __dczerorl2.o(.text)
    ADC_IRQHandler                           0x00018c09   Thumb Code   106  main.o(i.ADC_IRQHandler)
    FFT                                      0x00018c89   Thumb Code   370  main.o(i.FFT)
    GPIOTE_IRQHandler                        0x00018e01   Thumb Code   234  nrf_drv_gpiote.o(i.GPIOTE_IRQHandler)
    PWM_config                               0x00018f4d   Thumb Code    56  main.o(i.PWM_config)
    RTC1_IRQHandler                          0x00018f8d   Thumb Code    28  app_timer.o(i.RTC1_IRQHandler)
    SWI0_IRQHandler                          0x00018fad   Thumb Code     8  app_timer.o(i.SWI0_IRQHandler)
    SWI2_IRQHandler                          0x00018fb5   Thumb Code    32  softdevice_handler.o(i.SWI2_IRQHandler)
    SystemInit                               0x00018fd9   Thumb Code   130  system_nrf51.o(i.SystemInit)
    TIMER0_IRQHandler                        0x00019079   Thumb Code    12  nrf_drv_timer.o(i.TIMER0_IRQHandler)
    TIMER1_IRQHandler                        0x00019089   Thumb Code    12  nrf_drv_timer.o(i.TIMER1_IRQHandler)
    UART0_IRQHandler                         0x00019099   Thumb Code   244  nrf_drv_uart.o(i.UART0_IRQHandler)
    __0printf$8                              0x0001919d   Thumb Code    24  printf8.o(i.__0printf$8)
    __1printf$8                              0x0001919d   Thumb Code     0  printf8.o(i.__0printf$8)
    __2printf                                0x0001919d   Thumb Code     0  printf8.o(i.__0printf$8)
    __ARM_clz                                0x000191bd   Thumb Code    46  depilogue.o(i.__ARM_clz)
    __ARM_common_switch8                     0x000191eb   Thumb Code    26  bsp.o(i.__ARM_common_switch8)
    __ARM_fpclassify                         0x00019205   Thumb Code    40  fpclassify.o(i.__ARM_fpclassify)
    __kernel_poly                            0x00019231   Thumb Code   172  poly.o(i.__kernel_poly)
    __mathlib_dbl_divzero                    0x000192dd   Thumb Code    16  dunder.o(i.__mathlib_dbl_divzero)
    __mathlib_dbl_infnan2                    0x000192f1   Thumb Code     8  dunder.o(i.__mathlib_dbl_infnan2)
    __mathlib_dbl_invalid                    0x000192f9   Thumb Code    16  dunder.o(i.__mathlib_dbl_invalid)
    __mathlib_dbl_overflow                   0x00019309   Thumb Code    16  dunder.o(i.__mathlib_dbl_overflow)
    __mathlib_dbl_underflow                  0x0001931d   Thumb Code    14  dunder.o(i.__mathlib_dbl_underflow)
    __scatterload_copy                       0x00019331   Thumb Code    14  handlers.o(i.__scatterload_copy)
    __scatterload_null                       0x0001933f   Thumb Code     2  handlers.o(i.__scatterload_null)
    __scatterload_zeroinit                   0x00019341   Thumb Code    14  handlers.o(i.__scatterload_zeroinit)
    __set_errno                              0x00019351   Thumb Code     6  errno.o(i.__set_errno)
    adcConfig                                0x000197d1   Thumb Code    66  main.o(i.adcConfig)
    adv_data_encode                          0x00019829   Thumb Code   534  ble_advdata.o(i.adv_data_encode)
    analogWrite                              0x00019b3d   Thumb Code    22  main.o(i.analogWrite)
    app_button_enable                        0x00019b59   Thumb Code    32  app_button.o(i.app_button_enable)
    app_button_init                          0x00019b7d   Thumb Code   100  app_button.o(i.app_button_init)
    app_error_handler                        0x00019bf1   Thumb Code    18  app_error.o(i.app_error_handler)
    app_fifo_get                             0x00019c0d   Thumb Code    22  app_fifo.o(i.app_fifo_get)
    app_fifo_init                            0x00019c23   Thumb Code    36  app_fifo.o(i.app_fifo_init)
    app_fifo_put                             0x00019c47   Thumb Code    26  app_fifo.o(i.app_fifo_put)
    app_pwm_busy_check                       0x00019ca5   Thumb Code    54  app_pwm.o(i.app_pwm_busy_check)
    app_pwm_channel_duty_set                 0x00019ce1   Thumb Code    32  app_pwm.o(i.app_pwm_channel_duty_set)
    app_pwm_channel_duty_ticks_set           0x00019d01   Thumb Code   184  app_pwm.o(i.app_pwm_channel_duty_ticks_set)
    app_pwm_enable                           0x00019ea1   Thumb Code   116  app_pwm.o(i.app_pwm_enable)
    app_pwm_init                             0x00019f19   Thumb Code   356  app_pwm.o(i.app_pwm_init)
    app_timer_create                         0x0001a08d   Thumb Code    40  app_timer.o(i.app_timer_create)
    app_timer_init                           0x0001a0b9   Thumb Code   126  app_timer.o(i.app_timer_init)
    app_timer_start                          0x0001a149   Thumb Code   114  app_timer.o(i.app_timer_start)
    app_timer_stop                           0x0001a1c5   Thumb Code    78  app_timer.o(i.app_timer_stop)
    app_uart_get                             0x0001a219   Thumb Code    44  app_uart_fifo.o(i.app_uart_get)
    app_uart_init                            0x0001a24d   Thumb Code   144  app_uart_fifo.o(i.app_uart_init)
    app_uart_put                             0x0001a2ed   Thumb Code    30  app_uart_fifo.o(i.app_uart_put)
    attachInterrupt                          0x0001a341   Thumb Code    96  main.o(i.attachInterrupt)
    batteryLevelCheck                        0x0001a3ad   Thumb Code    78  main.o(i.batteryLevelCheck)
    battery_level_get                        0x0001a401   Thumb Code    80  main.o(i.battery_level_get)
    ble_advdata_set                          0x0001a45d   Thumb Code   104  ble_advdata.o(i.ble_advdata_set)
    ble_advertising_init                     0x0001a4c5   Thumb Code   284  ble_advertising.o(i.ble_advertising_init)
    ble_advertising_on_ble_evt               0x0001a5e9   Thumb Code   112  ble_advertising.o(i.ble_advertising_on_ble_evt)
    ble_advertising_on_sys_evt               0x0001a65d   Thumb Code    42  ble_advertising.o(i.ble_advertising_on_sys_evt)
    ble_advertising_restart_without_whitelist 0x0001a69d   Thumb Code    56  ble_advertising.o(i.ble_advertising_restart_without_whitelist)
    ble_advertising_start                    0x0001a6dd   Thumb Code   470  ble_advertising.o(i.ble_advertising_start)
    ble_conn_params_init                     0x0001a8bd   Thumb Code    68  ble_conn_params.o(i.ble_conn_params_init)
    ble_conn_params_on_ble_evt               0x0001a911   Thumb Code   132  ble_conn_params.o(i.ble_conn_params_on_ble_evt)
    ble_nus_init                             0x0001aa29   Thumb Code    98  ble_nus.o(i.ble_nus_init)
    ble_nus_on_ble_evt                       0x0001aa91   Thumb Code    88  ble_nus.o(i.ble_nus_on_ble_evt)
    ble_nus_string_send                      0x0001aae9   Thumb Code    60  ble_nus.o(i.ble_nus_string_send)
    bsp_btn_ble_init                         0x0001ab8d   Thumb Code    80  bsp_btn_ble.o(i.bsp_btn_ble_init)
    bsp_btn_ble_on_ble_evt                   0x0001abe1   Thumb Code   114  bsp_btn_ble.o(i.bsp_btn_ble_on_ble_evt)
    bsp_button_is_pressed                    0x0001acf9   Thumb Code    34  bsp.o(i.bsp_button_is_pressed)
    bsp_event_handler                        0x0001ad25   Thumb Code    54  main.o(i.bsp_event_handler)
    bsp_event_to_button_action_assign        0x0001ad61   Thumb Code    66  bsp.o(i.bsp_event_to_button_action_assign)
    bsp_indication_set                       0x0001ada9   Thumb Code    22  bsp.o(i.bsp_indication_set)
    bsp_init                                 0x0001adc5   Thumb Code   134  bsp.o(i.bsp_init)
    calcNewOffset                            0x0001b089   Thumb Code    68  main.o(i.calcNewOffset)
    changePinStates                          0x0001b0d1   Thumb Code    14  main.o(i.changePinStates)
    chunk_queue_next                         0x0001b1f1   Thumb Code    20  fds.o(i.chunk_queue_next)
    cmd_queue_next                           0x0001b32d   Thumb Code    20  fds.o(i.cmd_queue_next)
    enableInterrupts                         0x0001b649   Thumb Code    80  main.o(i.enableInterrupts)
    extractData                              0x0001b6a1   Thumb Code   278  main.o(i.extractData)
    fds_close                                0x0001b7bd   Thumb Code    46  fds.o(i.fds_close)
    fds_find                                 0x0001b7f3   Thumb Code    26  fds.o(i.fds_find)
    fds_init                                 0x0001b80d   Thumb Code   180  fds.o(i.fds_init)
    fds_open                                 0x0001b8cd   Thumb Code    88  fds.o(i.fds_open)
    fds_register                             0x0001b971   Thumb Code    28  fds.o(i.fds_register)
    fds_update                               0x0001b995   Thumb Code    44  fds.o(i.fds_update)
    fds_write                                0x0001b9c1   Thumb Code    42  fds.o(i.fds_write)
    fputc                                    0x0001bb75   Thumb Code    14  retarget.o(i.fputc)
    fs_erase                                 0x0001bc59   Thumb Code    82  fstorage.o(i.fs_erase)
    fs_init                                  0x0001bcb1   Thumb Code   112  fstorage.o(i.fs_init)
    fs_store                                 0x0001bd39   Thumb Code    78  fstorage.o(i.fs_store)
    fs_sys_event_handler                     0x0001bd8d   Thumb Code   106  fstorage.o(i.fs_sys_event_handler)
    in_pin_handler                           0x0001c049   Thumb Code    30  main.o(i.in_pin_handler)
    intern_softdevice_events_execute         0x0001c105   Thumb Code   124  softdevice_handler.o(i.intern_softdevice_events_execute)
    isBabyCrying                             0x0001c185   Thumb Code   438  main.o(i.isBabyCrying)
    knockDetect                              0x0001c43d   Thumb Code   112  main.o(i.knockDetect)
    lullabySong                              0x0001c731   Thumb Code   290  main.o(i.lullabySong)
    main                                     0x0001c85d   Thumb Code   770  main.o(i.main)
    maxFreqAnalysis                          0x0001cc41   Thumb Code    50  main.o(i.maxFreqAnalysis)
    nrf_adc_configure                        0x0001cd25   Thumb Code    60  nrf_adc.o(i.nrf_adc_configure)
    nrf_delay_ms                             0x0001cd85   Thumb Code    24  nrf_delay.o(i.nrf_delay_ms)
    nrf_drv_common_irq_enable                0x0001cda1   Thumb Code    78  nrf_drv_common.o(i.nrf_drv_common_irq_enable)
    nrf_drv_gpiote_in_event_disable          0x0001ce01   Thumb Code    62  nrf_drv_gpiote.o(i.nrf_drv_gpiote_in_event_disable)
    nrf_drv_gpiote_in_event_enable           0x0001ce49   Thumb Code   138  nrf_drv_gpiote.o(i.nrf_drv_gpiote_in_event_enable)
    nrf_drv_gpiote_in_init                   0x0001cee9   Thumb Code   146  nrf_drv_gpiote.o(i.nrf_drv_gpiote_in_init)
    nrf_drv_gpiote_in_is_set                 0x0001cf8d   Thumb Code    16  nrf_drv_gpiote.o(i.nrf_drv_gpiote_in_is_set)
    nrf_drv_gpiote_init                      0x0001cfa1   Thumb Code    76  nrf_drv_gpiote.o(i.nrf_drv_gpiote_init)
    nrf_drv_gpiote_is_init                   0x0001cff5   Thumb Code    12  nrf_drv_gpiote.o(i.nrf_drv_gpiote_is_init)
    nrf_drv_gpiote_out_init                  0x0001d005   Thumb Code   136  nrf_drv_gpiote.o(i.nrf_drv_gpiote_out_init)
    nrf_drv_gpiote_out_task_addr_get         0x0001d09d   Thumb Code    16  nrf_drv_gpiote.o(i.nrf_drv_gpiote_out_task_addr_get)
    nrf_drv_gpiote_out_task_enable           0x0001d0b1   Thumb Code    38  nrf_drv_gpiote.o(i.nrf_drv_gpiote_out_task_enable)
    nrf_drv_gpiote_out_task_force            0x0001d0e1   Thumb Code    36  nrf_drv_gpiote.o(i.nrf_drv_gpiote_out_task_force)
    nrf_drv_gpiote_out_uninit                0x0001d10d   Thumb Code    60  nrf_drv_gpiote.o(i.nrf_drv_gpiote_out_uninit)
    nrf_drv_ppi_channel_alloc                0x0001d151   Thumb Code   134  nrf_drv_ppi.o(i.nrf_drv_ppi_channel_alloc)
    nrf_drv_ppi_channel_assign               0x0001d1e1   Thumb Code    58  nrf_drv_ppi.o(i.nrf_drv_ppi_channel_assign)
    nrf_drv_ppi_channel_disable              0x0001d221   Thumb Code    52  nrf_drv_ppi.o(i.nrf_drv_ppi_channel_disable)
    nrf_drv_ppi_channel_enable               0x0001d259   Thumb Code    52  nrf_drv_ppi.o(i.nrf_drv_ppi_channel_enable)
    nrf_drv_ppi_channel_free                 0x0001d291   Thumb Code   104  nrf_drv_ppi.o(i.nrf_drv_ppi_channel_free)
    nrf_drv_ppi_channels_include_in_group    0x0001d301   Thumb Code   128  nrf_drv_ppi.o(i.nrf_drv_ppi_channels_include_in_group)
    nrf_drv_ppi_channels_remove_from_group   0x0001d385   Thumb Code   128  nrf_drv_ppi.o(i.nrf_drv_ppi_channels_remove_from_group)
    nrf_drv_ppi_group_alloc                  0x0001d409   Thumb Code   136  nrf_drv_ppi.o(i.nrf_drv_ppi_group_alloc)
    nrf_drv_ppi_group_enable                 0x0001d495   Thumb Code    44  nrf_drv_ppi.o(i.nrf_drv_ppi_group_enable)
    nrf_drv_ppi_group_free                   0x0001d4c5   Thumb Code   122  nrf_drv_ppi.o(i.nrf_drv_ppi_group_free)
    nrf_drv_ppi_init                         0x0001d549   Thumb Code    20  nrf_drv_ppi.o(i.nrf_drv_ppi_init)
    nrf_drv_timer_capture_get                0x0001d561   Thumb Code    14  nrf_drv_timer.o(i.nrf_drv_timer_capture_get)
    nrf_drv_timer_capture_task_address_get   0x0001d56f   Thumb Code    12  nrf_drv_timer.o(i.nrf_drv_timer_capture_task_address_get)
    nrf_drv_timer_clear                      0x0001d57b   Thumb Code     8  nrf_drv_timer.o(i.nrf_drv_timer_clear)
    nrf_drv_timer_compare                    0x0001d583   Thumb Code    42  nrf_drv_timer.o(i.nrf_drv_timer_compare)
    nrf_drv_timer_compare_event_address_get  0x0001d5ad   Thumb Code    14  nrf_drv_timer.o(i.nrf_drv_timer_compare_event_address_get)
    nrf_drv_timer_compare_int_disable        0x0001d5bb   Thumb Code    18  nrf_drv_timer.o(i.nrf_drv_timer_compare_int_disable)
    nrf_drv_timer_compare_int_enable         0x0001d5cd   Thumb Code    34  nrf_drv_timer.o(i.nrf_drv_timer_compare_int_enable)
    nrf_drv_timer_disable                    0x0001d5f1   Thumb Code    14  nrf_drv_timer.o(i.nrf_drv_timer_disable)
    nrf_drv_timer_enable                     0x0001d605   Thumb Code    16  nrf_drv_timer.o(i.nrf_drv_timer_enable)
    nrf_drv_timer_extended_compare           0x0001d619   Thumb Code    46  nrf_drv_timer.o(i.nrf_drv_timer_extended_compare)
    nrf_drv_timer_init                       0x0001d649   Thumb Code   154  nrf_drv_timer.o(i.nrf_drv_timer_init)
    nrf_drv_timer_uninit                     0x0001d739   Thumb Code    86  nrf_drv_timer.o(i.nrf_drv_timer_uninit)
    nrf_drv_timer_us_to_ticks                0x0001d79d   Thumb Code    22  nrf_drv_timer.o(i.nrf_drv_timer_us_to_ticks)
    nrf_drv_uart_init                        0x0001d7b5   Thumb Code   152  nrf_drv_uart.o(i.nrf_drv_uart_init)
    nrf_drv_uart_rx                          0x0001d865   Thumb Code   166  nrf_drv_uart.o(i.nrf_drv_uart_rx)
    nrf_drv_uart_rx_enable                   0x0001d919   Thumb Code    20  nrf_drv_uart.o(i.nrf_drv_uart_rx_enable)
    nrf_drv_uart_tx                          0x0001d931   Thumb Code   130  nrf_drv_uart.o(i.nrf_drv_uart_tx)
    onOffTone                                0x0001dafd   Thumb Code   132  main.o(i.onOffTone)
    playLullaby                              0x0001deb9   Thumb Code   416  main.o(i.playLullaby)
    playNote                                 0x0001e061   Thumb Code    54  main.o(i.playNote)
    playTone                                 0x0001e09d   Thumb Code   216  main.o(i.playTone)
    pow                                      0x0001e185   Thumb Code  2548  pow.o(i.pow)
    pstorage_access_status_get               0x0001eb81   Thumb Code    30  pstorage.o(i.pstorage_access_status_get)
    pwm_ready_callback                       0x0001ec55   Thumb Code     8  main.o(i.pwm_ready_callback)
    pwm_ready_tick                           0x0001ec61   Thumb Code    82  app_pwm.o(i.pwm_ready_tick)
    sendToSleep                              0x0001f5fd   Thumb Code   118  main.o(i.sendToSleep)
    softdevice_assertion_handler             0x0001f73f   Thumb Code    12  softdevice_handler.o(i.softdevice_assertion_handler)
    softdevice_ble_evt_handler_set           0x0001f74d   Thumb Code    16  softdevice_handler.o(i.softdevice_ble_evt_handler_set)
    softdevice_handler_init                  0x0001f761   Thumb Code    40  softdevice_handler.o(i.softdevice_handler_init)
    softdevice_sys_evt_handler_set           0x0001f791   Thumb Code    16  softdevice_handler.o(i.softdevice_sys_evt_handler_set)
    sqrt                                     0x0001f7a5   Thumb Code    66  sqrt.o(i.sqrt)
    startADC                                 0x0001f7ed   Thumb Code    24  main.o(i.startADC)
    test                                     0x0001f9a9   Thumb Code    16  main.o(i.test)
    turnOn                                   0x0001fb11   Thumb Code   120  main.o(i.turnOn)
    uart_event_handle                        0x0001fc6d   Thumb Code   120  main.o(i.uart_event_handle)
    PWM1                                     0x00020164   Data           8  main.o(.constdata)
    m_pwm_PWM1_timer                         0x00020204   Data           8  main.o(.constdata)
    __mathlib_zero                           0x00020378   Data           8  qnan.o(.constdata)
    Region$$Table$$Base                      0x00020380   Number         0  anon$$obj.o(Region$$Table)
    Region$$Table$$Limit                     0x000203a0   Number         0  anon$$obj.o(Region$$Table)
    BLEDisconnected                          0x20002003   Data           1  main.o(.data)
    BLEWindow                                0x20002004   Data           1  main.o(.data)
    BLEActivated                             0x20002005   Data           1  main.o(.data)
    taps                                     0x20002007   Data           1  main.o(.data)
    deviceState                              0x20002008   Data           1  main.o(.data)
    fadeTrack                                0x20002009   Data           1  main.o(.data)
    interruptDisabled                        0x2000200a   Data           1  main.o(.data)
    babyCrying                               0x2000200b   Data           1  main.o(.data)
    data1Ready                               0x2000200c   Data           1  main.o(.data)
    data2Ready                               0x2000200d   Data           1  main.o(.data)
    ledPulseTime                             0x20002024   Data           4  main.o(.data)
    timer                                    0x20002028   Data           4  main.o(.data)
    bleWindowTimer                           0x2000202c   Data           4  main.o(.data)
    timeTrack                                0x20002030   Data           4  main.o(.data)
    tempo                                    0x20002034   Data           4  main.o(.data)
    tSign                                    0x20002038   Data           4  main.o(.data)
    fade                                     0x2000203c   Data           4  main.o(.data)
    err_code                                 0x20002044   Data           4  main.o(.data)
    ONNote                                   0x2000207c   Data           8  main.o(.data)
    OFFNote                                  0x20002084   Data           8  main.o(.data)
    ONbeats                                  0x2000208c   Data           8  main.o(.data)
    settings                                 0x200020bc   Data          40  main.o(.data)
    lullaby0                                 0x20002134   Data          20  main.o(.data)
    lullaby1                                 0x20002148   Data          20  main.o(.data)
    lullaby2                                 0x2000215c   Data          72  main.o(.data)
    lullaby3                                 0x200021a4   Data          56  main.o(.data)
    lullabyBeats0                            0x200021dc   Data          20  main.o(.data)
    lullabyBeats1                            0x200021f0   Data          20  main.o(.data)
    lullabyBeats2                            0x20002204   Data          72  main.o(.data)
    lullabyBeats3                            0x2000224c   Data          56  main.o(.data)
    __stdout                                 0x20002354   Data           4  retarget.o(.data)
    m_pwm_ready_counter                      0x2000236a   Data           4  app_pwm.o(.data)
    SystemCoreClock                          0x20002394   Data           4  system_nrf51.o(.data)
    fs_data$$Base                            0x2000239c   Number         0  fds.o(fs_data)
    fs_data$$Limit                           0x200023ac   Number         0  fds.o(fs_data)
    inArrayR                                 0x200023ec   Data         512  main.o(.bss)
    inArrayI                                 0x200025ec   Data         256  main.o(.bss)
    m_pwm_PWM1_cb                            0x2000352c   Data          36  main.o(.bss)
    __initial_sp                             0x20004260   Data           0  arm_startup_nrf51.o(STACK)



==============================================================================

Memory Map of the image

  Image Entry point : 0x000180c1

  Load Region LR_IROM1 (Base: 0x00018000, Size: 0x0000874c, Max: 0x00028000, ABSOLUTE, COMPRESSED[0x00008490])

    Execution Region ER_IROM1 (Exec base: 0x00018000, Load base: 0x00018000, Size: 0x000083a0, Max: 0x00028000, ABSOLUTE)

    Exec Addr    Load Addr    Size         Type   Attr      Idx    E Section Name        Object

    0x00018000   0x00018000   0x000000c0   Data   RO         4443    RESET               arm_startup_nrf51.o
    0x000180c0   0x000180c0   0x00000000   Code   RO         4503  * .ARM.Collect$$$$00000000  mc_p.l(entry.o)
    0x000180c0   0x000180c0   0x00000004   Code   RO         4836    .ARM.Collect$$$$00000001  mc_p.l(entry2.o)
    0x000180c4   0x000180c4   0x00000004   Code   RO         4839    .ARM.Collect$$$$00000004  mc_p.l(entry5.o)
    0x000180c8   0x000180c8   0x00000000   Code   RO         4841    .ARM.Collect$$$$00000008  mc_p.l(entry7b.o)
    0x000180c8   0x000180c8   0x00000000   Code   RO         4843    .ARM.Collect$$$$0000000A  mc_p.l(entry8b.o)
    0x000180c8   0x000180c8   0x00000008   Code   RO         4844    .ARM.Collect$$$$0000000B  mc_p.l(entry9a.o)
    0x000180d0   0x000180d0   0x00000000   Code   RO         4846    .ARM.Collect$$$$0000000D  mc_p.l(entry10a.o)
    0x000180d0   0x000180d0   0x00000000   Code   RO         4848    .ARM.Collect$$$$0000000F  mc_p.l(entry11a.o)
    0x000180d0   0x000180d0   0x00000004   Code   RO         4837    .ARM.Collect$$$$00002712  mc_p.l(entry2.o)
    0x000180d4   0x000180d4   0x0000001e   Code   RO            3    .emb_text           main.o
    0x000180f2   0x000180f2   0x00000002   PAD
    0x000180f4   0x000180f4   0x0000001e   Code   RO         2423    .emb_text           nrf_delay.o
    0x00018112   0x00018112   0x00000002   PAD
    0x00018114   0x00018114   0x0000001e   Code   RO         3589    .emb_text           app_timer.o
    0x00018132   0x00018132   0x00000002   PAD
    0x00018134   0x00018134   0x00000038   Code   RO         4444    .text               arm_startup_nrf51.o
    0x0001816c   0x0001816c   0x0000002c   Code   RO         4506    .text               mc_p.l(uidiv.o)
    0x00018198   0x00018198   0x00000028   Code   RO         4508    .text               mc_p.l(idiv.o)
    0x000181c0   0x000181c0   0x00000060   Code   RO         4510    .text               mc_p.l(uldiv.o)
    0x00018220   0x00018220   0x00000024   Code   RO         4512    .text               mc_p.l(memcpya.o)
    0x00018244   0x00018244   0x00000024   Code   RO         4514    .text               mc_p.l(memseta.o)
    0x00018268   0x00018268   0x000000b2   Code   RO         4783    .text               mf_p.l(fadd.o)
    0x0001831a   0x0001831a   0x0000007a   Code   RO         4785    .text               mf_p.l(fmul.o)
    0x00018394   0x00018394   0x0000007c   Code   RO         4787    .text               mf_p.l(fdiv.o)
    0x00018410   0x00018410   0x00000018   Code   RO         4789    .text               mf_p.l(fscalb.o)
    0x00018428   0x00018428   0x00000164   Code   RO         4791    .text               mf_p.l(dadd.o)
    0x0001858c   0x0001858c   0x000000d0   Code   RO         4793    .text               mf_p.l(dmul.o)
    0x0001865c   0x0001865c   0x0000002c   Code   RO         4795    .text               mf_p.l(dscalb.o)
    0x00018688   0x00018688   0x00000016   Code   RO         4797    .text               mf_p.l(fflti.o)
    0x0001869e   0x0001869e   0x0000000e   Code   RO         4799    .text               mf_p.l(ffltui.o)
    0x000186ac   0x000186ac   0x00000028   Code   RO         4801    .text               mf_p.l(dflti.o)
    0x000186d4   0x000186d4   0x00000032   Code   RO         4803    .text               mf_p.l(ffixi.o)
    0x00018706   0x00018706   0x00000028   Code   RO         4805    .text               mf_p.l(ffixui.o)
    0x0001872e   0x0001872e   0x00000002   PAD
    0x00018730   0x00018730   0x00000048   Code   RO         4807    .text               mf_p.l(dfixi.o)
    0x00018778   0x00018778   0x0000003c   Code   RO         4809    .text               mf_p.l(dfixui.o)
    0x000187b4   0x000187b4   0x00000028   Code   RO         4811    .text               mf_p.l(f2d.o)
    0x000187dc   0x000187dc   0x00000038   Code   RO         4813    .text               mf_p.l(d2f.o)
    0x00018814   0x00018814   0x00000014   Code   RO         4815    .text               mf_p.l(cfrcmple.o)
    0x00018828   0x00018828   0x00000020   Code   RO         4850    .text               mc_p.l(llshl.o)
    0x00018848   0x00018848   0x00000022   Code   RO         4852    .text               mc_p.l(llushr.o)
    0x0001886a   0x0001886a   0x00000026   Code   RO         4854    .text               mc_p.l(llsshr.o)
    0x00018890   0x00018890   0x00000000   Code   RO         4863    .text               mc_p.l(iusefp.o)
    0x00018890   0x00018890   0x00000082   Code   RO         4864    .text               mf_p.l(fepilogue.o)
    0x00018912   0x00018912   0x000000be   Code   RO         4866    .text               mf_p.l(depilogue.o)
    0x000189d0   0x000189d0   0x000000f0   Code   RO         4870    .text               mf_p.l(ddiv.o)
    0x00018ac0   0x00018ac0   0x000000a2   Code   RO         4872    .text               mf_p.l(dsqrt.o)
    0x00018b62   0x00018b62   0x00000002   PAD
    0x00018b64   0x00018b64   0x00000028   Code   RO         4878    .text               mf_p.l(cdrcmple.o)
    0x00018b8c   0x00018b8c   0x00000024   Code   RO         4880    .text               mc_p.l(init.o)
    0x00018bb0   0x00018bb0   0x00000056   Code   RO         4890    .text               mc_p.l(__dczerorl2.o)
    0x00018c06   0x00018c06   0x00000002   PAD
    0x00018c08   0x00018c08   0x00000080   Code   RO            4    i.ADC_IRQHandler    main.o
    0x00018c88   0x00018c88   0x00000178   Code   RO            5    i.FFT               main.o
    0x00018e00   0x00018e00   0x00000108   Code   RO         2474    i.GPIOTE_IRQHandler  nrf_drv_gpiote.o
    0x00018f08   0x00018f08   0x00000044   Code   RO         3590    i.NVIC_SetPriority  app_timer.o
    0x00018f4c   0x00018f4c   0x00000040   Code   RO            6    i.PWM_config        main.o
    0x00018f8c   0x00018f8c   0x00000020   Code   RO         3591    i.RTC1_IRQHandler   app_timer.o
    0x00018fac   0x00018fac   0x00000008   Code   RO         3592    i.SWI0_IRQHandler   app_timer.o
    0x00018fb4   0x00018fb4   0x00000024   Code   RO         4379    i.SWI2_IRQHandler   softdevice_handler.o
    0x00018fd8   0x00018fd8   0x000000a0   Code   RO         4451    i.SystemInit        system_nrf51.o
    0x00019078   0x00019078   0x00000010   Code   RO         3055    i.TIMER0_IRQHandler  nrf_drv_timer.o
    0x00019088   0x00019088   0x00000010   Code   RO         3056    i.TIMER1_IRQHandler  nrf_drv_timer.o
    0x00019098   0x00019098   0x00000104   Code   RO         2664    i.UART0_IRQHandler  nrf_drv_uart.o
    0x0001919c   0x0001919c   0x00000020   Code   RO         4729    i.__0printf$8       mc_p.l(printf8.o)
    0x000191bc   0x000191bc   0x0000002e   Code   RO         4868    i.__ARM_clz         mf_p.l(depilogue.o)
    0x000191ea   0x000191ea   0x0000001a   Code   RO          701    i.__ARM_common_switch8  bsp.o
    0x00019204   0x00019204   0x0000002c   Code   RO         4831    i.__ARM_fpclassify  m_ps.l(fpclassify.o)
    0x00019230   0x00019230   0x000000ac   Code   RO         4833    i.__kernel_poly     m_ps.l(poly.o)
    0x000192dc   0x000192dc   0x00000014   Code   RO         4817    i.__mathlib_dbl_divzero  m_ps.l(dunder.o)
    0x000192f0   0x000192f0   0x00000008   Code   RO         4819    i.__mathlib_dbl_infnan2  m_ps.l(dunder.o)
    0x000192f8   0x000192f8   0x00000010   Code   RO         4820    i.__mathlib_dbl_invalid  m_ps.l(dunder.o)
    0x00019308   0x00019308   0x00000014   Code   RO         4821    i.__mathlib_dbl_overflow  m_ps.l(dunder.o)
    0x0001931c   0x0001931c   0x00000014   Code   RO         4823    i.__mathlib_dbl_underflow  m_ps.l(dunder.o)
    0x00019330   0x00019330   0x0000000e   Code   RO         4884    i.__scatterload_copy  mc_p.l(handlers.o)
    0x0001933e   0x0001933e   0x00000002   Code   RO         4885    i.__scatterload_null  mc_p.l(handlers.o)
    0x00019340   0x00019340   0x0000000e   Code   RO         4886    i.__scatterload_zeroinit  mc_p.l(handlers.o)
    0x0001934e   0x0001934e   0x00000002   PAD
    0x00019350   0x00019350   0x0000000c   Code   RO         4858    i.__set_errno       mc_p.l(errno.o)
    0x0001935c   0x0001935c   0x00000428   Code   RO         4736    i._printf_core      mc_p.l(printf8.o)
    0x00019784   0x00019784   0x00000020   Code   RO         4737    i._printf_post_padding  mc_p.l(printf8.o)
    0x000197a4   0x000197a4   0x0000002c   Code   RO         4738    i._printf_pre_padding  mc_p.l(printf8.o)
    0x000197d0   0x000197d0   0x00000058   Code   RO            7    i.adcConfig         main.o
    0x00019828   0x00019828   0x00000216   Code   RO          762    i.adv_data_encode   ble_advdata.o
    0x00019a3e   0x00019a3e   0x00000042   Code   RO            8    i.advertising       main.o
    0x00019a80   0x00019a80   0x0000003c   Code   RO          725    i.advertising_buttons_configure  bsp_btn_ble.o
    0x00019abc   0x00019abc   0x00000068   Code   RO            9    i.advertising_init  main.o
    0x00019b24   0x00019b24   0x00000018   Code   RO          607    i.alert_timer_handler  bsp.o
    0x00019b3c   0x00019b3c   0x0000001c   Code   RO           10    i.analogWrite       main.o
    0x00019b58   0x00019b58   0x00000024   Code   RO         3460    i.app_button_enable  app_button.o
    0x00019b7c   0x00019b7c   0x00000074   Code   RO         3461    i.app_button_init   app_button.o
    0x00019bf0   0x00019bf0   0x0000001c   Code   RO         3514    i.app_error_handler  app_error.o
    0x00019c0c   0x00019c0c   0x00000016   Code   RO         3536    i.app_fifo_get      app_fifo.o
    0x00019c22   0x00019c22   0x00000024   Code   RO         3537    i.app_fifo_init     app_fifo.o
    0x00019c46   0x00019c46   0x0000001a   Code   RO         3538    i.app_fifo_put      app_fifo.o
    0x00019c60   0x00019c60   0x0000002c   Code   RO         3785    i.app_notify        fds.o
    0x00019c8c   0x00019c8c   0x00000016   Code   RO         4074    i.app_notify        fstorage.o
    0x00019ca2   0x00019ca2   0x00000002   PAD
    0x00019ca4   0x00019ca4   0x0000003c   Code   RO         4202    i.app_pwm_busy_check  app_pwm.o
    0x00019ce0   0x00019ce0   0x00000020   Code   RO         4204    i.app_pwm_channel_duty_set  app_pwm.o
    0x00019d00   0x00019d00   0x000000bc   Code   RO         4206    i.app_pwm_channel_duty_ticks_set  app_pwm.o
    0x00019dbc   0x00019dbc   0x000000e4   Code   RO         4207    i.app_pwm_channel_init  app_pwm.o
    0x00019ea0   0x00019ea0   0x00000078   Code   RO         4210    i.app_pwm_enable    app_pwm.o
    0x00019f18   0x00019f18   0x00000174   Code   RO         4211    i.app_pwm_init      app_pwm.o
    0x0001a08c   0x0001a08c   0x0000002c   Code   RO         3595    i.app_timer_create  app_timer.o
    0x0001a0b8   0x0001a0b8   0x00000090   Code   RO         3596    i.app_timer_init    app_timer.o
    0x0001a148   0x0001a148   0x0000007c   Code   RO         3597    i.app_timer_start   app_timer.o
    0x0001a1c4   0x0001a1c4   0x00000054   Code   RO         3598    i.app_timer_stop    app_timer.o
    0x0001a218   0x0001a218   0x00000034   Code   RO         2360    i.app_uart_get      app_uart_fifo.o
    0x0001a24c   0x0001a24c   0x000000a0   Code   RO         2361    i.app_uart_init     app_uart_fifo.o
    0x0001a2ec   0x0001a2ec   0x00000028   Code   RO         2362    i.app_uart_put      app_uart_fifo.o
    0x0001a314   0x0001a314   0x0000000c   Code   RO         3214    i.are_app_channels  nrf_drv_ppi.o
    0x0001a320   0x0001a320   0x00000010   Code   RO         3786    i.atomic_counter_dec  fds.o
    0x0001a330   0x0001a330   0x00000010   Code   RO         3787    i.atomic_counter_inc  fds.o
    0x0001a340   0x0001a340   0x0000006c   Code   RO           12    i.attachInterrupt   main.o
    0x0001a3ac   0x0001a3ac   0x00000054   Code   RO           13    i.batteryLevelCheck  main.o
    0x0001a400   0x0001a400   0x0000005c   Code   RO           14    i.battery_level_get  main.o
    0x0001a45c   0x0001a45c   0x00000068   Code   RO          763    i.ble_advdata_set   ble_advdata.o
    0x0001a4c4   0x0001a4c4   0x00000124   Code   RO          836    i.ble_advertising_init  ble_advertising.o
    0x0001a5e8   0x0001a5e8   0x00000074   Code   RO          837    i.ble_advertising_on_ble_evt  ble_advertising.o
    0x0001a65c   0x0001a65c   0x00000030   Code   RO          838    i.ble_advertising_on_sys_evt  ble_advertising.o
    0x0001a68c   0x0001a68c   0x00000010   Code   RO          840    i.ble_advertising_peer_address_clear  ble_advertising.o
    0x0001a69c   0x0001a69c   0x00000040   Code   RO          841    i.ble_advertising_restart_without_whitelist  ble_advertising.o
    0x0001a6dc   0x0001a6dc   0x000001e0   Code   RO          842    i.ble_advertising_start  ble_advertising.o
    0x0001a8bc   0x0001a8bc   0x00000054   Code   RO          909    i.ble_conn_params_init  ble_conn_params.o
    0x0001a910   0x0001a910   0x00000090   Code   RO          910    i.ble_conn_params_on_ble_evt  ble_conn_params.o
    0x0001a9a0   0x0001a9a0   0x0000005e   Code   RO          764    i.ble_device_addr_encode  ble_advdata.o
    0x0001a9fe   0x0001a9fe   0x00000002   PAD
    0x0001aa00   0x0001aa00   0x00000028   Code   RO           15    i.ble_evt_dispatch  main.o
    0x0001aa28   0x0001aa28   0x00000068   Code   RO          971    i.ble_nus_init      ble_nus.o
    0x0001aa90   0x0001aa90   0x00000058   Code   RO          972    i.ble_nus_on_ble_evt  ble_nus.o
    0x0001aae8   0x0001aae8   0x0000003c   Code   RO          973    i.ble_nus_string_send  ble_nus.o
    0x0001ab24   0x0001ab24   0x00000068   Code   RO           16    i.ble_stack_init    main.o
    0x0001ab8c   0x0001ab8c   0x00000054   Code   RO          726    i.bsp_btn_ble_init  bsp_btn_ble.o
    0x0001abe0   0x0001abe0   0x00000078   Code   RO          727    i.bsp_btn_ble_on_ble_evt  bsp_btn_ble.o
    0x0001ac58   0x0001ac58   0x000000a0   Code   RO          608    i.bsp_button_event_handler  bsp.o
    0x0001acf8   0x0001acf8   0x0000002c   Code   RO          609    i.bsp_button_is_pressed  bsp.o
    0x0001ad24   0x0001ad24   0x0000003c   Code   RO           17    i.bsp_event_handler  main.o
    0x0001ad60   0x0001ad60   0x00000048   Code   RO          613    i.bsp_event_to_button_action_assign  bsp.o
    0x0001ada8   0x0001ada8   0x0000001c   Code   RO          614    i.bsp_indication_set  bsp.o
    0x0001adc4   0x0001adc4   0x000000a0   Code   RO          616    i.bsp_init          bsp.o
    0x0001ae64   0x0001ae64   0x00000218   Code   RO          617    i.bsp_led_indication  bsp.o
    0x0001b07c   0x0001b07c   0x0000000c   Code   RO          619    i.button_timer_handler  bsp.o
    0x0001b088   0x0001b088   0x00000048   Code   RO           18    i.calcNewOffset     main.o
    0x0001b0d0   0x0001b0d0   0x0000000e   Code   RO           19    i.changePinStates   main.o
    0x0001b0de   0x0001b0de   0x00000002   PAD
    0x0001b0e0   0x0001b0e0   0x0000001c   Code   RO         2475    i.channel_free      nrf_drv_gpiote.o
    0x0001b0fc   0x0001b0fc   0x00000048   Code   RO         2476    i.channel_port_alloc  nrf_drv_gpiote.o
    0x0001b144   0x0001b144   0x00000010   Code   RO         2477    i.channel_port_get  nrf_drv_gpiote.o
    0x0001b154   0x0001b154   0x0000007c   Code   RO           20    i.charArrayToInt    main.o
    0x0001b1d0   0x0001b1d0   0x00000020   Code   RO         4075    i.check_config      fstorage.o
    0x0001b1f0   0x0001b1f0   0x00000018   Code   RO         3788    i.chunk_queue_next  fds.o
    0x0001b208   0x0001b208   0x000000a4   Code   RO         3789    i.clear_execute     fds.o
    0x0001b2ac   0x0001b2ac   0x00000048   Code   RO         4076    i.cmd_consume       fstorage.o
    0x0001b2f4   0x0001b2f4   0x00000038   Code   RO         4077    i.cmd_enqueue       fstorage.o
    0x0001b32c   0x0001b32c   0x00000018   Code   RO         3790    i.cmd_queue_next    fds.o
    0x0001b344   0x0001b344   0x00000060   Code   RO         3791    i.cmd_queue_process  fds.o
    0x0001b3a4   0x0001b3a4   0x0000001c   Code   RO         3792    i.cmd_queue_process_start  fds.o
    0x0001b3c0   0x0001b3c0   0x000000a8   Code   RO         3600    i.compare_reg_update  app_timer.o
    0x0001b468   0x0001b468   0x00000088   Code   RO          765    i.conn_int_encode   ble_advdata.o
    0x0001b4f0   0x0001b4f0   0x0000000c   Code   RO           21    i.conn_params_error_handler  main.o
    0x0001b4fc   0x0001b4fc   0x00000068   Code   RO          912    i.conn_params_negotiation  ble_conn_params.o
    0x0001b564   0x0001b564   0x00000044   Code   RO         3215    i.current_int_priority_get  nrf_drv_ppi.o
    0x0001b5a8   0x0001b5a8   0x00000060   Code   RO         3463    i.detection_delay_timeout_handler  app_button.o
    0x0001b608   0x0001b608   0x00000040   Code   RO         3601    i.elapsed_ticks_acquire  app_timer.o
    0x0001b648   0x0001b648   0x00000058   Code   RO           22    i.enableInterrupts  main.o
    0x0001b6a0   0x0001b6a0   0x0000011c   Code   RO           23    i.extractData       main.o
    0x0001b7bc   0x0001b7bc   0x00000034   Code   RO         3795    i.fds_close         fds.o
    0x0001b7f0   0x0001b7f0   0x00000002   Code   RO           24    i.fds_evt_handler   main.o
    0x0001b7f2   0x0001b7f2   0x0000001a   Code   RO         3798    i.fds_find          fds.o
    0x0001b80c   0x0001b80c   0x000000c0   Code   RO         3802    i.fds_init          fds.o
    0x0001b8cc   0x0001b8cc   0x0000005c   Code   RO         3803    i.fds_open          fds.o
    0x0001b928   0x0001b928   0x00000048   Code   RO           25    i.fds_read          main.o
    0x0001b970   0x0001b970   0x00000024   Code   RO         3805    i.fds_register      fds.o
    0x0001b994   0x0001b994   0x0000002c   Code   RO         3808    i.fds_update        fds.o
    0x0001b9c0   0x0001b9c0   0x0000002a   Code   RO         3809    i.fds_write         fds.o
    0x0001b9ea   0x0001b9ea   0x00000014   Code   RO         3541    i.fifo_get          app_fifo.o
    0x0001b9fe   0x0001b9fe   0x00000012   Code   RO         3542    i.fifo_put          app_fifo.o
    0x0001ba10   0x0001ba10   0x00000130   Code   RO         3811    i.find_record       fds.o
    0x0001bb40   0x0001bb40   0x00000010   Code   RO         3812    i.flag_clear        fds.o
    0x0001bb50   0x0001bb50   0x00000014   Code   RO         3813    i.flag_is_set       fds.o
    0x0001bb64   0x0001bb64   0x00000010   Code   RO         3814    i.flag_set          fds.o
    0x0001bb74   0x0001bb74   0x0000000e   Code   RO         3752    i.fputc             retarget.o
    0x0001bb82   0x0001bb82   0x00000002   PAD
    0x0001bb84   0x0001bb84   0x000000d4   Code   RO         3815    i.fs_callback       fds.o
    0x0001bc58   0x0001bc58   0x00000058   Code   RO         4079    i.fs_erase          fstorage.o
    0x0001bcb0   0x0001bcb0   0x00000088   Code   RO         4080    i.fs_init           fstorage.o
    0x0001bd38   0x0001bd38   0x00000054   Code   RO         4081    i.fs_store          fstorage.o
    0x0001bd8c   0x0001bd8c   0x00000074   Code   RO         4082    i.fs_sys_event_handler  fstorage.o
    0x0001be00   0x0001be00   0x00000048   Code   RO         3816    i.gc_copy_record    fds.o
    0x0001be48   0x0001be48   0x00000080   Code   RO         3817    i.gc_execute        fds.o
    0x0001bec8   0x0001bec8   0x0000004c   Code   RO         3818    i.gc_new_swap_page  fds.o
    0x0001bf14   0x0001bf14   0x00000060   Code   RO         3819    i.gc_page           fds.o
    0x0001bf74   0x0001bf74   0x00000068   Code   RO         3820    i.gc_seek_record    fds.o
    0x0001bfdc   0x0001bfdc   0x00000050   Code   RO         3464    i.gpiote_event_handler  app_button.o
    0x0001c02c   0x0001c02c   0x0000001c   Code   RO         3821    i.header_is_valid   fds.o
    0x0001c048   0x0001c048   0x00000024   Code   RO           26    i.in_pin_handler    main.o
    0x0001c06c   0x0001c06c   0x00000098   Code   RO         3822    i.init_execute      fds.o
    0x0001c104   0x0001c104   0x00000080   Code   RO         4380    i.intern_softdevice_events_execute  softdevice_handler.o
    0x0001c184   0x0001c184   0x000001f0   Code   RO           27    i.isBabyCrying      main.o
    0x0001c374   0x0001c374   0x00000018   Code   RO         3216    i.is_allocated_channel  nrf_drv_ppi.o
    0x0001c38c   0x0001c38c   0x00000018   Code   RO         3217    i.is_allocated_group  nrf_drv_ppi.o
    0x0001c3a4   0x0001c3a4   0x0000000e   Code   RO         3218    i.is_app_channel    nrf_drv_ppi.o
    0x0001c3b2   0x0001c3b2   0x0000000c   Code   RO         3219    i.is_app_group      nrf_drv_ppi.o
    0x0001c3be   0x0001c3be   0x00000002   PAD
    0x0001c3c0   0x0001c3c0   0x0000001c   Code   RO          913    i.is_conn_params_ok  ble_conn_params.o
    0x0001c3dc   0x0001c3dc   0x00000048   Code   RO         4452    i.is_manual_peripheral_setup_needed  system_nrf51.o
    0x0001c424   0x0001c424   0x0000000c   Code   RO         3220    i.is_programmable_app_channel  nrf_drv_ppi.o
    0x0001c430   0x0001c430   0x0000000c   Code   RO         3823    i.is_word_aligned   fds.o
    0x0001c43c   0x0001c43c   0x0000007c   Code   RO           28    i.knockDetect       main.o
    0x0001c4b8   0x0001c4b8   0x00000054   Code   RO          766    i.le_role_encode    ble_advdata.o
    0x0001c50c   0x0001c50c   0x0000007c   Code   RO           29    i.led_pulses        main.o
    0x0001c588   0x0001c588   0x00000018   Code   RO          620    i.leds_timer_handler  bsp.o
    0x0001c5a0   0x0001c5a0   0x000000bc   Code   RO         3602    i.list_deletions_handler  app_timer.o
    0x0001c65c   0x0001c65c   0x000000d4   Code   RO         3603    i.list_insertions_handler  app_timer.o
    0x0001c730   0x0001c730   0x0000012c   Code   RO           30    i.lullabySong       main.o
    0x0001c85c   0x0001c85c   0x0000037c   Code   RO           31    i.main              main.o
    0x0001cbd8   0x0001cbd8   0x00000068   Code   RO          767    i.manuf_specific_data_encode  ble_advdata.o
    0x0001cc40   0x0001cc40   0x00000032   Code   RO           32    i.maxFreqAnalysis   main.o
    0x0001cc72   0x0001cc72   0x00000002   PAD
    0x0001cc74   0x0001cc74   0x00000010   Code   RO           33    i.millis_timer_handler  main.o
    0x0001cc84   0x0001cc84   0x0000009e   Code   RO          768    i.name_encode       ble_advdata.o
    0x0001cd22   0x0001cd22   0x00000002   PAD
    0x0001cd24   0x0001cd24   0x00000040   Code   RO         3349    i.nrf_adc_configure  nrf_adc.o
    0x0001cd64   0x0001cd64   0x00000020   Code   RO         3351    i.nrf_adc_input_select  nrf_adc.o
    0x0001cd84   0x0001cd84   0x0000001c   Code   RO         2424    i.nrf_delay_ms      nrf_delay.o
    0x0001cda0   0x0001cda0   0x00000060   Code   RO         2451    i.nrf_drv_common_irq_enable  nrf_drv_common.o
    0x0001ce00   0x0001ce00   0x00000048   Code   RO         2479    i.nrf_drv_gpiote_in_event_disable  nrf_drv_gpiote.o
    0x0001ce48   0x0001ce48   0x000000a0   Code   RO         2480    i.nrf_drv_gpiote_in_event_enable  nrf_drv_gpiote.o
    0x0001cee8   0x0001cee8   0x000000a4   Code   RO         2481    i.nrf_drv_gpiote_in_init  nrf_drv_gpiote.o
    0x0001cf8c   0x0001cf8c   0x00000014   Code   RO         2482    i.nrf_drv_gpiote_in_is_set  nrf_drv_gpiote.o
    0x0001cfa0   0x0001cfa0   0x00000054   Code   RO         2484    i.nrf_drv_gpiote_init  nrf_drv_gpiote.o
    0x0001cff4   0x0001cff4   0x00000010   Code   RO         2485    i.nrf_drv_gpiote_is_init  nrf_drv_gpiote.o
    0x0001d004   0x0001d004   0x00000098   Code   RO         2487    i.nrf_drv_gpiote_out_init  nrf_drv_gpiote.o
    0x0001d09c   0x0001d09c   0x00000014   Code   RO         2489    i.nrf_drv_gpiote_out_task_addr_get  nrf_drv_gpiote.o
    0x0001d0b0   0x0001d0b0   0x00000030   Code   RO         2491    i.nrf_drv_gpiote_out_task_enable  nrf_drv_gpiote.o
    0x0001d0e0   0x0001d0e0   0x0000002c   Code   RO         2492    i.nrf_drv_gpiote_out_task_force  nrf_drv_gpiote.o
    0x0001d10c   0x0001d10c   0x00000044   Code   RO         2495    i.nrf_drv_gpiote_out_uninit  nrf_drv_gpiote.o
    0x0001d150   0x0001d150   0x00000090   Code   RO         3221    i.nrf_drv_ppi_channel_alloc  nrf_drv_ppi.o
    0x0001d1e0   0x0001d1e0   0x00000040   Code   RO         3222    i.nrf_drv_ppi_channel_assign  nrf_drv_ppi.o
    0x0001d220   0x0001d220   0x00000038   Code   RO         3223    i.nrf_drv_ppi_channel_disable  nrf_drv_ppi.o
    0x0001d258   0x0001d258   0x00000038   Code   RO         3224    i.nrf_drv_ppi_channel_enable  nrf_drv_ppi.o
    0x0001d290   0x0001d290   0x00000070   Code   RO         3225    i.nrf_drv_ppi_channel_free  nrf_drv_ppi.o
    0x0001d300   0x0001d300   0x00000084   Code   RO         3226    i.nrf_drv_ppi_channels_include_in_group  nrf_drv_ppi.o
    0x0001d384   0x0001d384   0x00000084   Code   RO         3227    i.nrf_drv_ppi_channels_remove_from_group  nrf_drv_ppi.o
    0x0001d408   0x0001d408   0x0000008c   Code   RO         3228    i.nrf_drv_ppi_group_alloc  nrf_drv_ppi.o
    0x0001d494   0x0001d494   0x00000030   Code   RO         3230    i.nrf_drv_ppi_group_enable  nrf_drv_ppi.o
    0x0001d4c4   0x0001d4c4   0x00000084   Code   RO         3231    i.nrf_drv_ppi_group_free  nrf_drv_ppi.o
    0x0001d548   0x0001d548   0x00000018   Code   RO         3232    i.nrf_drv_ppi_init  nrf_drv_ppi.o
    0x0001d560   0x0001d560   0x0000000e   Code   RO         3058    i.nrf_drv_timer_capture_get  nrf_drv_timer.o
    0x0001d56e   0x0001d56e   0x0000000c   Code   RO         3059    i.nrf_drv_timer_capture_task_address_get  nrf_drv_timer.o
    0x0001d57a   0x0001d57a   0x00000008   Code   RO         3060    i.nrf_drv_timer_clear  nrf_drv_timer.o
    0x0001d582   0x0001d582   0x0000002a   Code   RO         3061    i.nrf_drv_timer_compare  nrf_drv_timer.o
    0x0001d5ac   0x0001d5ac   0x0000000e   Code   RO         3062    i.nrf_drv_timer_compare_event_address_get  nrf_drv_timer.o
    0x0001d5ba   0x0001d5ba   0x00000012   Code   RO         3063    i.nrf_drv_timer_compare_int_disable  nrf_drv_timer.o
    0x0001d5cc   0x0001d5cc   0x00000022   Code   RO         3064    i.nrf_drv_timer_compare_int_enable  nrf_drv_timer.o
    0x0001d5ee   0x0001d5ee   0x00000002   PAD
    0x0001d5f0   0x0001d5f0   0x00000014   Code   RO         3065    i.nrf_drv_timer_disable  nrf_drv_timer.o
    0x0001d604   0x0001d604   0x00000014   Code   RO         3066    i.nrf_drv_timer_enable  nrf_drv_timer.o
    0x0001d618   0x0001d618   0x0000002e   Code   RO         3068    i.nrf_drv_timer_extended_compare  nrf_drv_timer.o
    0x0001d646   0x0001d646   0x00000002   PAD
    0x0001d648   0x0001d648   0x000000a8   Code   RO         3070    i.nrf_drv_timer_init  nrf_drv_timer.o
    0x0001d6f0   0x0001d6f0   0x00000048   Code   RO         3071    i.nrf_drv_timer_interrupt_handle  nrf_drv_timer.o
    0x0001d738   0x0001d738   0x00000064   Code   RO         3076    i.nrf_drv_timer_uninit  nrf_drv_timer.o
    0x0001d79c   0x0001d79c   0x00000016   Code   RO         3077    i.nrf_drv_timer_us_to_ticks  nrf_drv_timer.o
    0x0001d7b2   0x0001d7b2   0x00000002   PAD
    0x0001d7b4   0x0001d7b4   0x000000b0   Code   RO         2666    i.nrf_drv_uart_init  nrf_drv_uart.o
    0x0001d864   0x0001d864   0x000000b4   Code   RO         2667    i.nrf_drv_uart_rx   nrf_drv_uart.o
    0x0001d918   0x0001d918   0x00000018   Code   RO         2670    i.nrf_drv_uart_rx_enable  nrf_drv_uart.o
    0x0001d930   0x0001d930   0x0000008c   Code   RO         2671    i.nrf_drv_uart_tx   nrf_drv_uart.o
    0x0001d9bc   0x0001d9bc   0x00000024   Code   RO           34    i.nrf_gpio_cfg      main.o
    0x0001d9e0   0x0001d9e0   0x00000024   Code   RO         2497    i.nrf_gpio_cfg      nrf_drv_gpiote.o
    0x0001da04   0x0001da04   0x00000024   Code   RO         2674    i.nrf_gpio_cfg      nrf_drv_uart.o
    0x0001da28   0x0001da28   0x00000012   Code   RO         2498    i.nrf_gpio_cfg_default  nrf_drv_gpiote.o
    0x0001da3a   0x0001da3a   0x00000012   Code   RO         2676    i.nrf_gpio_cfg_input  nrf_drv_uart.o
    0x0001da4c   0x0001da4c   0x00000014   Code   RO           35    i.nrf_gpio_cfg_output  main.o
    0x0001da60   0x0001da60   0x00000014   Code   RO         2677    i.nrf_gpio_cfg_output  nrf_drv_uart.o
    0x0001da74   0x0001da74   0x00000020   Code   RO         2499    i.nrf_gpio_cfg_sense_set  nrf_drv_gpiote.o
    0x0001da94   0x0001da94   0x00000010   Code   RO           36    i.nrf_gpio_pin_set  main.o
    0x0001daa4   0x0001daa4   0x00000014   Code   RO         2500    i.nrf_gpiote_event_is_set  nrf_drv_gpiote.o
    0x0001dab8   0x0001dab8   0x0000000a   Code   RO         2678    i.nrf_uart_event_check  nrf_drv_uart.o
    0x0001dac2   0x0001dac2   0x00000010   Code   RO         2679    i.nrf_uart_int_enable_check  nrf_drv_uart.o
    0x0001dad2   0x0001dad2   0x00000002   PAD
    0x0001dad4   0x0001dad4   0x00000028   Code   RO           37    i.nus_data_handler  main.o
    0x0001dafc   0x0001dafc   0x00000088   Code   RO           39    i.onOffTone         main.o
    0x0001db84   0x0001db84   0x0000002c   Code   RO           40    i.on_adv_evt        main.o
    0x0001dbb0   0x0001dbb0   0x00000084   Code   RO           41    i.on_ble_evt        main.o
    0x0001dc34   0x0001dc34   0x00000024   Code   RO           42    i.on_conn_params_evt  main.o
    0x0001dc58   0x0001dc58   0x0000002c   Code   RO         3824    i.page_from_virtual_id  fds.o
    0x0001dc84   0x0001dc84   0x00000028   Code   RO         3825    i.page_id_from_virtual_id  fds.o
    0x0001dcac   0x0001dcac   0x00000020   Code   RO         3826    i.page_tag_write_swap  fds.o
    0x0001dccc   0x0001dccc   0x00000020   Code   RO         3827    i.page_tag_write_valid  fds.o
    0x0001dcec   0x0001dcec   0x0000014c   Code   RO         3828    i.pages_init        fds.o
    0x0001de38   0x0001de38   0x00000038   Code   RO         4213    i.pan73_workaround  app_pwm.o
    0x0001de70   0x0001de70   0x00000016   Code   RO          844    i.peer_address_exists  ble_advertising.o
    0x0001de86   0x0001de86   0x00000002   PAD
    0x0001de88   0x0001de88   0x00000018   Code   RO         2501    i.pin_in_use_by_port  nrf_drv_gpiote.o
    0x0001dea0   0x0001dea0   0x00000018   Code   RO         2502    i.pin_in_use_by_te  nrf_drv_gpiote.o
    0x0001deb8   0x0001deb8   0x000001a8   Code   RO           43    i.playLullaby       main.o
    0x0001e060   0x0001e060   0x0000003c   Code   RO           44    i.playNote          main.o
    0x0001e09c   0x0001e09c   0x000000e8   Code   RO           45    i.playTone          main.o
    0x0001e184   0x0001e184   0x000009fc   Code   RO         4486    i.pow               m_ps.l(pow.o)
    0x0001eb80   0x0001eb80   0x00000028   Code   RO         2829    i.pstorage_access_status_get  pstorage.o
    0x0001eba8   0x0001eba8   0x00000018   Code   RO         4214    i.pwm_channel_ppi_disable  app_pwm.o
    0x0001ebc0   0x0001ebc0   0x00000080   Code   RO         4215    i.pwm_dealloc       app_pwm.o
    0x0001ec40   0x0001ec40   0x00000014   Code   RO         4216    i.pwm_ppi_disable   app_pwm.o
    0x0001ec54   0x0001ec54   0x0000000c   Code   RO           46    i.pwm_ready_callback  main.o
    0x0001ec60   0x0001ec60   0x00000058   Code   RO         4217    i.pwm_ready_tick    app_pwm.o
    0x0001ecb8   0x0001ecb8   0x00000074   Code   RO         4218    i.pwm_transition_0or100_to_0or100  app_pwm.o
    0x0001ed2c   0x0001ed2c   0x00000110   Code   RO         4219    i.pwm_transition_0or100_to_n  app_pwm.o
    0x0001ee3c   0x0001ee3c   0x00000108   Code   RO         4220    i.pwm_transition_n_to_0or100  app_pwm.o
    0x0001ef44   0x0001ef44   0x000000d4   Code   RO         4221    i.pwm_transition_n_to_m  app_pwm.o
    0x0001f018   0x0001f018   0x00000054   Code   RO         4083    i.queue_process     fstorage.o
    0x0001f06c   0x0001f06c   0x00000054   Code   RO         4084    i.queue_process_impl  fstorage.o
    0x0001f0c0   0x0001f0c0   0x00000078   Code   RO         3829    i.queue_reserve     fds.o
    0x0001f138   0x0001f138   0x00000044   Code   RO         3604    i.rtc1_stop         app_timer.o
    0x0001f17c   0x0001f17c   0x0000002c   Code   RO         2680    i.rx_byte           nrf_drv_uart.o
    0x0001f1a8   0x0001f1a8   0x0000009e   Code   RO          974    i.rx_char_add       ble_nus.o
    0x0001f246   0x0001f246   0x00000002   PAD
    0x0001f248   0x0001f248   0x00000020   Code   RO         2681    i.rx_done_event     nrf_drv_uart.o
    0x0001f268   0x0001f268   0x0000001c   Code   RO         2682    i.rx_enable         nrf_drv_uart.o
    0x0001f284   0x0001f284   0x000000f4   Code   RO           47    i.saveData          main.o
    0x0001f378   0x0001f378   0x000000a0   Code   RO         3830    i.seek_record       fds.o
    0x0001f418   0x0001f418   0x0000006e   Code   RO           48    i.sendBat           main.o
    0x0001f486   0x0001f486   0x00000002   PAD
    0x0001f488   0x0001f488   0x00000034   Code   RO           49    i.sendData          main.o
    0x0001f4bc   0x0001f4bc   0x00000140   Code   RO           50    i.sendSettings      main.o
    0x0001f5fc   0x0001f5fc   0x00000090   Code   RO           51    i.sendToSleep       main.o
    0x0001f68c   0x0001f68c   0x0000008e   Code   RO          769    i.service_data_encode  ble_advdata.o
    0x0001f71a   0x0001f71a   0x00000024   Code   RO           52    i.sleep_mode_enter  main.o
    0x0001f73e   0x0001f73e   0x0000000c   Code   RO         4381    i.softdevice_assertion_handler  softdevice_handler.o
    0x0001f74a   0x0001f74a   0x00000002   PAD
    0x0001f74c   0x0001f74c   0x00000014   Code   RO         4382    i.softdevice_ble_evt_handler_set  softdevice_handler.o
    0x0001f760   0x0001f760   0x00000030   Code   RO         4383    i.softdevice_handler_init  softdevice_handler.o
    0x0001f790   0x0001f790   0x00000014   Code   RO         4386    i.softdevice_sys_evt_handler_set  softdevice_handler.o
    0x0001f7a4   0x0001f7a4   0x00000048   Code   RO         4496    i.sqrt              m_ps.l(sqrt.o)
    0x0001f7ec   0x0001f7ec   0x00000020   Code   RO           53    i.startADC          main.o
    0x0001f80c   0x0001f80c   0x00000048   Code   RO           54    i.startLedPulses    main.o
    0x0001f854   0x0001f854   0x00000028   Code   RO           55    i.startTimers       main.o
    0x0001f87c   0x0001f87c   0x0000011c   Code   RO         3831    i.store_execute     fds.o
    0x0001f998   0x0001f998   0x00000010   Code   RO           56    i.sys_evt_dispatch  main.o
    0x0001f9a8   0x0001f9a8   0x00000010   Code   RO           57    i.test              main.o
    0x0001f9b8   0x0001f9b8   0x00000084   Code   RO         3605    i.timer_list_handler  app_timer.o
    0x0001fa3c   0x0001fa3c   0x00000010   Code   RO         3606    i.timer_list_handler_sched  app_timer.o
    0x0001fa4c   0x0001fa4c   0x00000040   Code   RO         3607    i.timer_list_insert  app_timer.o
    0x0001fa8c   0x0001fa8c   0x00000084   Code   RO         3608    i.timer_timeouts_check  app_timer.o
    0x0001fb10   0x0001fb10   0x00000090   Code   RO           58    i.turnOn            main.o
    0x0001fba0   0x0001fba0   0x0000002c   Code   RO         2683    i.tx_byte           nrf_drv_uart.o
    0x0001fbcc   0x0001fbcc   0x00000080   Code   RO          975    i.tx_char_add       ble_nus.o
    0x0001fc4c   0x0001fc4c   0x00000020   Code   RO         2684    i.tx_done_event     nrf_drv_uart.o
    0x0001fc6c   0x0001fc6c   0x000000c4   Code   RO           59    i.uart_event_handle  main.o
    0x0001fd30   0x0001fd30   0x000000a4   Code   RO         2363    i.uart_event_handler  app_uart_fifo.o
    0x0001fdd4   0x0001fdd4   0x0000000a   Code   RO          770    i.uint16_encode     ble_advdata.o
    0x0001fdde   0x0001fdde   0x00000002   PAD
    0x0001fde0   0x0001fde0   0x00000064   Code   RO          914    i.update_timeout_handler  ble_conn_params.o
    0x0001fe44   0x0001fe44   0x00000054   Code   RO         3609    i.user_id_get       app_timer.o
    0x0001fe98   0x0001fe98   0x00000026   Code   RO         3610    i.user_op_alloc     app_timer.o
    0x0001febe   0x0001febe   0x00000030   Code   RO          771    i.uuid_list_encode  ble_advdata.o
    0x0001feee   0x0001feee   0x000000ae   Code   RO          772    i.uuid_list_sized_encode  ble_advdata.o
    0x0001ff9c   0x0001ff9c   0x00000010   Code   RO          845    i.whitelist_has_entries  ble_advertising.o
    0x0001ffac   0x0001ffac   0x00000158   Code   RO         3832    i.write_enqueue     fds.o
    0x00020104   0x00020104   0x00000054   Code   RO         3833    i.write_space_reserve  fds.o
    0x00020158   0x00020158   0x000000ac   Data   RO           64    .constdata          main.o
    0x00020204   0x00020204   0x00000008   Data   RO           65    .constdata          main.o
    0x0002020c   0x0002020c   0x0000003c   Data   RO          625    .constdata          bsp.o
    0x00020248   0x00020248   0x00000004   Data   RO          917    .constdata          ble_conn_params.o
    0x0002024c   0x0002024c   0x00000010   Data   RO          976    .constdata          ble_nus.o
    0x0002025c   0x0002025c   0x00000020   Data   RO         2365    .constdata          app_uart_fifo.o
    0x0002027c   0x0002027c   0x00000020   Data   RO         2686    .constdata          nrf_drv_uart.o
    0x0002029c   0x0002029c   0x00000010   Data   RO         3078    .constdata          nrf_drv_timer.o
    0x000202ac   0x000202ac   0x00000008   Data   RO         3466    .constdata          app_button.o
    0x000202b4   0x000202b4   0x0000002c   Data   RO         3835    .constdata          fds.o
    0x000202e0   0x000202e0   0x0000000c   Data   RO         4222    .constdata          app_pwm.o
    0x000202ec   0x000202ec   0x00000004   PAD
    0x000202f0   0x000202f0   0x00000088   Data   RO         4487    .constdata          m_ps.l(pow.o)
    0x00020378   0x00020378   0x00000008   Data   RO         4835    .constdata          m_ps.l(qnan.o)
    0x00020380   0x00020380   0x00000020   Data   RO         4882    Region$$Table       anon$$obj.o


    Execution Region RW_IRAM1 (Exec base: 0x20002000, Load base: 0x000203a0, Size: 0x00002260, Max: 0x00006000, ABSOLUTE, COMPRESSED[0x000000f0])

    Exec Addr    Load Addr    Size         Type   Attr      Idx    E Section Name        Object

    0x20002000   COMPRESSED   0x00000284   Data   RW           66    .data               main.o
    0x20002284   COMPRESSED   0x00000018   Data   RW          626    .data               bsp.o
    0x2000229c   COMPRESSED   0x00000008   Data   RW          729    .data               bsp_btn_ble.o
    0x200022a4   COMPRESSED   0x0000001f   Data   RW          847    .data               ble_advertising.o
    0x200022c3   COMPRESSED   0x00000001   PAD
    0x200022c4   COMPRESSED   0x00000014   Data   RW          918    .data               ble_conn_params.o
    0x200022d8   COMPRESSED   0x00000008   Data   RW         2366    .data               app_uart_fifo.o
    0x200022e0   COMPRESSED   0x00000024   Data   RW         2854    .data               pstorage.o
    0x20002304   COMPRESSED   0x00000014   Data   RW         3079    .data               nrf_drv_timer.o
    0x20002318   COMPRESSED   0x00000008   Data   RW         3234    .data               nrf_drv_ppi.o
    0x20002320   COMPRESSED   0x00000014   Data   RW         3467    .data               app_button.o
    0x20002334   COMPRESSED   0x00000020   Data   RW         3611    .data               app_timer.o
    0x20002354   COMPRESSED   0x00000004   Data   RW         3753    .data               retarget.o
    0x20002358   COMPRESSED   0x0000000c   Data   RW         3836    .data               fds.o
    0x20002364   COMPRESSED   0x00000004   Data   RW         4086    .data               fstorage.o
    0x20002368   COMPRESSED   0x00000018   Data   RW         4223    .data               app_pwm.o
    0x20002380   COMPRESSED   0x00000014   Data   RW         4387    .data               softdevice_handler.o
    0x20002394   COMPRESSED   0x00000004   Data   RW         4453    .data               system_nrf51.o
    0x20002398   COMPRESSED   0x00000004   Data   RW         4859    .data               mc_p.l(errno.o)
    0x2000239c   COMPRESSED   0x00000010   Data   RW         3837    fs_data             fds.o
    0x200023ac        -       0x00000020   Zero   RW           60    .bss                main.o
    0x200023cc        -       0x00000020   Zero   RW           61    .bss                main.o
    0x200023ec        -       0x00001140   Zero   RW           62    .bss                main.o
    0x2000352c        -       0x00000024   Zero   RW           63    .bss                main.o
    0x20003550        -       0x00000020   Zero   RW          621    .bss                bsp.o
    0x20003570        -       0x00000020   Zero   RW          622    .bss                bsp.o
    0x20003590        -       0x0000000c   Zero   RW          623    .bss                bsp.o
    0x2000359c        -       0x00000020   Zero   RW          624    .bss                bsp.o
    0x200035bc        -       0x00000103   Zero   RW          846    .bss                ble_advertising.o
    0x200036bf   COMPRESSED   0x00000001   PAD
    0x200036c0        -       0x00000020   Zero   RW          915    .bss                ble_conn_params.o
    0x200036e0        -       0x0000001c   Zero   RW          916    .bss                ble_conn_params.o
    0x200036fc        -       0x00000020   Zero   RW         2364    .bss                app_uart_fifo.o
    0x2000371c        -       0x00000048   Zero   RW         2503    .bss                nrf_drv_gpiote.o
    0x20003764        -       0x00000018   Zero   RW         2685    .bss                nrf_drv_uart.o
    0x2000377c        -       0x000000d8   Zero   RW         2852    .bss                pstorage.o
    0x20003854        -       0x00000020   Zero   RW         3465    .bss                app_button.o
    0x20003874        -       0x00000148   Zero   RW         3834    .bss                fds.o
    0x200039bc        -       0x000000a4   Zero   RW         4085    .bss                fstorage.o
    0x20003a60        -       0x00000800   Zero   RW         4441    STACK               arm_startup_nrf51.o


==============================================================================

Image component sizes


      Code (inc. data)   RO Data    RW Data    ZI Data      Debug   Object Name

       328         34          8         20         32       6374   app_button.o
        28         10          0          0          0       7692   app_error.o
       122          0          0          0          0       4098   app_fifo.o
      2180        110         12         24          0      31449   app_pwm.o
      1700        152          0         32          0      28407   app_timer.o
       416         42         32          8         32      10014   app_uart_fifo.o
        56         18        192          0       2048        676   arm_startup_nrf51.o
      1588          6          0          0          0      18480   ble_advdata.o
      1054         40          0         31        259       8337   ble_advertising.o
       460         58          4         20         60      12772   ble_conn_params.o
       538          6         16          0          0       5470   ble_nus.o
      1086        118         60         24        108      13080   bsp.o
       264         10          0          8          0       3868   bsp_btn_ble.o
      3604        352         44         28        328      35879   fds.o
       774         82          0          4        164      10814   fstorage.o
      6688        652        180        644       4516     157479   main.o
        96          8          0          0          0       3856   nrf_adc.o
        58          4          0          0          0       1703   nrf_delay.o
        96         18          0          0          0       7328   nrf_drv_common.o
      1382        184          0          0         72      27196   nrf_drv_gpiote.o
      1206         78          0          8          0      21533   nrf_drv_ppi.o
       622         52         16         20          0      19554   nrf_drv_timer.o
      1060        116         32          0         24      28448   nrf_drv_uart.o
         0          0          0          0          0       6440   pm_mutex.o
        40         10          0         36        216       9689   pstorage.o
        14          0          0          4          0       2762   retarget.o
       264         24          0         20          0       6444   softdevice_handler.o
       232         36          0          4          0       2243   system_nrf51.o

    ----------------------------------------------------------------------
     25994       2220        632        936       7860     492085   Object Totals
         0          0         32          0          0          0   (incl. Generated)
        38          0          4          1          1          0   (incl. Padding)

    ----------------------------------------------------------------------

      Code (inc. data)   RO Data    RW Data    ZI Data      Debug   Library Member Name

        84         14          0          0          0        340   dunder.o
        44          4          0          0          0         60   fpclassify.o
       172          0          0          0          0         76   poly.o
      2556        196        136          0          0        240   pow.o
         0          0          8          0          0          0   qnan.o
        72          6          0          0          0         76   sqrt.o
        86          0          0          0          0          0   __dczerorl2.o
         0          0          0          0          0          0   entry.o
         0          0          0          0          0          0   entry10a.o
         0          0          0          0          0          0   entry11a.o
         8          4          0          0          0          0   entry2.o
         4          0          0          0          0          0   entry5.o
         0          0          0          0          0          0   entry7b.o
         0          0          0          0          0          0   entry8b.o
         8          4          0          0          0          0   entry9a.o
        12          6          0          4          0         60   errno.o
        30          0          0          0          0          0   handlers.o
        40          0          0          0          0         72   idiv.o
        36          8          0          0          0         68   init.o
         0          0          0          0          0          0   iusefp.o
        32          0          0          0          0         68   llshl.o
        38          0          0          0          0         68   llsshr.o
        34          0          0          0          0         68   llushr.o
        36          0          0          0          0         60   memcpya.o
        36          0          0          0          0        100   memseta.o
      1172         52          0          0          0        324   printf8.o
        44          0          0          0          0         72   uidiv.o
        96          0          0          0          0         84   uldiv.o
        40          2          0          0          0         68   cdrcmple.o
        20          0          0          0          0         68   cfrcmple.o
        56          0          0          0          0         68   d2f.o
       356          4          0          0          0        140   dadd.o
       240          6          0          0          0         84   ddiv.o
       236          0          0          0          0        216   depilogue.o
        72         10          0          0          0         72   dfixi.o
        60         10          0          0          0         68   dfixui.o
        40          6          0          0          0         68   dflti.o
       208          6          0          0          0         88   dmul.o
        44          0          0          0          0         72   dscalb.o
       162          0          0          0          0         80   dsqrt.o
        40          0          0          0          0         60   f2d.o
       178          0          0          0          0        108   fadd.o
       124          0          0          0          0         72   fdiv.o
       130          0          0          0          0        144   fepilogue.o
        50          0          0          0          0         60   ffixi.o
        40          0          0          0          0         60   ffixui.o
        22          0          0          0          0         68   fflti.o
        14          0          0          0          0         68   ffltui.o
       122          0          0          0          0         72   fmul.o
        24          0          0          0          0         60   fscalb.o

    ----------------------------------------------------------------------
      6926        338        144          4          0       3700   Library Totals
         8          0          0          0          0          0   (incl. Padding)

    ----------------------------------------------------------------------

      Code (inc. data)   RO Data    RW Data    ZI Data      Debug   Library Name

      2928        220        144          0          0        792   m_ps.l
      1712         74          0          4          0       1044   mc_p.l
      2278         44          0          0          0       1864   mf_p.l

    ----------------------------------------------------------------------
      6926        338        144          4          0       3700   Library Totals

    ----------------------------------------------------------------------

==============================================================================


      Code (inc. data)   RO Data    RW Data    ZI Data      Debug   

     32920       2558        776        940       7860     481889   Grand Totals
     32920       2558        776        240       7860     481889   ELF Image Totals (compressed)
     32920       2558        776        240          0          0   ROM Totals

==============================================================================

    Total RO  Size (Code + RO Data)                33696 (  32.91kB)
    Total RW  Size (RW Data + ZI Data)              8800 (   8.59kB)
    Total ROM Size (Code + RO Data + RW Data)      33936 (  33.14kB)

==============================================================================

